22:11:11 **** Rebuild of configuration Debug for project salver ****
Info: Internal Builder is used for build
arm-atollic-eabi-gcc -c ..\src\freertos\Source\queue.c -mthumb -mcpu=cortex-m3 -std=gnu11 -DSTM32F10X_CL -DUSE_STDPERIPH_DRIVER -I../src -I..\src\APP -I..\src\freertos\Source\include -I..\src\freertos\Source\portable\GCC\ARM_CM3 -I..\src\HARDWARE -I..\src\SYSTEM -I..\src\task -I../Libraries/STM32F10x_StdPeriph_Driver/inc -I../Libraries/CMSIS/Device/ST/STM32F10x/Include -I../Libraries/CMSIS/Include -O0 -ffunction-sections -fdata-sections -g -fstack-usage -Wall -specs=nano.specs -o src\freertos\Source\queue.o 
arm-atollic-eabi-gcc -c ..\src\HARDWARE\ws2812b.c -mthumb -mcpu=cortex-m3 -std=gnu11 -DSTM32F10X_CL -DUSE_STDPERIPH_DRIVER -I../src -I..\src\APP -I..\src\freertos\Source\include -I..\src\freertos\Source\portable\GCC\ARM_CM3 -I..\src\HARDWARE -I..\src\SYSTEM -I..\src\task -I../Libraries/STM32F10x_StdPeriph_Driver/inc -I../Libraries/CMSIS/Device/ST/STM32F10x/Include -I../Libraries/CMSIS/Include -O0 -ffunction-sections -fdata-sections -g -fstack-usage -Wall -specs=nano.specs -o src\HARDWARE\ws2812b.o 
arm-atollic-eabi-gcc -c ..\src\APP\main.c -mthumb -mcpu=cortex-m3 -std=gnu11 -DSTM32F10X_CL -DUSE_STDPERIPH_DRIVER -I../src -I..\src\APP -I..\src\freertos\Source\include -I..\src\freertos\Source\portable\GCC\ARM_CM3 -I..\src\HARDWARE -I..\src\SYSTEM -I..\src\task -I../Libraries/STM32F10x_StdPeriph_Driver/inc -I../Libraries/CMSIS/Device/ST/STM32F10x/Include -I../Libraries/CMSIS/Include -O0 -ffunction-sections -fdata-sections -g -fstack-usage -Wall -specs=nano.specs -o src\APP\main.o 
arm-atollic-eabi-gcc -c ..\src\SYSTEM\can.c -mthumb -mcpu=cortex-m3 -std=gnu11 -DSTM32F10X_CL -DUSE_STDPERIPH_DRIVER -I../src -I..\src\APP -I..\src\freertos\Source\include -I..\src\freertos\Source\portable\GCC\ARM_CM3 -I..\src\HARDWARE -I..\src\SYSTEM -I..\src\task -I../Libraries/STM32F10x_StdPeriph_Driver/inc -I../Libraries/CMSIS/Device/ST/STM32F10x/Include -I../Libraries/CMSIS/Include -O0 -ffunction-sections -fdata-sections -g -fstack-usage -Wall -specs=nano.specs -o src\SYSTEM\can.o 
arm-atollic-eabi-gcc -c ..\src\task\peridic.c -mthumb -mcpu=cortex-m3 -std=gnu11 -DSTM32F10X_CL -DUSE_STDPERIPH_DRIVER -I../src -I..\src\APP -I..\src\freertos\Source\include -I..\src\freertos\Source\portable\GCC\ARM_CM3 -I..\src\HARDWARE -I..\src\SYSTEM -I..\src\task -I../Libraries/STM32F10x_StdPeriph_Driver/inc -I../Libraries/CMSIS/Device/ST/STM32F10x/Include -I../Libraries/CMSIS/Include -O0 -ffunction-sections -fdata-sections -g -fstack-usage -Wall -specs=nano.specs -o src\task\peridic.o 
arm-atollic-eabi-gcc -c ..\Libraries\STM32F10x_StdPeriph_Driver\src\stm32f10x_rcc.c -mthumb -mcpu=cortex-m3 -std=gnu11 -DSTM32F10X_CL -DUSE_STDPERIPH_DRIVER -I../src -I..\src\APP -I..\src\freertos\Source\include -I..\src\freertos\Source\portable\GCC\ARM_CM3 -I..\src\HARDWARE -I..\src\SYSTEM -I..\src\task -I../Libraries/STM32F10x_StdPeriph_Driver/inc -I../Libraries/CMSIS/Device/ST/STM32F10x/Include -I../Libraries/CMSIS/Include -O0 -ffunction-sections -fdata-sections -g -fstack-usage -Wall -specs=nano.specs -o Libraries\STM32F10x_StdPeriph_Driver\src\stm32f10x_rcc.o 
arm-atollic-eabi-gcc -c ..\src\freertos\Source\timers.c -mthumb -mcpu=cortex-m3 -std=gnu11 -DSTM32F10X_CL -DUSE_STDPERIPH_DRIVER -I../src -I..\src\APP -I..\src\freertos\Source\include -I..\src\freertos\Source\portable\GCC\ARM_CM3 -I..\src\HARDWARE -I..\src\SYSTEM -I..\src\task -I../Libraries/STM32F10x_StdPeriph_Driver/inc -I../Libraries/CMSIS/Device/ST/STM32F10x/Include -I../Libraries/CMSIS/Include -O0 -ffunction-sections -fdata-sections -g -fstack-usage -Wall -specs=nano.specs -o src\freertos\Source\timers.o 
arm-atollic-eabi-gcc -c ..\Libraries\STM32F10x_StdPeriph_Driver\src\stm32f10x_dac.c -mthumb -mcpu=cortex-m3 -std=gnu11 -DSTM32F10X_CL -DUSE_STDPERIPH_DRIVER -I../src -I..\src\APP -I..\src\freertos\Source\include -I..\src\freertos\Source\portable\GCC\ARM_CM3 -I..\src\HARDWARE -I..\src\SYSTEM -I..\src\task -I../Libraries/STM32F10x_StdPeriph_Driver/inc -I../Libraries/CMSIS/Device/ST/STM32F10x/Include -I../Libraries/CMSIS/Include -O0 -ffunction-sections -fdata-sections -g -fstack-usage -Wall -specs=nano.specs -o Libraries\STM32F10x_StdPeriph_Driver\src\stm32f10x_dac.o 
arm-atollic-eabi-gcc -c ..\Libraries\STM32F10x_StdPeriph_Driver\src\stm32f10x_iwdg.c -mthumb -mcpu=cortex-m3 -std=gnu11 -DSTM32F10X_CL -DUSE_STDPERIPH_DRIVER -I../src -I..\src\APP -I..\src\freertos\Source\include -I..\src\freertos\Source\portable\GCC\ARM_CM3 -I..\src\HARDWARE -I..\src\SYSTEM -I..\src\task -I../Libraries/STM32F10x_StdPeriph_Driver/inc -I../Libraries/CMSIS/Device/ST/STM32F10x/Include -I../Libraries/CMSIS/Include -O0 -ffunction-sections -fdata-sections -g -fstack-usage -Wall -specs=nano.specs -o Libraries\STM32F10x_StdPeriph_Driver\src\stm32f10x_iwdg.o 
arm-atollic-eabi-gcc -c ..\Libraries\STM32F10x_StdPeriph_Driver\src\stm32f10x_crc.c -mthumb -mcpu=cortex-m3 -std=gnu11 -DSTM32F10X_CL -DUSE_STDPERIPH_DRIVER -I../src -I..\src\APP -I..\src\freertos\Source\include -I..\src\freertos\Source\portable\GCC\ARM_CM3 -I..\src\HARDWARE -I..\src\SYSTEM -I..\src\task -I../Libraries/STM32F10x_StdPeriph_Driver/inc -I../Libraries/CMSIS/Device/ST/STM32F10x/Include -I../Libraries/CMSIS/Include -O0 -ffunction-sections -fdata-sections -g -fstack-usage -Wall -specs=nano.specs -o Libraries\STM32F10x_StdPeriph_Driver\src\stm32f10x_crc.o 
arm-atollic-eabi-gcc -c ..\src\APP\stm32f10x_it.c -mthumb -mcpu=cortex-m3 -std=gnu11 -DSTM32F10X_CL -DUSE_STDPERIPH_DRIVER -I../src -I..\src\APP -I..\src\freertos\Source\include -I..\src\freertos\Source\portable\GCC\ARM_CM3 -I..\src\HARDWARE -I..\src\SYSTEM -I..\src\task -I../Libraries/STM32F10x_StdPeriph_Driver/inc -I../Libraries/CMSIS/Device/ST/STM32F10x/Include -I../Libraries/CMSIS/Include -O0 -ffunction-sections -fdata-sections -g -fstack-usage -Wall -specs=nano.specs -o src\APP\stm32f10x_it.o 
arm-atollic-eabi-gcc -c -mthumb -mcpu=cortex-m3 -DSTM32F10X_CL -DUSE_STDPERIPH_DRIVER -I../src -I../Libraries/STM32F10x_StdPeriph_Driver/inc -I../Libraries/CMSIS/Device/ST/STM32F10x/Include -I../Libraries/CMSIS/Include -g -Wa,--warn -x assembler-with-cpp -specs=nano.specs -o src\startup_stm32f10x_cl.o ..\src\startup_stm32f10x_cl.s 
arm-atollic-eabi-gcc -c ..\Libraries\STM32F10x_StdPeriph_Driver\src\stm32f10x_can.c -mthumb -mcpu=cortex-m3 -std=gnu11 -DSTM32F10X_CL -DUSE_STDPERIPH_DRIVER -I../src -I..\src\APP -I..\src\freertos\Source\include -I..\src\freertos\Source\portable\GCC\ARM_CM3 -I..\src\HARDWARE -I..\src\SYSTEM -I..\src\task -I../Libraries/STM32F10x_StdPeriph_Driver/inc -I../Libraries/CMSIS/Device/ST/STM32F10x/Include -I../Libraries/CMSIS/Include -O0 -ffunction-sections -fdata-sections -g -fstack-usage -Wall -specs=nano.specs -o Libraries\STM32F10x_StdPeriph_Driver\src\stm32f10x_can.o 
arm-atollic-eabi-gcc -c ..\src\system_stm32f10x.c -mthumb -mcpu=cortex-m3 -std=gnu11 -DSTM32F10X_CL -DUSE_STDPERIPH_DRIVER -I../src -I..\src\APP -I..\src\freertos\Source\include -I..\src\freertos\Source\portable\GCC\ARM_CM3 -I..\src\HARDWARE -I..\src\SYSTEM -I..\src\task -I../Libraries/STM32F10x_StdPeriph_Driver/inc -I../Libraries/CMSIS/Device/ST/STM32F10x/Include -I../Libraries/CMSIS/Include -O0 -ffunction-sections -fdata-sections -g -fstack-usage -Wall -specs=nano.specs -o src\system_stm32f10x.o 
arm-atollic-eabi-gcc -c ..\Libraries\STM32F10x_StdPeriph_Driver\src\misc.c -mthumb -mcpu=cortex-m3 -std=gnu11 -DSTM32F10X_CL -DUSE_STDPERIPH_DRIVER -I../src -I..\src\APP -I..\src\freertos\Source\include -I..\src\freertos\Source\portable\GCC\ARM_CM3 -I..\src\HARDWARE -I..\src\SYSTEM -I..\src\task -I../Libraries/STM32F10x_StdPeriph_Driver/inc -I../Libraries/CMSIS/Device/ST/STM32F10x/Include -I../Libraries/CMSIS/Include -O0 -ffunction-sections -fdata-sections -g -fstack-usage -Wall -specs=nano.specs -o Libraries\STM32F10x_StdPeriph_Driver\src\misc.o 
arm-atollic-eabi-gcc -c ..\src\HARDWARE\bitmap.c -mthumb -mcpu=cortex-m3 -std=gnu11 -DSTM32F10X_CL -DUSE_STDPERIPH_DRIVER -I../src -I..\src\APP -I..\src\freertos\Source\include -I..\src\freertos\Source\portable\GCC\ARM_CM3 -I..\src\HARDWARE -I..\src\SYSTEM -I..\src\task -I../Libraries/STM32F10x_StdPeriph_Driver/inc -I../Libraries/CMSIS/Device/ST/STM32F10x/Include -I../Libraries/CMSIS/Include -O0 -ffunction-sections -fdata-sections -g -fstack-usage -Wall -specs=nano.specs -o src\HARDWARE\bitmap.o 
arm-atollic-eabi-gcc -c ..\src\freertos\Source\list.c -mthumb -mcpu=cortex-m3 -std=gnu11 -DSTM32F10X_CL -DUSE_STDPERIPH_DRIVER -I../src -I..\src\APP -I..\src\freertos\Source\include -I..\src\freertos\Source\portable\GCC\ARM_CM3 -I..\src\HARDWARE -I..\src\SYSTEM -I..\src\task -I../Libraries/STM32F10x_StdPeriph_Driver/inc -I../Libraries/CMSIS/Device/ST/STM32F10x/Include -I../Libraries/CMSIS/Include -O0 -ffunction-sections -fdata-sections -g -fstack-usage -Wall -specs=nano.specs -o src\freertos\Source\list.o 
arm-atollic-eabi-gcc -c ..\src\APP\CanApp.c -mthumb -mcpu=cortex-m3 -std=gnu11 -DSTM32F10X_CL -DUSE_STDPERIPH_DRIVER -I../src -I..\src\APP -I..\src\freertos\Source\include -I..\src\freertos\Source\portable\GCC\ARM_CM3 -I..\src\HARDWARE -I..\src\SYSTEM -I..\src\task -I../Libraries/STM32F10x_StdPeriph_Driver/inc -I../Libraries/CMSIS/Device/ST/STM32F10x/Include -I../Libraries/CMSIS/Include -O0 -ffunction-sections -fdata-sections -g -fstack-usage -Wall -specs=nano.specs -o src\APP\CanApp.o 
arm-atollic-eabi-gcc -c ..\src\freertos\Source\portable\MemMang\heap_4.c -mthumb -mcpu=cortex-m3 -std=gnu11 -DSTM32F10X_CL -DUSE_STDPERIPH_DRIVER -I../src -I..\src\APP -I..\src\freertos\Source\include -I..\src\freertos\Source\portable\GCC\ARM_CM3 -I..\src\HARDWARE -I..\src\SYSTEM -I..\src\task -I../Libraries/STM32F10x_StdPeriph_Driver/inc -I../Libraries/CMSIS/Device/ST/STM32F10x/Include -I../Libraries/CMSIS/Include -O0 -ffunction-sections -fdata-sections -g -fstack-usage -Wall -specs=nano.specs -o src\freertos\Source\portable\MemMang\heap_4.o 
arm-atollic-eabi-gcc -c ..\src\freertos\Source\stream_buffer.c -mthumb -mcpu=cortex-m3 -std=gnu11 -DSTM32F10X_CL -DUSE_STDPERIPH_DRIVER -I../src -I..\src\APP -I..\src\freertos\Source\include -I..\src\freertos\Source\portable\GCC\ARM_CM3 -I..\src\HARDWARE -I..\src\SYSTEM -I..\src\task -I../Libraries/STM32F10x_StdPeriph_Driver/inc -I../Libraries/CMSIS/Device/ST/STM32F10x/Include -I../Libraries/CMSIS/Include -O0 -ffunction-sections -fdata-sections -g -fstack-usage -Wall -specs=nano.specs -o src\freertos\Source\stream_buffer.o 
arm-atollic-eabi-gcc -c ..\src\HARDWARE\led.c -mthumb -mcpu=cortex-m3 -std=gnu11 -DSTM32F10X_CL -DUSE_STDPERIPH_DRIVER -I../src -I..\src\APP -I..\src\freertos\Source\include -I..\src\freertos\Source\portable\GCC\ARM_CM3 -I..\src\HARDWARE -I..\src\SYSTEM -I..\src\task -I../Libraries/STM32F10x_StdPeriph_Driver/inc -I../Libraries/CMSIS/Device/ST/STM32F10x/Include -I../Libraries/CMSIS/Include -O0 -ffunction-sections -fdata-sections -g -fstack-usage -Wall -specs=nano.specs -o src\HARDWARE\led.o 
arm-atollic-eabi-gcc -c ..\Libraries\STM32F10x_StdPeriph_Driver\src\stm32f10x_gpio.c -mthumb -mcpu=cortex-m3 -std=gnu11 -DSTM32F10X_CL -DUSE_STDPERIPH_DRIVER -I../src -I..\src\APP -I..\src\freertos\Source\include -I..\src\freertos\Source\portable\GCC\ARM_CM3 -I..\src\HARDWARE -I..\src\SYSTEM -I..\src\task -I../Libraries/STM32F10x_StdPeriph_Driver/inc -I../Libraries/CMSIS/Device/ST/STM32F10x/Include -I../Libraries/CMSIS/Include -O0 -ffunction-sections -fdata-sections -g -fstack-usage -Wall -specs=nano.specs -o Libraries\STM32F10x_StdPeriph_Driver\src\stm32f10x_gpio.o 
arm-atollic-eabi-gcc -c ..\src\HARDWARE\at24qtxx.c -mthumb -mcpu=cortex-m3 -std=gnu11 -DSTM32F10X_CL -DUSE_STDPERIPH_DRIVER -I../src -I..\src\APP -I..\src\freertos\Source\include -I..\src\freertos\Source\portable\GCC\ARM_CM3 -I..\src\HARDWARE -I..\src\SYSTEM -I..\src\task -I../Libraries/STM32F10x_StdPeriph_Driver/inc -I../Libraries/CMSIS/Device/ST/STM32F10x/Include -I../Libraries/CMSIS/Include -O0 -ffunction-sections -fdata-sections -g -fstack-usage -Wall -specs=nano.specs -o src\HARDWARE\at24qtxx.o 
arm-atollic-eabi-gcc -c ..\src\freertos\Source\tasks.c -mthumb -mcpu=cortex-m3 -std=gnu11 -DSTM32F10X_CL -DUSE_STDPERIPH_DRIVER -I../src -I..\src\APP -I..\src\freertos\Source\include -I..\src\freertos\Source\portable\GCC\ARM_CM3 -I..\src\HARDWARE -I..\src\SYSTEM -I..\src\task -I../Libraries/STM32F10x_StdPeriph_Driver/inc -I../Libraries/CMSIS/Device/ST/STM32F10x/Include -I../Libraries/CMSIS/Include -O0 -ffunction-sections -fdata-sections -g -fstack-usage -Wall -specs=nano.specs -o src\freertos\Source\tasks.o 
arm-atollic-eabi-gcc -c ..\src\SYSTEM\iic.c -mthumb -mcpu=cortex-m3 -std=gnu11 -DSTM32F10X_CL -DUSE_STDPERIPH_DRIVER -I../src -I..\src\APP -I..\src\freertos\Source\include -I..\src\freertos\Source\portable\GCC\ARM_CM3 -I..\src\HARDWARE -I..\src\SYSTEM -I..\src\task -I../Libraries/STM32F10x_StdPeriph_Driver/inc -I../Libraries/CMSIS/Device/ST/STM32F10x/Include -I../Libraries/CMSIS/Include -O0 -ffunction-sections -fdata-sections -g -fstack-usage -Wall -specs=nano.specs -o src\SYSTEM\iic.o 
arm-atollic-eabi-gcc -c ..\Libraries\STM32F10x_StdPeriph_Driver\src\stm32f10x_wwdg.c -mthumb -mcpu=cortex-m3 -std=gnu11 -DSTM32F10X_CL -DUSE_STDPERIPH_DRIVER -I../src -I..\src\APP -I..\src\freertos\Source\include -I..\src\freertos\Source\portable\GCC\ARM_CM3 -I..\src\HARDWARE -I..\src\SYSTEM -I..\src\task -I../Libraries/STM32F10x_StdPeriph_Driver/inc -I../Libraries/CMSIS/Device/ST/STM32F10x/Include -I../Libraries/CMSIS/Include -O0 -ffunction-sections -fdata-sections -g -fstack-usage -Wall -specs=nano.specs -o Libraries\STM32F10x_StdPeriph_Driver\src\stm32f10x_wwdg.o 
arm-atollic-eabi-gcc -c ..\src\SYSTEM\wwdog.c -mthumb -mcpu=cortex-m3 -std=gnu11 -DSTM32F10X_CL -DUSE_STDPERIPH_DRIVER -I../src -I..\src\APP -I..\src\freertos\Source\include -I..\src\freertos\Source\portable\GCC\ARM_CM3 -I..\src\HARDWARE -I..\src\SYSTEM -I..\src\task -I../Libraries/STM32F10x_StdPeriph_Driver/inc -I../Libraries/CMSIS/Device/ST/STM32F10x/Include -I../Libraries/CMSIS/Include -O0 -ffunction-sections -fdata-sections -g -fstack-usage -Wall -specs=nano.specs -o src\SYSTEM\wwdog.o 
arm-atollic-eabi-gcc -c ..\Libraries\STM32F10x_StdPeriph_Driver\src\stm32f10x_usart.c -mthumb -mcpu=cortex-m3 -std=gnu11 -DSTM32F10X_CL -DUSE_STDPERIPH_DRIVER -I../src -I..\src\APP -I..\src\freertos\Source\include -I..\src\freertos\Source\portable\GCC\ARM_CM3 -I..\src\HARDWARE -I..\src\SYSTEM -I..\src\task -I../Libraries/STM32F10x_StdPeriph_Driver/inc -I../Libraries/CMSIS/Device/ST/STM32F10x/Include -I../Libraries/CMSIS/Include -O0 -ffunction-sections -fdata-sections -g -fstack-usage -Wall -specs=nano.specs -o Libraries\STM32F10x_StdPeriph_Driver\src\stm32f10x_usart.o 
arm-atollic-eabi-gcc -c ..\src\freertos\Source\event_groups.c -mthumb -mcpu=cortex-m3 -std=gnu11 -DSTM32F10X_CL -DUSE_STDPERIPH_DRIVER -I../src -I..\src\APP -I..\src\freertos\Source\include -I..\src\freertos\Source\portable\GCC\ARM_CM3 -I..\src\HARDWARE -I..\src\SYSTEM -I..\src\task -I../Libraries/STM32F10x_StdPeriph_Driver/inc -I../Libraries/CMSIS/Device/ST/STM32F10x/Include -I../Libraries/CMSIS/Include -O0 -ffunction-sections -fdata-sections -g -fstack-usage -Wall -specs=nano.specs -o src\freertos\Source\event_groups.o 
arm-atollic-eabi-gcc -c ..\src\SYSTEM\sys.c -mthumb -mcpu=cortex-m3 -std=gnu11 -DSTM32F10X_CL -DUSE_STDPERIPH_DRIVER -I../src -I..\src\APP -I..\src\freertos\Source\include -I..\src\freertos\Source\portable\GCC\ARM_CM3 -I..\src\HARDWARE -I..\src\SYSTEM -I..\src\task -I../Libraries/STM32F10x_StdPeriph_Driver/inc -I../Libraries/CMSIS/Device/ST/STM32F10x/Include -I../Libraries/CMSIS/Include -O0 -ffunction-sections -fdata-sections -g -fstack-usage -Wall -specs=nano.specs -o src\SYSTEM\sys.o 
arm-atollic-eabi-gcc -c ..\src\freertos\Source\croutine.c -mthumb -mcpu=cortex-m3 -std=gnu11 -DSTM32F10X_CL -DUSE_STDPERIPH_DRIVER -I../src -I..\src\APP -I..\src\freertos\Source\include -I..\src\freertos\Source\portable\GCC\ARM_CM3 -I..\src\HARDWARE -I..\src\SYSTEM -I..\src\task -I../Libraries/STM32F10x_StdPeriph_Driver/inc -I../Libraries/CMSIS/Device/ST/STM32F10x/Include -I../Libraries/CMSIS/Include -O0 -ffunction-sections -fdata-sections -g -fstack-usage -Wall -specs=nano.specs -o src\freertos\Source\croutine.o 
arm-atollic-eabi-gcc -c ..\src\SYSTEM\gpioInit.c -mthumb -mcpu=cortex-m3 -std=gnu11 -DSTM32F10X_CL -DUSE_STDPERIPH_DRIVER -I../src -I..\src\APP -I..\src\freertos\Source\include -I..\src\freertos\Source\portable\GCC\ARM_CM3 -I..\src\HARDWARE -I..\src\SYSTEM -I..\src\task -I../Libraries/STM32F10x_StdPeriph_Driver/inc -I../Libraries/CMSIS/Device/ST/STM32F10x/Include -I../Libraries/CMSIS/Include -O0 -ffunction-sections -fdata-sections -g -fstack-usage -Wall -specs=nano.specs -o src\SYSTEM\gpioInit.o 
arm-atollic-eabi-gcc -c ..\src\SYSTEM\rand.c -mthumb -mcpu=cortex-m3 -std=gnu11 -DSTM32F10X_CL -DUSE_STDPERIPH_DRIVER -I../src -I..\src\APP -I..\src\freertos\Source\include -I..\src\freertos\Source\portable\GCC\ARM_CM3 -I..\src\HARDWARE -I..\src\SYSTEM -I..\src\task -I../Libraries/STM32F10x_StdPeriph_Driver/inc -I../Libraries/CMSIS/Device/ST/STM32F10x/Include -I../Libraries/CMSIS/Include -O0 -ffunction-sections -fdata-sections -g -fstack-usage -Wall -specs=nano.specs -o src\SYSTEM\rand.o 
arm-atollic-eabi-gcc -c ..\Libraries\STM32F10x_StdPeriph_Driver\src\stm32f10x_dbgmcu.c -mthumb -mcpu=cortex-m3 -std=gnu11 -DSTM32F10X_CL -DUSE_STDPERIPH_DRIVER -I../src -I..\src\APP -I..\src\freertos\Source\include -I..\src\freertos\Source\portable\GCC\ARM_CM3 -I..\src\HARDWARE -I..\src\SYSTEM -I..\src\task -I../Libraries/STM32F10x_StdPeriph_Driver/inc -I../Libraries/CMSIS/Device/ST/STM32F10x/Include -I../Libraries/CMSIS/Include -O0 -ffunction-sections -fdata-sections -g -fstack-usage -Wall -specs=nano.specs -o Libraries\STM32F10x_StdPeriph_Driver\src\stm32f10x_dbgmcu.o 
arm-atollic-eabi-gcc -c ..\Libraries\STM32F10x_StdPeriph_Driver\src\stm32f10x_bkp.c -mthumb -mcpu=cortex-m3 -std=gnu11 -DSTM32F10X_CL -DUSE_STDPERIPH_DRIVER -I../src -I..\src\APP -I..\src\freertos\Source\include -I..\src\freertos\Source\portable\GCC\ARM_CM3 -I..\src\HARDWARE -I..\src\SYSTEM -I..\src\task -I../Libraries/STM32F10x_StdPeriph_Driver/inc -I../Libraries/CMSIS/Device/ST/STM32F10x/Include -I../Libraries/CMSIS/Include -O0 -ffunction-sections -fdata-sections -g -fstack-usage -Wall -specs=nano.specs -o Libraries\STM32F10x_StdPeriph_Driver\src\stm32f10x_bkp.o 
arm-atollic-eabi-gcc -c ..\Libraries\STM32F10x_StdPeriph_Driver\src\stm32f10x_pwr.c -mthumb -mcpu=cortex-m3 -std=gnu11 -DSTM32F10X_CL -DUSE_STDPERIPH_DRIVER -I../src -I..\src\APP -I..\src\freertos\Source\include -I..\src\freertos\Source\portable\GCC\ARM_CM3 -I..\src\HARDWARE -I..\src\SYSTEM -I..\src\task -I../Libraries/STM32F10x_StdPeriph_Driver/inc -I../Libraries/CMSIS/Device/ST/STM32F10x/Include -I../Libraries/CMSIS/Include -O0 -ffunction-sections -fdata-sections -g -fstack-usage -Wall -specs=nano.specs -o Libraries\STM32F10x_StdPeriph_Driver\src\stm32f10x_pwr.o 
arm-atollic-eabi-gcc -c ..\src\APP\FreeRTOSHook.c -mthumb -mcpu=cortex-m3 -std=gnu11 -DSTM32F10X_CL -DUSE_STDPERIPH_DRIVER -I../src -I..\src\APP -I..\src\freertos\Source\include -I..\src\freertos\Source\portable\GCC\ARM_CM3 -I..\src\HARDWARE -I..\src\SYSTEM -I..\src\task -I../Libraries/STM32F10x_StdPeriph_Driver/inc -I../Libraries/CMSIS/Device/ST/STM32F10x/Include -I../Libraries/CMSIS/Include -O0 -ffunction-sections -fdata-sections -g -fstack-usage -Wall -specs=nano.specs -o src\APP\FreeRTOSHook.o 
arm-atollic-eabi-gcc -c ..\src\freertos\Source\portable\GCC\ARM_CM3\port.c -mthumb -mcpu=cortex-m3 -std=gnu11 -DSTM32F10X_CL -DUSE_STDPERIPH_DRIVER -I../src -I..\src\APP -I..\src\freertos\Source\include -I..\src\freertos\Source\portable\GCC\ARM_CM3 -I..\src\HARDWARE -I..\src\SYSTEM -I..\src\task -I../Libraries/STM32F10x_StdPeriph_Driver/inc -I../Libraries/CMSIS/Device/ST/STM32F10x/Include -I../Libraries/CMSIS/Include -O0 -ffunction-sections -fdata-sections -g -fstack-usage -Wall -specs=nano.specs -o src\freertos\Source\portable\GCC\ARM_CM3\port.o 
arm-atollic-eabi-gcc -c ..\Libraries\STM32F10x_StdPeriph_Driver\src\stm32f10x_rtc.c -mthumb -mcpu=cortex-m3 -std=gnu11 -DSTM32F10X_CL -DUSE_STDPERIPH_DRIVER -I../src -I..\src\APP -I..\src\freertos\Source\include -I..\src\freertos\Source\portable\GCC\ARM_CM3 -I..\src\HARDWARE -I..\src\SYSTEM -I..\src\task -I../Libraries/STM32F10x_StdPeriph_Driver/inc -I../Libraries/CMSIS/Device/ST/STM32F10x/Include -I../Libraries/CMSIS/Include -O0 -ffunction-sections -fdata-sections -g -fstack-usage -Wall -specs=nano.specs -o Libraries\STM32F10x_StdPeriph_Driver\src\stm32f10x_rtc.o 
arm-atollic-eabi-gcc -c ..\Libraries\STM32F10x_StdPeriph_Driver\src\stm32f10x_flash.c -mthumb -mcpu=cortex-m3 -std=gnu11 -DSTM32F10X_CL -DUSE_STDPERIPH_DRIVER -I../src -I..\src\APP -I..\src\freertos\Source\include -I..\src\freertos\Source\portable\GCC\ARM_CM3 -I..\src\HARDWARE -I..\src\SYSTEM -I..\src\task -I../Libraries/STM32F10x_StdPeriph_Driver/inc -I../Libraries/CMSIS/Device/ST/STM32F10x/Include -I../Libraries/CMSIS/Include -O0 -ffunction-sections -fdata-sections -g -fstack-usage -Wall -specs=nano.specs -o Libraries\STM32F10x_StdPeriph_Driver\src\stm32f10x_flash.o 
arm-atollic-eabi-gcc -c ..\src\SYSTEM\delay.c -mthumb -mcpu=cortex-m3 -std=gnu11 -DSTM32F10X_CL -DUSE_STDPERIPH_DRIVER -I../src -I..\src\APP -I..\src\freertos\Source\include -I..\src\freertos\Source\portable\GCC\ARM_CM3 -I..\src\HARDWARE -I..\src\SYSTEM -I..\src\task -I../Libraries/STM32F10x_StdPeriph_Driver/inc -I../Libraries/CMSIS/Device/ST/STM32F10x/Include -I../Libraries/CMSIS/Include -O0 -ffunction-sections -fdata-sections -g -fstack-usage -Wall -specs=nano.specs -o src\SYSTEM\delay.o 
arm-atollic-eabi-gcc -c ..\Libraries\STM32F10x_StdPeriph_Driver\src\stm32f10x_tim.c -mthumb -mcpu=cortex-m3 -std=gnu11 -DSTM32F10X_CL -DUSE_STDPERIPH_DRIVER -I../src -I..\src\APP -I..\src\freertos\Source\include -I..\src\freertos\Source\portable\GCC\ARM_CM3 -I..\src\HARDWARE -I..\src\SYSTEM -I..\src\task -I../Libraries/STM32F10x_StdPeriph_Driver/inc -I../Libraries/CMSIS/Device/ST/STM32F10x/Include -I../Libraries/CMSIS/Include -O0 -ffunction-sections -fdata-sections -g -fstack-usage -Wall -specs=nano.specs -o Libraries\STM32F10x_StdPeriph_Driver\src\stm32f10x_tim.o 
arm-atollic-eabi-gcc -c ..\Libraries\STM32F10x_StdPeriph_Driver\src\stm32f10x_fsmc.c -mthumb -mcpu=cortex-m3 -std=gnu11 -DSTM32F10X_CL -DUSE_STDPERIPH_DRIVER -I../src -I..\src\APP -I..\src\freertos\Source\include -I..\src\freertos\Source\portable\GCC\ARM_CM3 -I..\src\HARDWARE -I..\src\SYSTEM -I..\src\task -I../Libraries/STM32F10x_StdPeriph_Driver/inc -I../Libraries/CMSIS/Device/ST/STM32F10x/Include -I../Libraries/CMSIS/Include -O0 -ffunction-sections -fdata-sections -g -fstack-usage -Wall -specs=nano.specs -o Libraries\STM32F10x_StdPeriph_Driver\src\stm32f10x_fsmc.o 
arm-atollic-eabi-gcc -c ..\Libraries\STM32F10x_StdPeriph_Driver\src\stm32f10x_sdio.c -mthumb -mcpu=cortex-m3 -std=gnu11 -DSTM32F10X_CL -DUSE_STDPERIPH_DRIVER -I../src -I..\src\APP -I..\src\freertos\Source\include -I..\src\freertos\Source\portable\GCC\ARM_CM3 -I..\src\HARDWARE -I..\src\SYSTEM -I..\src\task -I../Libraries/STM32F10x_StdPeriph_Driver/inc -I../Libraries/CMSIS/Device/ST/STM32F10x/Include -I../Libraries/CMSIS/Include -O0 -ffunction-sections -fdata-sections -g -fstack-usage -Wall -specs=nano.specs -o Libraries\STM32F10x_StdPeriph_Driver\src\stm32f10x_sdio.o 
arm-atollic-eabi-gcc -c ..\Libraries\STM32F10x_StdPeriph_Driver\src\stm32f10x_i2c.c -mthumb -mcpu=cortex-m3 -std=gnu11 -DSTM32F10X_CL -DUSE_STDPERIPH_DRIVER -I../src -I..\src\APP -I..\src\freertos\Source\include -I..\src\freertos\Source\portable\GCC\ARM_CM3 -I..\src\HARDWARE -I..\src\SYSTEM -I..\src\task -I../Libraries/STM32F10x_StdPeriph_Driver/inc -I../Libraries/CMSIS/Device/ST/STM32F10x/Include -I../Libraries/CMSIS/Include -O0 -ffunction-sections -fdata-sections -g -fstack-usage -Wall -specs=nano.specs -o Libraries\STM32F10x_StdPeriph_Driver\src\stm32f10x_i2c.o 
arm-atollic-eabi-gcc -c ..\Libraries\STM32F10x_StdPeriph_Driver\src\stm32f10x_adc.c -mthumb -mcpu=cortex-m3 -std=gnu11 -DSTM32F10X_CL -DUSE_STDPERIPH_DRIVER -I../src -I..\src\APP -I..\src\freertos\Source\include -I..\src\freertos\Source\portable\GCC\ARM_CM3 -I..\src\HARDWARE -I..\src\SYSTEM -I..\src\task -I../Libraries/STM32F10x_StdPeriph_Driver/inc -I../Libraries/CMSIS/Device/ST/STM32F10x/Include -I../Libraries/CMSIS/Include -O0 -ffunction-sections -fdata-sections -g -fstack-usage -Wall -specs=nano.specs -o Libraries\STM32F10x_StdPeriph_Driver\src\stm32f10x_adc.o 
arm-atollic-eabi-gcc -c ..\Libraries\STM32F10x_StdPeriph_Driver\src\stm32f10x_cec.c -mthumb -mcpu=cortex-m3 -std=gnu11 -DSTM32F10X_CL -DUSE_STDPERIPH_DRIVER -I../src -I..\src\APP -I..\src\freertos\Source\include -I..\src\freertos\Source\portable\GCC\ARM_CM3 -I..\src\HARDWARE -I..\src\SYSTEM -I..\src\task -I../Libraries/STM32F10x_StdPeriph_Driver/inc -I../Libraries/CMSIS/Device/ST/STM32F10x/Include -I../Libraries/CMSIS/Include -O0 -ffunction-sections -fdata-sections -g -fstack-usage -Wall -specs=nano.specs -o Libraries\STM32F10x_StdPeriph_Driver\src\stm32f10x_cec.o 
arm-atollic-eabi-gcc -c ..\Libraries\STM32F10x_StdPeriph_Driver\src\stm32f10x_exti.c -mthumb -mcpu=cortex-m3 -std=gnu11 -DSTM32F10X_CL -DUSE_STDPERIPH_DRIVER -I../src -I..\src\APP -I..\src\freertos\Source\include -I..\src\freertos\Source\portable\GCC\ARM_CM3 -I..\src\HARDWARE -I..\src\SYSTEM -I..\src\task -I../Libraries/STM32F10x_StdPeriph_Driver/inc -I../Libraries/CMSIS/Device/ST/STM32F10x/Include -I../Libraries/CMSIS/Include -O0 -ffunction-sections -fdata-sections -g -fstack-usage -Wall -specs=nano.specs -o Libraries\STM32F10x_StdPeriph_Driver\src\stm32f10x_exti.o 
arm-atollic-eabi-gcc -c ..\Libraries\STM32F10x_StdPeriph_Driver\src\stm32f10x_spi.c -mthumb -mcpu=cortex-m3 -std=gnu11 -DSTM32F10X_CL -DUSE_STDPERIPH_DRIVER -I../src -I..\src\APP -I..\src\freertos\Source\include -I..\src\freertos\Source\portable\GCC\ARM_CM3 -I..\src\HARDWARE -I..\src\SYSTEM -I..\src\task -I../Libraries/STM32F10x_StdPeriph_Driver/inc -I../Libraries/CMSIS/Device/ST/STM32F10x/Include -I../Libraries/CMSIS/Include -O0 -ffunction-sections -fdata-sections -g -fstack-usage -Wall -specs=nano.specs -o Libraries\STM32F10x_StdPeriph_Driver\src\stm32f10x_spi.o 
arm-atollic-eabi-gcc -c ..\src\SYSTEM\sysclock.c -mthumb -mcpu=cortex-m3 -std=gnu11 -DSTM32F10X_CL -DUSE_STDPERIPH_DRIVER -I../src -I..\src\APP -I..\src\freertos\Source\include -I..\src\freertos\Source\portable\GCC\ARM_CM3 -I..\src\HARDWARE -I..\src\SYSTEM -I..\src\task -I../Libraries/STM32F10x_StdPeriph_Driver/inc -I../Libraries/CMSIS/Device/ST/STM32F10x/Include -I../Libraries/CMSIS/Include -O0 -ffunction-sections -fdata-sections -g -fstack-usage -Wall -specs=nano.specs -o src\SYSTEM\sysclock.o 
arm-atollic-eabi-gcc -c ..\Libraries\STM32F10x_StdPeriph_Driver\src\stm32f10x_dma.c -mthumb -mcpu=cortex-m3 -std=gnu11 -DSTM32F10X_CL -DUSE_STDPERIPH_DRIVER -I../src -I..\src\APP -I..\src\freertos\Source\include -I..\src\freertos\Source\portable\GCC\ARM_CM3 -I..\src\HARDWARE -I..\src\SYSTEM -I..\src\task -I../Libraries/STM32F10x_StdPeriph_Driver/inc -I../Libraries/CMSIS/Device/ST/STM32F10x/Include -I../Libraries/CMSIS/Include -O0 -ffunction-sections -fdata-sections -g -fstack-usage -Wall -specs=nano.specs -o Libraries\STM32F10x_StdPeriph_Driver\src\stm32f10x_dma.o 
arm-atollic-eabi-gcc -c ..\src\HARDWARE\eeprom.c -mthumb -mcpu=cortex-m3 -std=gnu11 -DSTM32F10X_CL -DUSE_STDPERIPH_DRIVER -I../src -I..\src\APP -I..\src\freertos\Source\include -I..\src\freertos\Source\portable\GCC\ARM_CM3 -I..\src\HARDWARE -I..\src\SYSTEM -I..\src\task -I../Libraries/STM32F10x_StdPeriph_Driver/inc -I../Libraries/CMSIS/Device/ST/STM32F10x/Include -I../Libraries/CMSIS/Include -O0 -ffunction-sections -fdata-sections -g -fstack-usage -Wall -specs=nano.specs -o src\HARDWARE\eeprom.o 
arm-atollic-eabi-gcc -c ..\src\SYSTEM\iwdog.c -mthumb -mcpu=cortex-m3 -std=gnu11 -DSTM32F10X_CL -DUSE_STDPERIPH_DRIVER -I../src -I..\src\APP -I..\src\freertos\Source\include -I..\src\freertos\Source\portable\GCC\ARM_CM3 -I..\src\HARDWARE -I..\src\SYSTEM -I..\src\task -I../Libraries/STM32F10x_StdPeriph_Driver/inc -I../Libraries/CMSIS/Device/ST/STM32F10x/Include -I../Libraries/CMSIS/Include -O0 -ffunction-sections -fdata-sections -g -fstack-usage -Wall -specs=nano.specs -o src\SYSTEM\iwdog.o 
arm-atollic-eabi-gcc -o salver.elf Libraries\STM32F10x_StdPeriph_Driver\src\misc.o Libraries\STM32F10x_StdPeriph_Driver\src\stm32f10x_adc.o Libraries\STM32F10x_StdPeriph_Driver\src\stm32f10x_bkp.o Libraries\STM32F10x_StdPeriph_Driver\src\stm32f10x_can.o Libraries\STM32F10x_StdPeriph_Driver\src\stm32f10x_cec.o Libraries\STM32F10x_StdPeriph_Driver\src\stm32f10x_crc.o Libraries\STM32F10x_StdPeriph_Driver\src\stm32f10x_dac.o Libraries\STM32F10x_StdPeriph_Driver\src\stm32f10x_dbgmcu.o Libraries\STM32F10x_StdPeriph_Driver\src\stm32f10x_dma.o Libraries\STM32F10x_StdPeriph_Driver\src\stm32f10x_exti.o Libraries\STM32F10x_StdPeriph_Driver\src\stm32f10x_flash.o Libraries\STM32F10x_StdPeriph_Driver\src\stm32f10x_fsmc.o Libraries\STM32F10x_StdPeriph_Driver\src\stm32f10x_gpio.o Libraries\STM32F10x_StdPeriph_Driver\src\stm32f10x_i2c.o Libraries\STM32F10x_StdPeriph_Driver\src\stm32f10x_iwdg.o Libraries\STM32F10x_StdPeriph_Driver\src\stm32f10x_pwr.o Libraries\STM32F10x_StdPeriph_Driver\src\stm32f10x_rcc.o Libraries\STM32F10x_StdPeriph_Driver\src\stm32f10x_rtc.o Libraries\STM32F10x_StdPeriph_Driver\src\stm32f10x_sdio.o Libraries\STM32F10x_StdPeriph_Driver\src\stm32f10x_spi.o Libraries\STM32F10x_StdPeriph_Driver\src\stm32f10x_tim.o Libraries\STM32F10x_StdPeriph_Driver\src\stm32f10x_usart.o Libraries\STM32F10x_StdPeriph_Driver\src\stm32f10x_wwdg.o src\APP\CanApp.o src\APP\FreeRTOSHook.o src\APP\main.o src\APP\stm32f10x_it.o src\HARDWARE\at24qtxx.o src\HARDWARE\bitmap.o src\HARDWARE\eeprom.o src\HARDWARE\led.o src\HARDWARE\ws2812b.o src\SYSTEM\can.o src\SYSTEM\delay.o src\SYSTEM\gpioInit.o src\SYSTEM\iic.o src\SYSTEM\iwdog.o src\SYSTEM\rand.o src\SYSTEM\sys.o src\SYSTEM\sysclock.o src\SYSTEM\wwdog.o src\freertos\Source\croutine.o src\freertos\Source\event_groups.o src\freertos\Source\list.o src\freertos\Source\portable\GCC\ARM_CM3\port.o src\freertos\Source\portable\MemMang\heap_4.o src\freertos\Source\queue.o src\freertos\Source\stream_buffer.o src\freertos\Source\tasks.o src\freertos\Source\timers.o src\startup_stm32f10x_cl.o src\system_stm32f10x.o src\task\peridic.o -mthumb -mcpu=cortex-m3 -T../stm32_flash.ld -specs=nosys.specs -static -Wl,-cref,-u,Reset_Handler -Wl,-Map=salver.map -Wl,--gc-sections -Wl,--defsym=malloc_getpagesize_P=0x80 -Wl,--start-group -lc -lm -Wl,--end-group -specs=nano.specs 
C:\Program Files (x86)\Atollic\TrueSTUDIO for STM32 9.0.1\ide\jre\bin\java -jar C:\Program Files (x86)\Atollic\TrueSTUDIO for STM32 9.0.1\Tools\arm-atollic-reports.jar sizeinfo list salver.elf 
Generate build reports...
Print size information
   text	   data	    bss	    dec	    hex	filename
  16992	     20	  21280	  38292	   9594	salver.elf
Print size information done
Generate listing file
Output sent to: salver.list
Generate listing file done
Generate build reports done
Info: Nothing to build for salver
Info: Nothing to build for salver
Info: Nothing to build for salver
08:58:56 **** Incremental Build of configuration Debug for project salver ****
Info: Internal Builder is used for build
arm-atollic-eabi-gcc -c ..\src\HARDWARE\at24qtxx.c -mthumb -mcpu=cortex-m3 -std=gnu11 -DSTM32F10X_CL -DUSE_STDPERIPH_DRIVER -I../src -I..\src\APP -I..\src\freertos\Source\include -I..\src\freertos\Source\portable\GCC\ARM_CM3 -I..\src\HARDWARE -I..\src\SYSTEM -I..\src\task -I../Libraries/STM32F10x_StdPeriph_Driver/inc -I../Libraries/CMSIS/Device/ST/STM32F10x/Include -I../Libraries/CMSIS/Include -O0 -ffunction-sections -fdata-sections -g -fstack-usage -Wall -specs=nano.specs -o src\HARDWARE\at24qtxx.o 
..\src\HARDWARE\at24qtxx.c: In function 'vTimerCallback':
..\src\HARDWARE\at24qtxx.c:75:4: error: unknown type name 'can_frame_t'
    can_frame_t frame;
    ^~~~~~~~~~~
..\src\HARDWARE\at24qtxx.c:76:4: warning: implicit declaration of function 'CanAppSendMsg' [-Wimplicit-function-declaration]
    CanAppSendMsg(&frame);
    ^~~~~~~~~~~~~
08:59:48 **** Incremental Build of configuration Debug for project salver ****
Info: Internal Builder is used for build
arm-atollic-eabi-gcc -c ..\src\HARDWARE\at24qtxx.c -mthumb -mcpu=cortex-m3 -std=gnu11 -DSTM32F10X_CL -DUSE_STDPERIPH_DRIVER -I../src -I..\src\APP -I..\src\freertos\Source\include -I..\src\freertos\Source\portable\GCC\ARM_CM3 -I..\src\HARDWARE -I..\src\SYSTEM -I..\src\task -I../Libraries/STM32F10x_StdPeriph_Driver/inc -I../Libraries/CMSIS/Device/ST/STM32F10x/Include -I../Libraries/CMSIS/Include -O0 -ffunction-sections -fdata-sections -g -fstack-usage -Wall -specs=nano.specs -o src\HARDWARE\at24qtxx.o 
arm-atollic-eabi-gcc -o salver.elf Libraries\STM32F10x_StdPeriph_Driver\src\misc.o Libraries\STM32F10x_StdPeriph_Driver\src\stm32f10x_adc.o Libraries\STM32F10x_StdPeriph_Driver\src\stm32f10x_bkp.o Libraries\STM32F10x_StdPeriph_Driver\src\stm32f10x_can.o Libraries\STM32F10x_StdPeriph_Driver\src\stm32f10x_cec.o Libraries\STM32F10x_StdPeriph_Driver\src\stm32f10x_crc.o Libraries\STM32F10x_StdPeriph_Driver\src\stm32f10x_dac.o Libraries\STM32F10x_StdPeriph_Driver\src\stm32f10x_dbgmcu.o Libraries\STM32F10x_StdPeriph_Driver\src\stm32f10x_dma.o Libraries\STM32F10x_StdPeriph_Driver\src\stm32f10x_exti.o Libraries\STM32F10x_StdPeriph_Driver\src\stm32f10x_flash.o Libraries\STM32F10x_StdPeriph_Driver\src\stm32f10x_fsmc.o Libraries\STM32F10x_StdPeriph_Driver\src\stm32f10x_gpio.o Libraries\STM32F10x_StdPeriph_Driver\src\stm32f10x_i2c.o Libraries\STM32F10x_StdPeriph_Driver\src\stm32f10x_iwdg.o Libraries\STM32F10x_StdPeriph_Driver\src\stm32f10x_pwr.o Libraries\STM32F10x_StdPeriph_Driver\src\stm32f10x_rcc.o Libraries\STM32F10x_StdPeriph_Driver\src\stm32f10x_rtc.o Libraries\STM32F10x_StdPeriph_Driver\src\stm32f10x_sdio.o Libraries\STM32F10x_StdPeriph_Driver\src\stm32f10x_spi.o Libraries\STM32F10x_StdPeriph_Driver\src\stm32f10x_tim.o Libraries\STM32F10x_StdPeriph_Driver\src\stm32f10x_usart.o Libraries\STM32F10x_StdPeriph_Driver\src\stm32f10x_wwdg.o src\APP\CanApp.o src\APP\FreeRTOSHook.o src\APP\main.o src\APP\stm32f10x_it.o src\HARDWARE\at24qtxx.o src\HARDWARE\bitmap.o src\HARDWARE\eeprom.o src\HARDWARE\led.o src\HARDWARE\ws2812b.o src\SYSTEM\can.o src\SYSTEM\delay.o src\SYSTEM\gpioInit.o src\SYSTEM\iic.o src\SYSTEM\iwdog.o src\SYSTEM\rand.o src\SYSTEM\sys.o src\SYSTEM\sysclock.o src\SYSTEM\wwdog.o src\freertos\Source\croutine.o src\freertos\Source\event_groups.o src\freertos\Source\list.o src\freertos\Source\portable\GCC\ARM_CM3\port.o src\freertos\Source\portable\MemMang\heap_4.o src\freertos\Source\queue.o src\freertos\Source\stream_buffer.o src\freertos\Source\tasks.o src\freertos\Source\timers.o src\startup_stm32f10x_cl.o src\system_stm32f10x.o src\task\peridic.o -mthumb -mcpu=cortex-m3 -T../stm32_flash.ld -specs=nosys.specs -static -Wl,-cref,-u,Reset_Handler -Wl,-Map=salver.map -Wl,--gc-sections -Wl,--defsym=malloc_getpagesize_P=0x80 -Wl,--start-group -lc -lm -Wl,--end-group -specs=nano.specs 
C:\Program Files (x86)\Atollic\TrueSTUDIO for STM32 9.0.1\ide\jre\bin\java -jar C:\Program Files (x86)\Atollic\TrueSTUDIO for STM32 9.0.1\Tools\arm-atollic-reports.jar sizeinfo list salver.elf 
Generate build reports...
Print size information
   text	   data	    bss	    dec	    hex	filename
  18068	     20	  21280	  39368	   99c8	salver.elf
Print size information done
Generate listing file
Output sent to: salver.list
Generate listing file done
Generate build reports done
09:10:00 **** Incremental Build of configuration Debug for project salver ****
Info: Internal Builder is used for build
arm-atollic-eabi-gcc -c ..\src\HARDWARE\at24qtxx.c -mthumb -mcpu=cortex-m3 -std=gnu11 -DSTM32F10X_CL -DUSE_STDPERIPH_DRIVER -I../src -I..\src\APP -I..\src\freertos\Source\include -I..\src\freertos\Source\portable\GCC\ARM_CM3 -I..\src\HARDWARE -I..\src\SYSTEM -I..\src\task -I../Libraries/STM32F10x_StdPeriph_Driver/inc -I../Libraries/CMSIS/Device/ST/STM32F10x/Include -I../Libraries/CMSIS/Include -O0 -ffunction-sections -fdata-sections -g -fstack-usage -Wall -specs=nano.specs -o src\HARDWARE\at24qtxx.o 
arm-atollic-eabi-gcc -o salver.elf Libraries\STM32F10x_StdPeriph_Driver\src\misc.o Libraries\STM32F10x_StdPeriph_Driver\src\stm32f10x_adc.o Libraries\STM32F10x_StdPeriph_Driver\src\stm32f10x_bkp.o Libraries\STM32F10x_StdPeriph_Driver\src\stm32f10x_can.o Libraries\STM32F10x_StdPeriph_Driver\src\stm32f10x_cec.o Libraries\STM32F10x_StdPeriph_Driver\src\stm32f10x_crc.o Libraries\STM32F10x_StdPeriph_Driver\src\stm32f10x_dac.o Libraries\STM32F10x_StdPeriph_Driver\src\stm32f10x_dbgmcu.o Libraries\STM32F10x_StdPeriph_Driver\src\stm32f10x_dma.o Libraries\STM32F10x_StdPeriph_Driver\src\stm32f10x_exti.o Libraries\STM32F10x_StdPeriph_Driver\src\stm32f10x_flash.o Libraries\STM32F10x_StdPeriph_Driver\src\stm32f10x_fsmc.o Libraries\STM32F10x_StdPeriph_Driver\src\stm32f10x_gpio.o Libraries\STM32F10x_StdPeriph_Driver\src\stm32f10x_i2c.o Libraries\STM32F10x_StdPeriph_Driver\src\stm32f10x_iwdg.o Libraries\STM32F10x_StdPeriph_Driver\src\stm32f10x_pwr.o Libraries\STM32F10x_StdPeriph_Driver\src\stm32f10x_rcc.o Libraries\STM32F10x_StdPeriph_Driver\src\stm32f10x_rtc.o Libraries\STM32F10x_StdPeriph_Driver\src\stm32f10x_sdio.o Libraries\STM32F10x_StdPeriph_Driver\src\stm32f10x_spi.o Libraries\STM32F10x_StdPeriph_Driver\src\stm32f10x_tim.o Libraries\STM32F10x_StdPeriph_Driver\src\stm32f10x_usart.o Libraries\STM32F10x_StdPeriph_Driver\src\stm32f10x_wwdg.o src\APP\CanApp.o src\APP\FreeRTOSHook.o src\APP\main.o src\APP\stm32f10x_it.o src\HARDWARE\at24qtxx.o src\HARDWARE\bitmap.o src\HARDWARE\eeprom.o src\HARDWARE\led.o src\HARDWARE\ws2812b.o src\SYSTEM\can.o src\SYSTEM\delay.o src\SYSTEM\gpioInit.o src\SYSTEM\iic.o src\SYSTEM\iwdog.o src\SYSTEM\rand.o src\SYSTEM\sys.o src\SYSTEM\sysclock.o src\SYSTEM\wwdog.o src\freertos\Source\croutine.o src\freertos\Source\event_groups.o src\freertos\Source\list.o src\freertos\Source\portable\GCC\ARM_CM3\port.o src\freertos\Source\portable\MemMang\heap_4.o src\freertos\Source\queue.o src\freertos\Source\stream_buffer.o src\freertos\Source\tasks.o src\freertos\Source\timers.o src\startup_stm32f10x_cl.o src\system_stm32f10x.o src\task\peridic.o -mthumb -mcpu=cortex-m3 -T../stm32_flash.ld -specs=nosys.specs -static -Wl,-cref,-u,Reset_Handler -Wl,-Map=salver.map -Wl,--gc-sections -Wl,--defsym=malloc_getpagesize_P=0x80 -Wl,--start-group -lc -lm -Wl,--end-group -specs=nano.specs 
C:\Program Files (x86)\Atollic\TrueSTUDIO for STM32 9.0.1\ide\jre\bin\java -jar C:\Program Files (x86)\Atollic\TrueSTUDIO for STM32 9.0.1\Tools\arm-atollic-reports.jar sizeinfo list salver.elf 
Generate build reports...
Print size information
   text	   data	    bss	    dec	    hex	filename
  17988	     20	  21280	  39288	   9978	salver.elf
Print size information done
Generate listing file
Output sent to: salver.list
Generate listing file done
Generate build reports done
10:18:07 **** Incremental Build of configuration Debug for project salver ****
Info: Internal Builder is used for build
arm-atollic-eabi-gcc -c ..\src\APP\CanApp.c -mthumb -mcpu=cortex-m3 -std=gnu11 -DSTM32F10X_CL -DUSE_STDPERIPH_DRIVER -I../src -I..\src\APP -I..\src\freertos\Source\include -I..\src\freertos\Source\portable\GCC\ARM_CM3 -I..\src\HARDWARE -I..\src\SYSTEM -I..\src\task -I../Libraries/STM32F10x_StdPeriph_Driver/inc -I../Libraries/CMSIS/Device/ST/STM32F10x/Include -I../Libraries/CMSIS/Include -O0 -ffunction-sections -fdata-sections -g -fstack-usage -Wall -specs=nano.specs -o src\APP\CanApp.o 
arm-atollic-eabi-gcc -o salver.elf Libraries\STM32F10x_StdPeriph_Driver\src\misc.o Libraries\STM32F10x_StdPeriph_Driver\src\stm32f10x_adc.o Libraries\STM32F10x_StdPeriph_Driver\src\stm32f10x_bkp.o Libraries\STM32F10x_StdPeriph_Driver\src\stm32f10x_can.o Libraries\STM32F10x_StdPeriph_Driver\src\stm32f10x_cec.o Libraries\STM32F10x_StdPeriph_Driver\src\stm32f10x_crc.o Libraries\STM32F10x_StdPeriph_Driver\src\stm32f10x_dac.o Libraries\STM32F10x_StdPeriph_Driver\src\stm32f10x_dbgmcu.o Libraries\STM32F10x_StdPeriph_Driver\src\stm32f10x_dma.o Libraries\STM32F10x_StdPeriph_Driver\src\stm32f10x_exti.o Libraries\STM32F10x_StdPeriph_Driver\src\stm32f10x_flash.o Libraries\STM32F10x_StdPeriph_Driver\src\stm32f10x_fsmc.o Libraries\STM32F10x_StdPeriph_Driver\src\stm32f10x_gpio.o Libraries\STM32F10x_StdPeriph_Driver\src\stm32f10x_i2c.o Libraries\STM32F10x_StdPeriph_Driver\src\stm32f10x_iwdg.o Libraries\STM32F10x_StdPeriph_Driver\src\stm32f10x_pwr.o Libraries\STM32F10x_StdPeriph_Driver\src\stm32f10x_rcc.o Libraries\STM32F10x_StdPeriph_Driver\src\stm32f10x_rtc.o Libraries\STM32F10x_StdPeriph_Driver\src\stm32f10x_sdio.o Libraries\STM32F10x_StdPeriph_Driver\src\stm32f10x_spi.o Libraries\STM32F10x_StdPeriph_Driver\src\stm32f10x_tim.o Libraries\STM32F10x_StdPeriph_Driver\src\stm32f10x_usart.o Libraries\STM32F10x_StdPeriph_Driver\src\stm32f10x_wwdg.o src\APP\CanApp.o src\APP\FreeRTOSHook.o src\APP\main.o src\APP\stm32f10x_it.o src\HARDWARE\at24qtxx.o src\HARDWARE\bitmap.o src\HARDWARE\eeprom.o src\HARDWARE\led.o src\HARDWARE\ws2812b.o src\SYSTEM\can.o src\SYSTEM\delay.o src\SYSTEM\gpioInit.o src\SYSTEM\iic.o src\SYSTEM\iwdog.o src\SYSTEM\rand.o src\SYSTEM\sys.o src\SYSTEM\sysclock.o src\SYSTEM\wwdog.o src\freertos\Source\croutine.o src\freertos\Source\event_groups.o src\freertos\Source\list.o src\freertos\Source\portable\GCC\ARM_CM3\port.o src\freertos\Source\portable\MemMang\heap_4.o src\freertos\Source\queue.o src\freertos\Source\stream_buffer.o src\freertos\Source\tasks.o src\freertos\Source\timers.o src\startup_stm32f10x_cl.o src\system_stm32f10x.o src\task\peridic.o -mthumb -mcpu=cortex-m3 -T../stm32_flash.ld -specs=nosys.specs -static -Wl,-cref,-u,Reset_Handler -Wl,-Map=salver.map -Wl,--gc-sections -Wl,--defsym=malloc_getpagesize_P=0x80 -Wl,--start-group -lc -lm -Wl,--end-group -specs=nano.specs 
C:\Program Files (x86)\Atollic\TrueSTUDIO for STM32 9.0.1\ide\jre\bin\java -jar C:\Program Files (x86)\Atollic\TrueSTUDIO for STM32 9.0.1\Tools\arm-atollic-reports.jar sizeinfo list salver.elf 
Generate build reports...
Print size information
   text	   data	    bss	    dec	    hex	filename
  17932	     20	  21280	  39232	   9940	salver.elf
Print size information done
Generate listing file
Output sent to: salver.list
Generate listing file done
Generate build reports done
10:21:01 **** Incremental Build of configuration Debug for project salver ****
Info: Internal Builder is used for build
arm-atollic-eabi-gcc -c ..\src\APP\CanApp.c -mthumb -mcpu=cortex-m3 -std=gnu11 -DSTM32F10X_CL -DUSE_STDPERIPH_DRIVER -I../src -I..\src\APP -I..\src\freertos\Source\include -I..\src\freertos\Source\portable\GCC\ARM_CM3 -I..\src\HARDWARE -I..\src\SYSTEM -I..\src\task -I../Libraries/STM32F10x_StdPeriph_Driver/inc -I../Libraries/CMSIS/Device/ST/STM32F10x/Include -I../Libraries/CMSIS/Include -O0 -ffunction-sections -fdata-sections -g -fstack-usage -Wall -specs=nano.specs -o src\APP\CanApp.o 
arm-atollic-eabi-gcc -o salver.elf Libraries\STM32F10x_StdPeriph_Driver\src\misc.o Libraries\STM32F10x_StdPeriph_Driver\src\stm32f10x_adc.o Libraries\STM32F10x_StdPeriph_Driver\src\stm32f10x_bkp.o Libraries\STM32F10x_StdPeriph_Driver\src\stm32f10x_can.o Libraries\STM32F10x_StdPeriph_Driver\src\stm32f10x_cec.o Libraries\STM32F10x_StdPeriph_Driver\src\stm32f10x_crc.o Libraries\STM32F10x_StdPeriph_Driver\src\stm32f10x_dac.o Libraries\STM32F10x_StdPeriph_Driver\src\stm32f10x_dbgmcu.o Libraries\STM32F10x_StdPeriph_Driver\src\stm32f10x_dma.o Libraries\STM32F10x_StdPeriph_Driver\src\stm32f10x_exti.o Libraries\STM32F10x_StdPeriph_Driver\src\stm32f10x_flash.o Libraries\STM32F10x_StdPeriph_Driver\src\stm32f10x_fsmc.o Libraries\STM32F10x_StdPeriph_Driver\src\stm32f10x_gpio.o Libraries\STM32F10x_StdPeriph_Driver\src\stm32f10x_i2c.o Libraries\STM32F10x_StdPeriph_Driver\src\stm32f10x_iwdg.o Libraries\STM32F10x_StdPeriph_Driver\src\stm32f10x_pwr.o Libraries\STM32F10x_StdPeriph_Driver\src\stm32f10x_rcc.o Libraries\STM32F10x_StdPeriph_Driver\src\stm32f10x_rtc.o Libraries\STM32F10x_StdPeriph_Driver\src\stm32f10x_sdio.o Libraries\STM32F10x_StdPeriph_Driver\src\stm32f10x_spi.o Libraries\STM32F10x_StdPeriph_Driver\src\stm32f10x_tim.o Libraries\STM32F10x_StdPeriph_Driver\src\stm32f10x_usart.o Libraries\STM32F10x_StdPeriph_Driver\src\stm32f10x_wwdg.o src\APP\CanApp.o src\APP\FreeRTOSHook.o src\APP\main.o src\APP\stm32f10x_it.o src\HARDWARE\at24qtxx.o src\HARDWARE\bitmap.o src\HARDWARE\eeprom.o src\HARDWARE\led.o src\HARDWARE\ws2812b.o src\SYSTEM\can.o src\SYSTEM\delay.o src\SYSTEM\gpioInit.o src\SYSTEM\iic.o src\SYSTEM\iwdog.o src\SYSTEM\rand.o src\SYSTEM\sys.o src\SYSTEM\sysclock.o src\SYSTEM\wwdog.o src\freertos\Source\croutine.o src\freertos\Source\event_groups.o src\freertos\Source\list.o src\freertos\Source\portable\GCC\ARM_CM3\port.o src\freertos\Source\portable\MemMang\heap_4.o src\freertos\Source\queue.o src\freertos\Source\stream_buffer.o src\freertos\Source\tasks.o src\freertos\Source\timers.o src\startup_stm32f10x_cl.o src\system_stm32f10x.o src\task\peridic.o -mthumb -mcpu=cortex-m3 -T../stm32_flash.ld -specs=nosys.specs -static -Wl,-cref,-u,Reset_Handler -Wl,-Map=salver.map -Wl,--gc-sections -Wl,--defsym=malloc_getpagesize_P=0x80 -Wl,--start-group -lc -lm -Wl,--end-group -specs=nano.specs 
C:\Program Files (x86)\Atollic\TrueSTUDIO for STM32 9.0.1\ide\jre\bin\java -jar C:\Program Files (x86)\Atollic\TrueSTUDIO for STM32 9.0.1\Tools\arm-atollic-reports.jar sizeinfo list salver.elf 
Generate build reports...
Print size information
   text	   data	    bss	    dec	    hex	filename
  17932	     20	  21280	  39232	   9940	salver.elf
Print size information done
Generate listing file
Output sent to: salver.list
Generate listing file done
Generate build reports done
Info: Nothing to build for salver
10:26:49 **** Incremental Build of configuration Debug for project salver ****
Info: Internal Builder is used for build
arm-atollic-eabi-gcc -c ..\src\APP\CanApp.c -mthumb -mcpu=cortex-m3 -std=gnu11 -DSTM32F10X_CL -DUSE_STDPERIPH_DRIVER -I../src -I..\src\APP -I..\src\freertos\Source\include -I..\src\freertos\Source\portable\GCC\ARM_CM3 -I..\src\HARDWARE -I..\src\SYSTEM -I..\src\task -I../Libraries/STM32F10x_StdPeriph_Driver/inc -I../Libraries/CMSIS/Device/ST/STM32F10x/Include -I../Libraries/CMSIS/Include -O0 -ffunction-sections -fdata-sections -g -fstack-usage -Wall -specs=nano.specs -o src\APP\CanApp.o 
arm-atollic-eabi-gcc -o salver.elf Libraries\STM32F10x_StdPeriph_Driver\src\misc.o Libraries\STM32F10x_StdPeriph_Driver\src\stm32f10x_adc.o Libraries\STM32F10x_StdPeriph_Driver\src\stm32f10x_bkp.o Libraries\STM32F10x_StdPeriph_Driver\src\stm32f10x_can.o Libraries\STM32F10x_StdPeriph_Driver\src\stm32f10x_cec.o Libraries\STM32F10x_StdPeriph_Driver\src\stm32f10x_crc.o Libraries\STM32F10x_StdPeriph_Driver\src\stm32f10x_dac.o Libraries\STM32F10x_StdPeriph_Driver\src\stm32f10x_dbgmcu.o Libraries\STM32F10x_StdPeriph_Driver\src\stm32f10x_dma.o Libraries\STM32F10x_StdPeriph_Driver\src\stm32f10x_exti.o Libraries\STM32F10x_StdPeriph_Driver\src\stm32f10x_flash.o Libraries\STM32F10x_StdPeriph_Driver\src\stm32f10x_fsmc.o Libraries\STM32F10x_StdPeriph_Driver\src\stm32f10x_gpio.o Libraries\STM32F10x_StdPeriph_Driver\src\stm32f10x_i2c.o Libraries\STM32F10x_StdPeriph_Driver\src\stm32f10x_iwdg.o Libraries\STM32F10x_StdPeriph_Driver\src\stm32f10x_pwr.o Libraries\STM32F10x_StdPeriph_Driver\src\stm32f10x_rcc.o Libraries\STM32F10x_StdPeriph_Driver\src\stm32f10x_rtc.o Libraries\STM32F10x_StdPeriph_Driver\src\stm32f10x_sdio.o Libraries\STM32F10x_StdPeriph_Driver\src\stm32f10x_spi.o Libraries\STM32F10x_StdPeriph_Driver\src\stm32f10x_tim.o Libraries\STM32F10x_StdPeriph_Driver\src\stm32f10x_usart.o Libraries\STM32F10x_StdPeriph_Driver\src\stm32f10x_wwdg.o src\APP\CanApp.o src\APP\FreeRTOSHook.o src\APP\main.o src\APP\stm32f10x_it.o src\HARDWARE\at24qtxx.o src\HARDWARE\bitmap.o src\HARDWARE\eeprom.o src\HARDWARE\led.o src\HARDWARE\ws2812b.o src\SYSTEM\can.o src\SYSTEM\delay.o src\SYSTEM\gpioInit.o src\SYSTEM\iic.o src\SYSTEM\iwdog.o src\SYSTEM\rand.o src\SYSTEM\sys.o src\SYSTEM\sysclock.o src\SYSTEM\wwdog.o src\freertos\Source\croutine.o src\freertos\Source\event_groups.o src\freertos\Source\list.o src\freertos\Source\portable\GCC\ARM_CM3\port.o src\freertos\Source\portable\MemMang\heap_4.o src\freertos\Source\queue.o src\freertos\Source\stream_buffer.o src\freertos\Source\tasks.o src\freertos\Source\timers.o src\startup_stm32f10x_cl.o src\system_stm32f10x.o src\task\peridic.o -mthumb -mcpu=cortex-m3 -T../stm32_flash.ld -specs=nosys.specs -static -Wl,-cref,-u,Reset_Handler -Wl,-Map=salver.map -Wl,--gc-sections -Wl,--defsym=malloc_getpagesize_P=0x80 -Wl,--start-group -lc -lm -Wl,--end-group -specs=nano.specs 
C:\Program Files (x86)\Atollic\TrueSTUDIO for STM32 9.0.1\ide\jre\bin\java -jar C:\Program Files (x86)\Atollic\TrueSTUDIO for STM32 9.0.1\Tools\arm-atollic-reports.jar sizeinfo list salver.elf 
Generate build reports...
Print size information
   text	   data	    bss	    dec	    hex	filename
  17932	     20	  21280	  39232	   9940	salver.elf
Print size information done
Generate listing file
Output sent to: salver.list
Generate listing file done
Generate build reports done
Info: Nothing to build for salver
11:11:14 **** Incremental Build of configuration Debug for project salver ****
Info: Internal Builder is used for build
arm-atollic-eabi-gcc -c ..\src\APP\CanApp.c -mthumb -mcpu=cortex-m3 -std=gnu11 -DSTM32F10X_CL -DUSE_STDPERIPH_DRIVER -I../src -I..\src\APP -I..\src\freertos\Source\include -I..\src\freertos\Source\portable\GCC\ARM_CM3 -I..\src\HARDWARE -I..\src\SYSTEM -I..\src\task -I../Libraries/STM32F10x_StdPeriph_Driver/inc -I../Libraries/CMSIS/Device/ST/STM32F10x/Include -I../Libraries/CMSIS/Include -O0 -ffunction-sections -fdata-sections -g -fstack-usage -Wall -specs=nano.specs -o src\APP\CanApp.o 
arm-atollic-eabi-gcc -o salver.elf Libraries\STM32F10x_StdPeriph_Driver\src\misc.o Libraries\STM32F10x_StdPeriph_Driver\src\stm32f10x_adc.o Libraries\STM32F10x_StdPeriph_Driver\src\stm32f10x_bkp.o Libraries\STM32F10x_StdPeriph_Driver\src\stm32f10x_can.o Libraries\STM32F10x_StdPeriph_Driver\src\stm32f10x_cec.o Libraries\STM32F10x_StdPeriph_Driver\src\stm32f10x_crc.o Libraries\STM32F10x_StdPeriph_Driver\src\stm32f10x_dac.o Libraries\STM32F10x_StdPeriph_Driver\src\stm32f10x_dbgmcu.o Libraries\STM32F10x_StdPeriph_Driver\src\stm32f10x_dma.o Libraries\STM32F10x_StdPeriph_Driver\src\stm32f10x_exti.o Libraries\STM32F10x_StdPeriph_Driver\src\stm32f10x_flash.o Libraries\STM32F10x_StdPeriph_Driver\src\stm32f10x_fsmc.o Libraries\STM32F10x_StdPeriph_Driver\src\stm32f10x_gpio.o Libraries\STM32F10x_StdPeriph_Driver\src\stm32f10x_i2c.o Libraries\STM32F10x_StdPeriph_Driver\src\stm32f10x_iwdg.o Libraries\STM32F10x_StdPeriph_Driver\src\stm32f10x_pwr.o Libraries\STM32F10x_StdPeriph_Driver\src\stm32f10x_rcc.o Libraries\STM32F10x_StdPeriph_Driver\src\stm32f10x_rtc.o Libraries\STM32F10x_StdPeriph_Driver\src\stm32f10x_sdio.o Libraries\STM32F10x_StdPeriph_Driver\src\stm32f10x_spi.o Libraries\STM32F10x_StdPeriph_Driver\src\stm32f10x_tim.o Libraries\STM32F10x_StdPeriph_Driver\src\stm32f10x_usart.o Libraries\STM32F10x_StdPeriph_Driver\src\stm32f10x_wwdg.o src\APP\CanApp.o src\APP\FreeRTOSHook.o src\APP\main.o src\APP\stm32f10x_it.o src\HARDWARE\at24qtxx.o src\HARDWARE\bitmap.o src\HARDWARE\eeprom.o src\HARDWARE\led.o src\HARDWARE\ws2812b.o src\SYSTEM\can.o src\SYSTEM\delay.o src\SYSTEM\gpioInit.o src\SYSTEM\iic.o src\SYSTEM\iwdog.o src\SYSTEM\rand.o src\SYSTEM\sys.o src\SYSTEM\sysclock.o src\SYSTEM\wwdog.o src\freertos\Source\croutine.o src\freertos\Source\event_groups.o src\freertos\Source\list.o src\freertos\Source\portable\GCC\ARM_CM3\port.o src\freertos\Source\portable\MemMang\heap_4.o src\freertos\Source\queue.o src\freertos\Source\stream_buffer.o src\freertos\Source\tasks.o src\freertos\Source\timers.o src\startup_stm32f10x_cl.o src\system_stm32f10x.o src\task\peridic.o -mthumb -mcpu=cortex-m3 -T../stm32_flash.ld -specs=nosys.specs -static -Wl,-cref,-u,Reset_Handler -Wl,-Map=salver.map -Wl,--gc-sections -Wl,--defsym=malloc_getpagesize_P=0x80 -Wl,--start-group -lc -lm -Wl,--end-group -specs=nano.specs 
C:\Program Files (x86)\Atollic\TrueSTUDIO for STM32 9.0.1\ide\jre\bin\java -jar C:\Program Files (x86)\Atollic\TrueSTUDIO for STM32 9.0.1\Tools\arm-atollic-reports.jar sizeinfo list salver.elf 
Generate build reports...
Print size information
   text	   data	    bss	    dec	    hex	filename
  17932	     20	  21280	  39232	   9940	salver.elf
Print size information done
Generate listing file
Output sent to: salver.list
Generate listing file done
Generate build reports done
11:13:51 **** Incremental Build of configuration Debug for project salver ****
Info: Internal Builder is used for build
arm-atollic-eabi-gcc -c ..\src\APP\CanApp.c -mthumb -mcpu=cortex-m3 -std=gnu11 -DSTM32F10X_CL -DUSE_STDPERIPH_DRIVER -I../src -I..\src\APP -I..\src\freertos\Source\include -I..\src\freertos\Source\portable\GCC\ARM_CM3 -I..\src\HARDWARE -I..\src\SYSTEM -I..\src\task -I../Libraries/STM32F10x_StdPeriph_Driver/inc -I../Libraries/CMSIS/Device/ST/STM32F10x/Include -I../Libraries/CMSIS/Include -O0 -ffunction-sections -fdata-sections -g -fstack-usage -Wall -specs=nano.specs -o src\APP\CanApp.o 
arm-atollic-eabi-gcc -o salver.elf Libraries\STM32F10x_StdPeriph_Driver\src\misc.o Libraries\STM32F10x_StdPeriph_Driver\src\stm32f10x_adc.o Libraries\STM32F10x_StdPeriph_Driver\src\stm32f10x_bkp.o Libraries\STM32F10x_StdPeriph_Driver\src\stm32f10x_can.o Libraries\STM32F10x_StdPeriph_Driver\src\stm32f10x_cec.o Libraries\STM32F10x_StdPeriph_Driver\src\stm32f10x_crc.o Libraries\STM32F10x_StdPeriph_Driver\src\stm32f10x_dac.o Libraries\STM32F10x_StdPeriph_Driver\src\stm32f10x_dbgmcu.o Libraries\STM32F10x_StdPeriph_Driver\src\stm32f10x_dma.o Libraries\STM32F10x_StdPeriph_Driver\src\stm32f10x_exti.o Libraries\STM32F10x_StdPeriph_Driver\src\stm32f10x_flash.o Libraries\STM32F10x_StdPeriph_Driver\src\stm32f10x_fsmc.o Libraries\STM32F10x_StdPeriph_Driver\src\stm32f10x_gpio.o Libraries\STM32F10x_StdPeriph_Driver\src\stm32f10x_i2c.o Libraries\STM32F10x_StdPeriph_Driver\src\stm32f10x_iwdg.o Libraries\STM32F10x_StdPeriph_Driver\src\stm32f10x_pwr.o Libraries\STM32F10x_StdPeriph_Driver\src\stm32f10x_rcc.o Libraries\STM32F10x_StdPeriph_Driver\src\stm32f10x_rtc.o Libraries\STM32F10x_StdPeriph_Driver\src\stm32f10x_sdio.o Libraries\STM32F10x_StdPeriph_Driver\src\stm32f10x_spi.o Libraries\STM32F10x_StdPeriph_Driver\src\stm32f10x_tim.o Libraries\STM32F10x_StdPeriph_Driver\src\stm32f10x_usart.o Libraries\STM32F10x_StdPeriph_Driver\src\stm32f10x_wwdg.o src\APP\CanApp.o src\APP\FreeRTOSHook.o src\APP\main.o src\APP\stm32f10x_it.o src\HARDWARE\at24qtxx.o src\HARDWARE\bitmap.o src\HARDWARE\eeprom.o src\HARDWARE\led.o src\HARDWARE\ws2812b.o src\SYSTEM\can.o src\SYSTEM\delay.o src\SYSTEM\gpioInit.o src\SYSTEM\iic.o src\SYSTEM\iwdog.o src\SYSTEM\rand.o src\SYSTEM\sys.o src\SYSTEM\sysclock.o src\SYSTEM\wwdog.o src\freertos\Source\croutine.o src\freertos\Source\event_groups.o src\freertos\Source\list.o src\freertos\Source\portable\GCC\ARM_CM3\port.o src\freertos\Source\portable\MemMang\heap_4.o src\freertos\Source\queue.o src\freertos\Source\stream_buffer.o src\freertos\Source\tasks.o src\freertos\Source\timers.o src\startup_stm32f10x_cl.o src\system_stm32f10x.o src\task\peridic.o -mthumb -mcpu=cortex-m3 -T../stm32_flash.ld -specs=nosys.specs -static -Wl,-cref,-u,Reset_Handler -Wl,-Map=salver.map -Wl,--gc-sections -Wl,--defsym=malloc_getpagesize_P=0x80 -Wl,--start-group -lc -lm -Wl,--end-group -specs=nano.specs 
C:\Program Files (x86)\Atollic\TrueSTUDIO for STM32 9.0.1\ide\jre\bin\java -jar C:\Program Files (x86)\Atollic\TrueSTUDIO for STM32 9.0.1\Tools\arm-atollic-reports.jar sizeinfo list salver.elf 
Generate build reports...
Print size information
   text	   data	    bss	    dec	    hex	filename
  17932	     20	  21280	  39232	   9940	salver.elf
Print size information done
Generate listing file
Output sent to: salver.list
Generate listing file done
Generate build reports done
Info: Nothing to build for salver
Info: Nothing to build for salver
Info: Nothing to build for salver
Info: Nothing to build for salver
Info: Nothing to build for salver
Info: Nothing to build for salver
Info: Nothing to build for salver
10:44:48 **** Incremental Build of configuration Debug for project salver ****
Info: Internal Builder is used for build
arm-atollic-eabi-gcc -c ..\src\APP\CanApp.c -mthumb -mcpu=cortex-m3 -std=gnu11 -DSTM32F10X_CL -DUSE_STDPERIPH_DRIVER -I../src -I..\src\APP -I..\src\freertos\Source\include -I..\src\freertos\Source\portable\GCC\ARM_CM3 -I..\src\HARDWARE -I..\src\SYSTEM -I..\src\task -I../Libraries/STM32F10x_StdPeriph_Driver/inc -I../Libraries/CMSIS/Device/ST/STM32F10x/Include -I../Libraries/CMSIS/Include -O0 -ffunction-sections -fdata-sections -g -fstack-usage -Wall -specs=nano.specs -o src\APP\CanApp.o 
arm-atollic-eabi-gcc -o salver.elf Libraries\STM32F10x_StdPeriph_Driver\src\misc.o Libraries\STM32F10x_StdPeriph_Driver\src\stm32f10x_adc.o Libraries\STM32F10x_StdPeriph_Driver\src\stm32f10x_bkp.o Libraries\STM32F10x_StdPeriph_Driver\src\stm32f10x_can.o Libraries\STM32F10x_StdPeriph_Driver\src\stm32f10x_cec.o Libraries\STM32F10x_StdPeriph_Driver\src\stm32f10x_crc.o Libraries\STM32F10x_StdPeriph_Driver\src\stm32f10x_dac.o Libraries\STM32F10x_StdPeriph_Driver\src\stm32f10x_dbgmcu.o Libraries\STM32F10x_StdPeriph_Driver\src\stm32f10x_dma.o Libraries\STM32F10x_StdPeriph_Driver\src\stm32f10x_exti.o Libraries\STM32F10x_StdPeriph_Driver\src\stm32f10x_flash.o Libraries\STM32F10x_StdPeriph_Driver\src\stm32f10x_fsmc.o Libraries\STM32F10x_StdPeriph_Driver\src\stm32f10x_gpio.o Libraries\STM32F10x_StdPeriph_Driver\src\stm32f10x_i2c.o Libraries\STM32F10x_StdPeriph_Driver\src\stm32f10x_iwdg.o Libraries\STM32F10x_StdPeriph_Driver\src\stm32f10x_pwr.o Libraries\STM32F10x_StdPeriph_Driver\src\stm32f10x_rcc.o Libraries\STM32F10x_StdPeriph_Driver\src\stm32f10x_rtc.o Libraries\STM32F10x_StdPeriph_Driver\src\stm32f10x_sdio.o Libraries\STM32F10x_StdPeriph_Driver\src\stm32f10x_spi.o Libraries\STM32F10x_StdPeriph_Driver\src\stm32f10x_tim.o Libraries\STM32F10x_StdPeriph_Driver\src\stm32f10x_usart.o Libraries\STM32F10x_StdPeriph_Driver\src\stm32f10x_wwdg.o src\APP\CanApp.o src\APP\FreeRTOSHook.o src\APP\main.o src\APP\stm32f10x_it.o src\HARDWARE\at24qtxx.o src\HARDWARE\bitmap.o src\HARDWARE\eeprom.o src\HARDWARE\led.o src\HARDWARE\ws2812b.o src\SYSTEM\can.o src\SYSTEM\delay.o src\SYSTEM\gpioInit.o src\SYSTEM\iic.o src\SYSTEM\iwdog.o src\SYSTEM\rand.o src\SYSTEM\sys.o src\SYSTEM\sysclock.o src\SYSTEM\wwdog.o src\freertos\Source\croutine.o src\freertos\Source\event_groups.o src\freertos\Source\list.o src\freertos\Source\portable\GCC\ARM_CM3\port.o src\freertos\Source\portable\MemMang\heap_4.o src\freertos\Source\queue.o src\freertos\Source\stream_buffer.o src\freertos\Source\tasks.o src\freertos\Source\timers.o src\startup_stm32f10x_cl.o src\system_stm32f10x.o src\task\peridic.o -mthumb -mcpu=cortex-m3 -T../stm32_flash.ld -specs=nosys.specs -static -Wl,-cref,-u,Reset_Handler -Wl,-Map=salver.map -Wl,--gc-sections -Wl,--defsym=malloc_getpagesize_P=0x80 -Wl,--start-group -lc -lm -Wl,--end-group -specs=nano.specs 
C:\Program Files (x86)\Atollic\TrueSTUDIO for STM32 9.0.1\ide\jre\bin\java -jar C:\Program Files (x86)\Atollic\TrueSTUDIO for STM32 9.0.1\Tools\arm-atollic-reports.jar sizeinfo list salver.elf 
Generate build reports...
Print size information
   text	   data	    bss	    dec	    hex	filename
  17948	     20	  21280	  39248	   9950	salver.elf
Print size information done
Generate listing file
Output sent to: salver.list
Generate listing file done
Generate build reports done
Info: Nothing to build for salver
10:46:35 **** Incremental Build of configuration Debug for project salver ****
Info: Internal Builder is used for build
arm-atollic-eabi-gcc -c ..\src\APP\CanApp.c -mthumb -mcpu=cortex-m3 -std=gnu11 -DSTM32F10X_CL -DUSE_STDPERIPH_DRIVER -I../src -I..\src\APP -I..\src\freertos\Source\include -I..\src\freertos\Source\portable\GCC\ARM_CM3 -I..\src\HARDWARE -I..\src\SYSTEM -I..\src\task -I../Libraries/STM32F10x_StdPeriph_Driver/inc -I../Libraries/CMSIS/Device/ST/STM32F10x/Include -I../Libraries/CMSIS/Include -O0 -ffunction-sections -fdata-sections -g -fstack-usage -Wall -specs=nano.specs -o src\APP\CanApp.o 
..\src\APP\CanApp.c: In function 'CanAppReceiveMsgHandler':
..\src\APP\CanApp.c:90:14: warning: suggest parentheses around comparison in operand of '&' [-Wparentheses]
      if(data != selfId & 0x1F)
         ~~~~~^~~~~~~~~
arm-atollic-eabi-gcc -o salver.elf Libraries\STM32F10x_StdPeriph_Driver\src\misc.o Libraries\STM32F10x_StdPeriph_Driver\src\stm32f10x_adc.o Libraries\STM32F10x_StdPeriph_Driver\src\stm32f10x_bkp.o Libraries\STM32F10x_StdPeriph_Driver\src\stm32f10x_can.o Libraries\STM32F10x_StdPeriph_Driver\src\stm32f10x_cec.o Libraries\STM32F10x_StdPeriph_Driver\src\stm32f10x_crc.o Libraries\STM32F10x_StdPeriph_Driver\src\stm32f10x_dac.o Libraries\STM32F10x_StdPeriph_Driver\src\stm32f10x_dbgmcu.o Libraries\STM32F10x_StdPeriph_Driver\src\stm32f10x_dma.o Libraries\STM32F10x_StdPeriph_Driver\src\stm32f10x_exti.o Libraries\STM32F10x_StdPeriph_Driver\src\stm32f10x_flash.o Libraries\STM32F10x_StdPeriph_Driver\src\stm32f10x_fsmc.o Libraries\STM32F10x_StdPeriph_Driver\src\stm32f10x_gpio.o Libraries\STM32F10x_StdPeriph_Driver\src\stm32f10x_i2c.o Libraries\STM32F10x_StdPeriph_Driver\src\stm32f10x_iwdg.o Libraries\STM32F10x_StdPeriph_Driver\src\stm32f10x_pwr.o Libraries\STM32F10x_StdPeriph_Driver\src\stm32f10x_rcc.o Libraries\STM32F10x_StdPeriph_Driver\src\stm32f10x_rtc.o Libraries\STM32F10x_StdPeriph_Driver\src\stm32f10x_sdio.o Libraries\STM32F10x_StdPeriph_Driver\src\stm32f10x_spi.o Libraries\STM32F10x_StdPeriph_Driver\src\stm32f10x_tim.o Libraries\STM32F10x_StdPeriph_Driver\src\stm32f10x_usart.o Libraries\STM32F10x_StdPeriph_Driver\src\stm32f10x_wwdg.o src\APP\CanApp.o src\APP\FreeRTOSHook.o src\APP\main.o src\APP\stm32f10x_it.o src\HARDWARE\at24qtxx.o src\HARDWARE\bitmap.o src\HARDWARE\eeprom.o src\HARDWARE\led.o src\HARDWARE\ws2812b.o src\SYSTEM\can.o src\SYSTEM\delay.o src\SYSTEM\gpioInit.o src\SYSTEM\iic.o src\SYSTEM\iwdog.o src\SYSTEM\rand.o src\SYSTEM\sys.o src\SYSTEM\sysclock.o src\SYSTEM\wwdog.o src\freertos\Source\croutine.o src\freertos\Source\event_groups.o src\freertos\Source\list.o src\freertos\Source\portable\GCC\ARM_CM3\port.o src\freertos\Source\portable\MemMang\heap_4.o src\freertos\Source\queue.o src\freertos\Source\stream_buffer.o src\freertos\Source\tasks.o src\freertos\Source\timers.o src\startup_stm32f10x_cl.o src\system_stm32f10x.o src\task\peridic.o -mthumb -mcpu=cortex-m3 -T../stm32_flash.ld -specs=nosys.specs -static -Wl,-cref,-u,Reset_Handler -Wl,-Map=salver.map -Wl,--gc-sections -Wl,--defsym=malloc_getpagesize_P=0x80 -Wl,--start-group -lc -lm -Wl,--end-group -specs=nano.specs 
C:\Program Files (x86)\Atollic\TrueSTUDIO for STM32 9.0.1\ide\jre\bin\java -jar C:\Program Files (x86)\Atollic\TrueSTUDIO for STM32 9.0.1\Tools\arm-atollic-reports.jar sizeinfo list salver.elf 
Generate build reports...
Print size information
   text	   data	    bss	    dec	    hex	filename
  17948	     20	  21280	  39248	   9950	salver.elf
Print size information done
Generate listing file
Output sent to: salver.list
Generate listing file done
Generate build reports done
10:48:34 **** Incremental Build of configuration Debug for project salver ****
Info: Internal Builder is used for build
arm-atollic-eabi-gcc -c ..\src\APP\CanApp.c -mthumb -mcpu=cortex-m3 -std=gnu11 -DSTM32F10X_CL -DUSE_STDPERIPH_DRIVER -I../src -I..\src\APP -I..\src\freertos\Source\include -I..\src\freertos\Source\portable\GCC\ARM_CM3 -I..\src\HARDWARE -I..\src\SYSTEM -I..\src\task -I../Libraries/STM32F10x_StdPeriph_Driver/inc -I../Libraries/CMSIS/Device/ST/STM32F10x/Include -I../Libraries/CMSIS/Include -O0 -ffunction-sections -fdata-sections -g -fstack-usage -Wall -specs=nano.specs -o src\APP\CanApp.o 
arm-atollic-eabi-gcc -o salver.elf Libraries\STM32F10x_StdPeriph_Driver\src\misc.o Libraries\STM32F10x_StdPeriph_Driver\src\stm32f10x_adc.o Libraries\STM32F10x_StdPeriph_Driver\src\stm32f10x_bkp.o Libraries\STM32F10x_StdPeriph_Driver\src\stm32f10x_can.o Libraries\STM32F10x_StdPeriph_Driver\src\stm32f10x_cec.o Libraries\STM32F10x_StdPeriph_Driver\src\stm32f10x_crc.o Libraries\STM32F10x_StdPeriph_Driver\src\stm32f10x_dac.o Libraries\STM32F10x_StdPeriph_Driver\src\stm32f10x_dbgmcu.o Libraries\STM32F10x_StdPeriph_Driver\src\stm32f10x_dma.o Libraries\STM32F10x_StdPeriph_Driver\src\stm32f10x_exti.o Libraries\STM32F10x_StdPeriph_Driver\src\stm32f10x_flash.o Libraries\STM32F10x_StdPeriph_Driver\src\stm32f10x_fsmc.o Libraries\STM32F10x_StdPeriph_Driver\src\stm32f10x_gpio.o Libraries\STM32F10x_StdPeriph_Driver\src\stm32f10x_i2c.o Libraries\STM32F10x_StdPeriph_Driver\src\stm32f10x_iwdg.o Libraries\STM32F10x_StdPeriph_Driver\src\stm32f10x_pwr.o Libraries\STM32F10x_StdPeriph_Driver\src\stm32f10x_rcc.o Libraries\STM32F10x_StdPeriph_Driver\src\stm32f10x_rtc.o Libraries\STM32F10x_StdPeriph_Driver\src\stm32f10x_sdio.o Libraries\STM32F10x_StdPeriph_Driver\src\stm32f10x_spi.o Libraries\STM32F10x_StdPeriph_Driver\src\stm32f10x_tim.o Libraries\STM32F10x_StdPeriph_Driver\src\stm32f10x_usart.o Libraries\STM32F10x_StdPeriph_Driver\src\stm32f10x_wwdg.o src\APP\CanApp.o src\APP\FreeRTOSHook.o src\APP\main.o src\APP\stm32f10x_it.o src\HARDWARE\at24qtxx.o src\HARDWARE\bitmap.o src\HARDWARE\eeprom.o src\HARDWARE\led.o src\HARDWARE\ws2812b.o src\SYSTEM\can.o src\SYSTEM\delay.o src\SYSTEM\gpioInit.o src\SYSTEM\iic.o src\SYSTEM\iwdog.o src\SYSTEM\rand.o src\SYSTEM\sys.o src\SYSTEM\sysclock.o src\SYSTEM\wwdog.o src\freertos\Source\croutine.o src\freertos\Source\event_groups.o src\freertos\Source\list.o src\freertos\Source\portable\GCC\ARM_CM3\port.o src\freertos\Source\portable\MemMang\heap_4.o src\freertos\Source\queue.o src\freertos\Source\stream_buffer.o src\freertos\Source\tasks.o src\freertos\Source\timers.o src\startup_stm32f10x_cl.o src\system_stm32f10x.o src\task\peridic.o -mthumb -mcpu=cortex-m3 -T../stm32_flash.ld -specs=nosys.specs -static -Wl,-cref,-u,Reset_Handler -Wl,-Map=salver.map -Wl,--gc-sections -Wl,--defsym=malloc_getpagesize_P=0x80 -Wl,--start-group -lc -lm -Wl,--end-group -specs=nano.specs 
C:\Program Files (x86)\Atollic\TrueSTUDIO for STM32 9.0.1\ide\jre\bin\java -jar C:\Program Files (x86)\Atollic\TrueSTUDIO for STM32 9.0.1\Tools\arm-atollic-reports.jar sizeinfo list salver.elf 
Generate build reports...
Print size information
   text	   data	    bss	    dec	    hex	filename
  17996	     20	  21280	  39296	   9980	salver.elf
Print size information done
Generate listing file
Output sent to: salver.list
Generate listing file done
Generate build reports done
Info: Nothing to build for salver
Info: Nothing to build for salver
Info: Nothing to build for salver
Info: Nothing to build for salver
22:34:16 **** Incremental Build of configuration Debug for project salver ****
Info: Internal Builder is used for build
arm-atollic-eabi-gcc -c ..\src\APP\CanApp.c -mthumb -mcpu=cortex-m3 -std=gnu11 -DSTM32F10X_CL -DUSE_STDPERIPH_DRIVER -I../src -I..\src\APP -I..\src\freertos\Source\include -I..\src\freertos\Source\portable\GCC\ARM_CM3 -I..\src\HARDWARE -I..\src\SYSTEM -I..\src\task -I../Libraries/STM32F10x_StdPeriph_Driver/inc -I../Libraries/CMSIS/Device/ST/STM32F10x/Include -I../Libraries/CMSIS/Include -O0 -ffunction-sections -fdata-sections -g -fstack-usage -Wall -specs=nano.specs -o src\APP\CanApp.o 
arm-atollic-eabi-gcc -o salver.elf Libraries\STM32F10x_StdPeriph_Driver\src\misc.o Libraries\STM32F10x_StdPeriph_Driver\src\stm32f10x_adc.o Libraries\STM32F10x_StdPeriph_Driver\src\stm32f10x_bkp.o Libraries\STM32F10x_StdPeriph_Driver\src\stm32f10x_can.o Libraries\STM32F10x_StdPeriph_Driver\src\stm32f10x_cec.o Libraries\STM32F10x_StdPeriph_Driver\src\stm32f10x_crc.o Libraries\STM32F10x_StdPeriph_Driver\src\stm32f10x_dac.o Libraries\STM32F10x_StdPeriph_Driver\src\stm32f10x_dbgmcu.o Libraries\STM32F10x_StdPeriph_Driver\src\stm32f10x_dma.o Libraries\STM32F10x_StdPeriph_Driver\src\stm32f10x_exti.o Libraries\STM32F10x_StdPeriph_Driver\src\stm32f10x_flash.o Libraries\STM32F10x_StdPeriph_Driver\src\stm32f10x_fsmc.o Libraries\STM32F10x_StdPeriph_Driver\src\stm32f10x_gpio.o Libraries\STM32F10x_StdPeriph_Driver\src\stm32f10x_i2c.o Libraries\STM32F10x_StdPeriph_Driver\src\stm32f10x_iwdg.o Libraries\STM32F10x_StdPeriph_Driver\src\stm32f10x_pwr.o Libraries\STM32F10x_StdPeriph_Driver\src\stm32f10x_rcc.o Libraries\STM32F10x_StdPeriph_Driver\src\stm32f10x_rtc.o Libraries\STM32F10x_StdPeriph_Driver\src\stm32f10x_sdio.o Libraries\STM32F10x_StdPeriph_Driver\src\stm32f10x_spi.o Libraries\STM32F10x_StdPeriph_Driver\src\stm32f10x_tim.o Libraries\STM32F10x_StdPeriph_Driver\src\stm32f10x_usart.o Libraries\STM32F10x_StdPeriph_Driver\src\stm32f10x_wwdg.o src\APP\CanApp.o src\APP\FreeRTOSHook.o src\APP\main.o src\APP\stm32f10x_it.o src\HARDWARE\at24qtxx.o src\HARDWARE\bitmap.o src\HARDWARE\eeprom.o src\HARDWARE\led.o src\HARDWARE\ws2812b.o src\SYSTEM\can.o src\SYSTEM\delay.o src\SYSTEM\gpioInit.o src\SYSTEM\iic.o src\SYSTEM\iwdog.o src\SYSTEM\rand.o src\SYSTEM\sys.o src\SYSTEM\sysclock.o src\SYSTEM\wwdog.o src\freertos\Source\croutine.o src\freertos\Source\event_groups.o src\freertos\Source\list.o src\freertos\Source\portable\GCC\ARM_CM3\port.o src\freertos\Source\portable\MemMang\heap_4.o src\freertos\Source\queue.o src\freertos\Source\stream_buffer.o src\freertos\Source\tasks.o src\freertos\Source\timers.o src\startup_stm32f10x_cl.o src\system_stm32f10x.o src\task\peridic.o -mthumb -mcpu=cortex-m3 -T../stm32_flash.ld -specs=nosys.specs -static -Wl,-cref,-u,Reset_Handler -Wl,-Map=salver.map -Wl,--gc-sections -Wl,--defsym=malloc_getpagesize_P=0x80 -Wl,--start-group -lc -lm -Wl,--end-group -specs=nano.specs 
C:\Program Files (x86)\Atollic\TrueSTUDIO for STM32 9.0.1\ide\jre\bin\java -jar C:\Program Files (x86)\Atollic\TrueSTUDIO for STM32 9.0.1\Tools\arm-atollic-reports.jar sizeinfo list salver.elf 
Generate build reports...
Print size information
   text	   data	    bss	    dec	    hex	filename
  18060	     20	  21280	  39360	   99c0	salver.elf
Print size information done
Generate listing file
Output sent to: salver.list
Generate listing file done
Generate build reports done
23:06:15 **** Incremental Build of configuration Debug for project salver ****
Info: Internal Builder is used for build
arm-atollic-eabi-gcc -c ..\src\APP\CanApp.c -mthumb -mcpu=cortex-m3 -std=gnu11 -DSTM32F10X_CL -DUSE_STDPERIPH_DRIVER -I../src -I..\src\APP -I..\src\freertos\Source\include -I..\src\freertos\Source\portable\GCC\ARM_CM3 -I..\src\HARDWARE -I..\src\SYSTEM -I..\src\task -I../Libraries/STM32F10x_StdPeriph_Driver/inc -I../Libraries/CMSIS/Device/ST/STM32F10x/Include -I../Libraries/CMSIS/Include -O0 -ffunction-sections -fdata-sections -g -fstack-usage -Wall -specs=nano.specs -o src\APP\CanApp.o 
..\src\APP\CanApp.c: In function 'CanAppReceiveMsgHandler':
..\src\APP\CanApp.c:114:13: error: invalid storage class for function 'CanAppTxCompleteHalder'
 static void CanAppTxCompleteHalder(void)
             ^~~~~~~~~~~~~~~~~~~~~~
..\src\APP\CanApp.c:119:13: error: invalid storage class for function 'CanAppBuffOffHanlder'
 static void CanAppBuffOffHanlder(void)
             ^~~~~~~~~~~~~~~~~~~~
..\src\APP\CanApp.c:146:13: error: invalid storage class for function 'canAppCb'
 static void canAppCb(CanControllerIdx_t controller, uint8_t it_flag)
             ^~~~~~~~
..\src\APP\CanApp.c:170:13: error: invalid storage class for function 'xTask'
 static void xTask(void *pParamter)
             ^~~~~
..\src\APP\CanApp.c:205:1: error: expected declaration or statement at end of input
 }
 ^
..\src\APP\CanApp.c: At top level:
..\src\APP\CanApp.c:41:13: warning: 'CanAppTxCompleteHalder' used but never defined
 static void CanAppTxCompleteHalder(void);
             ^~~~~~~~~~~~~~~~~~~~~~
..\src\APP\CanApp.c:42:13: warning: 'CanAppBuffOffHanlder' used but never defined
 static void CanAppBuffOffHanlder(void);
             ^~~~~~~~~~~~~~~~~~~~
..\src\APP\CanApp.c:44:13: warning: 'canAppCb' used but never defined
 static void canAppCb(CanControllerIdx_t controller, uint8_t it_flag);
             ^~~~~~~~
..\src\APP\CanApp.c:198:6: warning: 'CanAppInit' defined but not used [-Wunused-function]
 void CanAppInit(void)
      ^~~~~~~~~~
..\src\APP\CanApp.c:125:6: warning: 'CanAppSendMsg' defined but not used [-Wunused-function]
 void CanAppSendMsg(can_frame_t *pFrame)
      ^~~~~~~~~~~~~
..\src\APP\CanApp.c:119:13: warning: 'CanAppBuffOffHanlder' defined but not used [-Wunused-function]
 static void CanAppBuffOffHanlder(void)
             ^~~~~~~~~~~~~~~~~~~~
..\src\APP\CanApp.c:114:13: warning: 'CanAppTxCompleteHalder' defined but not used [-Wunused-function]
 static void CanAppTxCompleteHalder(void)
             ^~~~~~~~~~~~~~~~~~~~~~
23:07:03 **** Incremental Build of configuration Debug for project salver ****
Info: Internal Builder is used for build
arm-atollic-eabi-gcc -c ..\src\APP\CanApp.c -mthumb -mcpu=cortex-m3 -std=gnu11 -DSTM32F10X_CL -DUSE_STDPERIPH_DRIVER -I../src -I..\src\APP -I..\src\freertos\Source\include -I..\src\freertos\Source\portable\GCC\ARM_CM3 -I..\src\HARDWARE -I..\src\SYSTEM -I..\src\task -I../Libraries/STM32F10x_StdPeriph_Driver/inc -I../Libraries/CMSIS/Device/ST/STM32F10x/Include -I../Libraries/CMSIS/Include -O0 -ffunction-sections -fdata-sections -g -fstack-usage -Wall -specs=nano.specs -o src\APP\CanApp.o 
arm-atollic-eabi-gcc -o salver.elf Libraries\STM32F10x_StdPeriph_Driver\src\misc.o Libraries\STM32F10x_StdPeriph_Driver\src\stm32f10x_adc.o Libraries\STM32F10x_StdPeriph_Driver\src\stm32f10x_bkp.o Libraries\STM32F10x_StdPeriph_Driver\src\stm32f10x_can.o Libraries\STM32F10x_StdPeriph_Driver\src\stm32f10x_cec.o Libraries\STM32F10x_StdPeriph_Driver\src\stm32f10x_crc.o Libraries\STM32F10x_StdPeriph_Driver\src\stm32f10x_dac.o Libraries\STM32F10x_StdPeriph_Driver\src\stm32f10x_dbgmcu.o Libraries\STM32F10x_StdPeriph_Driver\src\stm32f10x_dma.o Libraries\STM32F10x_StdPeriph_Driver\src\stm32f10x_exti.o Libraries\STM32F10x_StdPeriph_Driver\src\stm32f10x_flash.o Libraries\STM32F10x_StdPeriph_Driver\src\stm32f10x_fsmc.o Libraries\STM32F10x_StdPeriph_Driver\src\stm32f10x_gpio.o Libraries\STM32F10x_StdPeriph_Driver\src\stm32f10x_i2c.o Libraries\STM32F10x_StdPeriph_Driver\src\stm32f10x_iwdg.o Libraries\STM32F10x_StdPeriph_Driver\src\stm32f10x_pwr.o Libraries\STM32F10x_StdPeriph_Driver\src\stm32f10x_rcc.o Libraries\STM32F10x_StdPeriph_Driver\src\stm32f10x_rtc.o Libraries\STM32F10x_StdPeriph_Driver\src\stm32f10x_sdio.o Libraries\STM32F10x_StdPeriph_Driver\src\stm32f10x_spi.o Libraries\STM32F10x_StdPeriph_Driver\src\stm32f10x_tim.o Libraries\STM32F10x_StdPeriph_Driver\src\stm32f10x_usart.o Libraries\STM32F10x_StdPeriph_Driver\src\stm32f10x_wwdg.o src\APP\CanApp.o src\APP\FreeRTOSHook.o src\APP\main.o src\APP\stm32f10x_it.o src\HARDWARE\at24qtxx.o src\HARDWARE\bitmap.o src\HARDWARE\eeprom.o src\HARDWARE\led.o src\HARDWARE\ws2812b.o src\SYSTEM\can.o src\SYSTEM\delay.o src\SYSTEM\gpioInit.o src\SYSTEM\iic.o src\SYSTEM\iwdog.o src\SYSTEM\rand.o src\SYSTEM\sys.o src\SYSTEM\sysclock.o src\SYSTEM\wwdog.o src\freertos\Source\croutine.o src\freertos\Source\event_groups.o src\freertos\Source\list.o src\freertos\Source\portable\GCC\ARM_CM3\port.o src\freertos\Source\portable\MemMang\heap_4.o src\freertos\Source\queue.o src\freertos\Source\stream_buffer.o src\freertos\Source\tasks.o src\freertos\Source\timers.o src\startup_stm32f10x_cl.o src\system_stm32f10x.o src\task\peridic.o -mthumb -mcpu=cortex-m3 -T../stm32_flash.ld -specs=nosys.specs -static -Wl,-cref,-u,Reset_Handler -Wl,-Map=salver.map -Wl,--gc-sections -Wl,--defsym=malloc_getpagesize_P=0x80 -Wl,--start-group -lc -lm -Wl,--end-group -specs=nano.specs 
C:\Program Files (x86)\Atollic\TrueSTUDIO for STM32 9.0.1\ide\jre\bin\java -jar C:\Program Files (x86)\Atollic\TrueSTUDIO for STM32 9.0.1\Tools\arm-atollic-reports.jar convert-hex sizeinfo list salver.elf 
Generate build reports...
Converting build output to hex
Output sent to: salver.hex
Converting build output to hex done
Print size information
   text	   data	    bss	    dec	    hex	filename
  18060	     20	  21280	  39360	   99c0	salver.elf
Print size information done
Generate listing file
Output sent to: salver.list
Generate listing file done
Generate build reports done
