RGBMatrix.c:29:6:RGBProcessor	8	static
RGBMatrix.c:38:6:RGBDisplayBuffer	48	static
RGBMatrix.c:61:6:RGBRandomizeFramebuffer	32	static
RGBMatrix.c:78:6:RGBSetRow	16	static
RGBMatrix.c:106:6:RGBSetRGB	24	static
RGBMatrix.c:145:6:RGBShowLine	24	static
RGBMatrix.c:153:6:RGBProcessBuffer	40	static
RGBMatrix.c:186:12:RGBAnalyzeCell	24	static
RGBMatrix.c:218:6:RGBSetupRGBMatrixPorts	24	static
RGBMatrix.c:254:21:fontLookup	16	static
RGBMatrix.c:260:6:RGBDrawPixel	16	static
RGBMatrix.c:271:6:RGBClearBuff	16	static
RGBMatrix.c:281:6:RGBMaxtrixSetFont	16	static
RGBMatrix.c:288:4:RGBGetBitmapFontPixelAtXY	24	static
RGBMatrix.c:298:6:RGBDrawChar	24	static
RGBMatrix.c:313:6:RGBrawString	32	static
RGBMatrix.c:340:6:drawImage	32	static
RGBMatrix.c:362:6:GRBSetCell	16	static
