RGBMatrix.c:29:6:RGBProcessor	8	static
RGBMatrix.c:39:6:RGBDisplayBuffer	48	static
RGBMatrix.c:62:6:RGBRandomizeFramebuffer	32	static
RGBMatrix.c:79:6:RGBSetRow	16	static
RGBMatrix.c:107:6:RGBSetRGB	24	static
RGBMatrix.c:146:6:RGBShowLine	24	static
RGBMatrix.c:154:6:RGBProcessBuffer	40	static
RGBMatrix.c:187:12:RGBAnalyzeCell	24	static
RGBMatrix.c:219:6:RGBSetupRGBMatrixPorts	24	static
RGBMatrix.c:255:21:fontLookup	16	static
RGBMatrix.c:261:6:RGBDrawPixel	16	static
RGBMatrix.c:272:6:RGBClearBuff	16	static
RGBMatrix.c:282:6:RGBMaxtrixSetFont	16	static
RGBMatrix.c:289:4:RGBGetBitmapFontPixelAtXY	24	static
RGBMatrix.c:299:6:RGBDrawChar	24	static
RGBMatrix.c:314:6:RGBrawString	32	static
RGBMatrix.c:341:6:drawImage	32	static
RGBMatrix.c:363:6:GRBSetCell	16	static
