09:14:46 **** Rebuild of configuration Debug for project salver ****
Info: Internal Builder is used for build
arm-atollic-eabi-gcc -c ..\Libraries\STM32F10x_StdPeriph_Driver\src\misc.c -mthumb -mcpu=cortex-m3 -std=gnu11 -DSTM32F10X_CL -DUSE_STDPERIPH_DRIVER -I../src -I../Libraries/STM32F10x_StdPeriph_Driver/inc -I../Libraries/CMSIS/Device/ST/STM32F10x/Include -I../Libraries/CMSIS/Include -O0 -ffunction-sections -fdata-sections -g -fstack-usage -Wall -specs=nano.specs -o Libraries\STM32F10x_StdPeriph_Driver\src\misc.o 
arm-atollic-eabi-gcc -c ..\Libraries\STM32F10x_StdPeriph_Driver\src\stm32f10x_rcc.c -mthumb -mcpu=cortex-m3 -std=gnu11 -DSTM32F10X_CL -DUSE_STDPERIPH_DRIVER -I../src -I../Libraries/STM32F10x_StdPeriph_Driver/inc -I../Libraries/CMSIS/Device/ST/STM32F10x/Include -I../Libraries/CMSIS/Include -O0 -ffunction-sections -fdata-sections -g -fstack-usage -Wall -specs=nano.specs -o Libraries\STM32F10x_StdPeriph_Driver\src\stm32f10x_rcc.o 
arm-atollic-eabi-gcc -c ..\Libraries\STM32F10x_StdPeriph_Driver\src\stm32f10x_dma.c -mthumb -mcpu=cortex-m3 -std=gnu11 -DSTM32F10X_CL -DUSE_STDPERIPH_DRIVER -I../src -I../Libraries/STM32F10x_StdPeriph_Driver/inc -I../Libraries/CMSIS/Device/ST/STM32F10x/Include -I../Libraries/CMSIS/Include -O0 -ffunction-sections -fdata-sections -g -fstack-usage -Wall -specs=nano.specs -o Libraries\STM32F10x_StdPeriph_Driver\src\stm32f10x_dma.o 
arm-atollic-eabi-gcc -c ..\Libraries\STM32F10x_StdPeriph_Driver\src\stm32f10x_tim.c -mthumb -mcpu=cortex-m3 -std=gnu11 -DSTM32F10X_CL -DUSE_STDPERIPH_DRIVER -I../src -I../Libraries/STM32F10x_StdPeriph_Driver/inc -I../Libraries/CMSIS/Device/ST/STM32F10x/Include -I../Libraries/CMSIS/Include -O0 -ffunction-sections -fdata-sections -g -fstack-usage -Wall -specs=nano.specs -o Libraries\STM32F10x_StdPeriph_Driver\src\stm32f10x_tim.o 
arm-atollic-eabi-gcc -c ..\Libraries\STM32F10x_StdPeriph_Driver\src\stm32f10x_spi.c -mthumb -mcpu=cortex-m3 -std=gnu11 -DSTM32F10X_CL -DUSE_STDPERIPH_DRIVER -I../src -I../Libraries/STM32F10x_StdPeriph_Driver/inc -I../Libraries/CMSIS/Device/ST/STM32F10x/Include -I../Libraries/CMSIS/Include -O0 -ffunction-sections -fdata-sections -g -fstack-usage -Wall -specs=nano.specs -o Libraries\STM32F10x_StdPeriph_Driver\src\stm32f10x_spi.o 
arm-atollic-eabi-gcc -c -mthumb -mcpu=cortex-m3 -DSTM32F10X_CL -DUSE_STDPERIPH_DRIVER -I../src -I../Libraries/STM32F10x_StdPeriph_Driver/inc -I../Libraries/CMSIS/Device/ST/STM32F10x/Include -I../Libraries/CMSIS/Include -g -Wa,--warn -x assembler-with-cpp -specs=nano.specs -o src\startup_stm32f10x_cl.o ..\src\startup_stm32f10x_cl.s 
arm-atollic-eabi-gcc -c ..\Libraries\STM32F10x_StdPeriph_Driver\src\stm32f10x_exti.c -mthumb -mcpu=cortex-m3 -std=gnu11 -DSTM32F10X_CL -DUSE_STDPERIPH_DRIVER -I../src -I../Libraries/STM32F10x_StdPeriph_Driver/inc -I../Libraries/CMSIS/Device/ST/STM32F10x/Include -I../Libraries/CMSIS/Include -O0 -ffunction-sections -fdata-sections -g -fstack-usage -Wall -specs=nano.specs -o Libraries\STM32F10x_StdPeriph_Driver\src\stm32f10x_exti.o 
arm-atollic-eabi-gcc -c ..\Libraries\STM32F10x_StdPeriph_Driver\src\stm32f10x_fsmc.c -mthumb -mcpu=cortex-m3 -std=gnu11 -DSTM32F10X_CL -DUSE_STDPERIPH_DRIVER -I../src -I../Libraries/STM32F10x_StdPeriph_Driver/inc -I../Libraries/CMSIS/Device/ST/STM32F10x/Include -I../Libraries/CMSIS/Include -O0 -ffunction-sections -fdata-sections -g -fstack-usage -Wall -specs=nano.specs -o Libraries\STM32F10x_StdPeriph_Driver\src\stm32f10x_fsmc.o 
arm-atollic-eabi-gcc -c ..\Libraries\STM32F10x_StdPeriph_Driver\src\stm32f10x_iwdg.c -mthumb -mcpu=cortex-m3 -std=gnu11 -DSTM32F10X_CL -DUSE_STDPERIPH_DRIVER -I../src -I../Libraries/STM32F10x_StdPeriph_Driver/inc -I../Libraries/CMSIS/Device/ST/STM32F10x/Include -I../Libraries/CMSIS/Include -O0 -ffunction-sections -fdata-sections -g -fstack-usage -Wall -specs=nano.specs -o Libraries\STM32F10x_StdPeriph_Driver\src\stm32f10x_iwdg.o 
arm-atollic-eabi-gcc -c ..\src\stm32f1xx_it.c -mthumb -mcpu=cortex-m3 -std=gnu11 -DSTM32F10X_CL -DUSE_STDPERIPH_DRIVER -I../src -I../Libraries/STM32F10x_StdPeriph_Driver/inc -I../Libraries/CMSIS/Device/ST/STM32F10x/Include -I../Libraries/CMSIS/Include -O0 -ffunction-sections -fdata-sections -g -fstack-usage -Wall -specs=nano.specs -o src\stm32f1xx_it.o 
arm-atollic-eabi-gcc -c ..\Libraries\STM32F10x_StdPeriph_Driver\src\stm32f10x_crc.c -mthumb -mcpu=cortex-m3 -std=gnu11 -DSTM32F10X_CL -DUSE_STDPERIPH_DRIVER -I../src -I../Libraries/STM32F10x_StdPeriph_Driver/inc -I../Libraries/CMSIS/Device/ST/STM32F10x/Include -I../Libraries/CMSIS/Include -O0 -ffunction-sections -fdata-sections -g -fstack-usage -Wall -specs=nano.specs -o Libraries\STM32F10x_StdPeriph_Driver\src\stm32f10x_crc.o 
arm-atollic-eabi-gcc -c ..\Libraries\STM32F10x_StdPeriph_Driver\src\stm32f10x_dac.c -mthumb -mcpu=cortex-m3 -std=gnu11 -DSTM32F10X_CL -DUSE_STDPERIPH_DRIVER -I../src -I../Libraries/STM32F10x_StdPeriph_Driver/inc -I../Libraries/CMSIS/Device/ST/STM32F10x/Include -I../Libraries/CMSIS/Include -O0 -ffunction-sections -fdata-sections -g -fstack-usage -Wall -specs=nano.specs -o Libraries\STM32F10x_StdPeriph_Driver\src\stm32f10x_dac.o 
arm-atollic-eabi-gcc -c ..\Libraries\STM32F10x_StdPeriph_Driver\src\stm32f10x_sdio.c -mthumb -mcpu=cortex-m3 -std=gnu11 -DSTM32F10X_CL -DUSE_STDPERIPH_DRIVER -I../src -I../Libraries/STM32F10x_StdPeriph_Driver/inc -I../Libraries/CMSIS/Device/ST/STM32F10x/Include -I../Libraries/CMSIS/Include -O0 -ffunction-sections -fdata-sections -g -fstack-usage -Wall -specs=nano.specs -o Libraries\STM32F10x_StdPeriph_Driver\src\stm32f10x_sdio.o 
arm-atollic-eabi-gcc -c ..\Libraries\STM32F10x_StdPeriph_Driver\src\stm32f10x_rtc.c -mthumb -mcpu=cortex-m3 -std=gnu11 -DSTM32F10X_CL -DUSE_STDPERIPH_DRIVER -I../src -I../Libraries/STM32F10x_StdPeriph_Driver/inc -I../Libraries/CMSIS/Device/ST/STM32F10x/Include -I../Libraries/CMSIS/Include -O0 -ffunction-sections -fdata-sections -g -fstack-usage -Wall -specs=nano.specs -o Libraries\STM32F10x_StdPeriph_Driver\src\stm32f10x_rtc.o 
arm-atollic-eabi-gcc -c ..\Libraries\STM32F10x_StdPeriph_Driver\src\stm32f10x_wwdg.c -mthumb -mcpu=cortex-m3 -std=gnu11 -DSTM32F10X_CL -DUSE_STDPERIPH_DRIVER -I../src -I../Libraries/STM32F10x_StdPeriph_Driver/inc -I../Libraries/CMSIS/Device/ST/STM32F10x/Include -I../Libraries/CMSIS/Include -O0 -ffunction-sections -fdata-sections -g -fstack-usage -Wall -specs=nano.specs -o Libraries\STM32F10x_StdPeriph_Driver\src\stm32f10x_wwdg.o 
arm-atollic-eabi-gcc -c ..\Libraries\STM32F10x_StdPeriph_Driver\src\stm32f10x_i2c.c -mthumb -mcpu=cortex-m3 -std=gnu11 -DSTM32F10X_CL -DUSE_STDPERIPH_DRIVER -I../src -I../Libraries/STM32F10x_StdPeriph_Driver/inc -I../Libraries/CMSIS/Device/ST/STM32F10x/Include -I../Libraries/CMSIS/Include -O0 -ffunction-sections -fdata-sections -g -fstack-usage -Wall -specs=nano.specs -o Libraries\STM32F10x_StdPeriph_Driver\src\stm32f10x_i2c.o 
arm-atollic-eabi-gcc -c ..\Libraries\STM32F10x_StdPeriph_Driver\src\stm32f10x_flash.c -mthumb -mcpu=cortex-m3 -std=gnu11 -DSTM32F10X_CL -DUSE_STDPERIPH_DRIVER -I../src -I../Libraries/STM32F10x_StdPeriph_Driver/inc -I../Libraries/CMSIS/Device/ST/STM32F10x/Include -I../Libraries/CMSIS/Include -O0 -ffunction-sections -fdata-sections -g -fstack-usage -Wall -specs=nano.specs -o Libraries\STM32F10x_StdPeriph_Driver\src\stm32f10x_flash.o 
arm-atollic-eabi-gcc -c ..\Libraries\STM32F10x_StdPeriph_Driver\src\stm32f10x_gpio.c -mthumb -mcpu=cortex-m3 -std=gnu11 -DSTM32F10X_CL -DUSE_STDPERIPH_DRIVER -I../src -I../Libraries/STM32F10x_StdPeriph_Driver/inc -I../Libraries/CMSIS/Device/ST/STM32F10x/Include -I../Libraries/CMSIS/Include -O0 -ffunction-sections -fdata-sections -g -fstack-usage -Wall -specs=nano.specs -o Libraries\STM32F10x_StdPeriph_Driver\src\stm32f10x_gpio.o 
arm-atollic-eabi-gcc -c ..\Libraries\STM32F10x_StdPeriph_Driver\src\stm32f10x_pwr.c -mthumb -mcpu=cortex-m3 -std=gnu11 -DSTM32F10X_CL -DUSE_STDPERIPH_DRIVER -I../src -I../Libraries/STM32F10x_StdPeriph_Driver/inc -I../Libraries/CMSIS/Device/ST/STM32F10x/Include -I../Libraries/CMSIS/Include -O0 -ffunction-sections -fdata-sections -g -fstack-usage -Wall -specs=nano.specs -o Libraries\STM32F10x_StdPeriph_Driver\src\stm32f10x_pwr.o 
arm-atollic-eabi-gcc -c ..\Libraries\STM32F10x_StdPeriph_Driver\src\stm32f10x_dbgmcu.c -mthumb -mcpu=cortex-m3 -std=gnu11 -DSTM32F10X_CL -DUSE_STDPERIPH_DRIVER -I../src -I../Libraries/STM32F10x_StdPeriph_Driver/inc -I../Libraries/CMSIS/Device/ST/STM32F10x/Include -I../Libraries/CMSIS/Include -O0 -ffunction-sections -fdata-sections -g -fstack-usage -Wall -specs=nano.specs -o Libraries\STM32F10x_StdPeriph_Driver\src\stm32f10x_dbgmcu.o 
arm-atollic-eabi-gcc -c ..\src\system_stm32f10x.c -mthumb -mcpu=cortex-m3 -std=gnu11 -DSTM32F10X_CL -DUSE_STDPERIPH_DRIVER -I../src -I../Libraries/STM32F10x_StdPeriph_Driver/inc -I../Libraries/CMSIS/Device/ST/STM32F10x/Include -I../Libraries/CMSIS/Include -O0 -ffunction-sections -fdata-sections -g -fstack-usage -Wall -specs=nano.specs -o src\system_stm32f10x.o 
arm-atollic-eabi-gcc -c ..\Libraries\STM32F10x_StdPeriph_Driver\src\stm32f10x_usart.c -mthumb -mcpu=cortex-m3 -std=gnu11 -DSTM32F10X_CL -DUSE_STDPERIPH_DRIVER -I../src -I../Libraries/STM32F10x_StdPeriph_Driver/inc -I../Libraries/CMSIS/Device/ST/STM32F10x/Include -I../Libraries/CMSIS/Include -O0 -ffunction-sections -fdata-sections -g -fstack-usage -Wall -specs=nano.specs -o Libraries\STM32F10x_StdPeriph_Driver\src\stm32f10x_usart.o 
arm-atollic-eabi-gcc -c ..\Libraries\STM32F10x_StdPeriph_Driver\src\stm32f10x_adc.c -mthumb -mcpu=cortex-m3 -std=gnu11 -DSTM32F10X_CL -DUSE_STDPERIPH_DRIVER -I../src -I../Libraries/STM32F10x_StdPeriph_Driver/inc -I../Libraries/CMSIS/Device/ST/STM32F10x/Include -I../Libraries/CMSIS/Include -O0 -ffunction-sections -fdata-sections -g -fstack-usage -Wall -specs=nano.specs -o Libraries\STM32F10x_StdPeriph_Driver\src\stm32f10x_adc.o 
arm-atollic-eabi-gcc -c ..\Libraries\STM32F10x_StdPeriph_Driver\src\stm32f10x_cec.c -mthumb -mcpu=cortex-m3 -std=gnu11 -DSTM32F10X_CL -DUSE_STDPERIPH_DRIVER -I../src -I../Libraries/STM32F10x_StdPeriph_Driver/inc -I../Libraries/CMSIS/Device/ST/STM32F10x/Include -I../Libraries/CMSIS/Include -O0 -ffunction-sections -fdata-sections -g -fstack-usage -Wall -specs=nano.specs -o Libraries\STM32F10x_StdPeriph_Driver\src\stm32f10x_cec.o 
arm-atollic-eabi-gcc -c ..\src\main.c -mthumb -mcpu=cortex-m3 -std=gnu11 -DSTM32F10X_CL -DUSE_STDPERIPH_DRIVER -I../src -I../Libraries/STM32F10x_StdPeriph_Driver/inc -I../Libraries/CMSIS/Device/ST/STM32F10x/Include -I../Libraries/CMSIS/Include -O0 -ffunction-sections -fdata-sections -g -fstack-usage -Wall -specs=nano.specs -o src\main.o 
arm-atollic-eabi-gcc -c ..\Libraries\STM32F10x_StdPeriph_Driver\src\stm32f10x_bkp.c -mthumb -mcpu=cortex-m3 -std=gnu11 -DSTM32F10X_CL -DUSE_STDPERIPH_DRIVER -I../src -I../Libraries/STM32F10x_StdPeriph_Driver/inc -I../Libraries/CMSIS/Device/ST/STM32F10x/Include -I../Libraries/CMSIS/Include -O0 -ffunction-sections -fdata-sections -g -fstack-usage -Wall -specs=nano.specs -o Libraries\STM32F10x_StdPeriph_Driver\src\stm32f10x_bkp.o 
arm-atollic-eabi-gcc -c ..\Libraries\STM32F10x_StdPeriph_Driver\src\stm32f10x_can.c -mthumb -mcpu=cortex-m3 -std=gnu11 -DSTM32F10X_CL -DUSE_STDPERIPH_DRIVER -I../src -I../Libraries/STM32F10x_StdPeriph_Driver/inc -I../Libraries/CMSIS/Device/ST/STM32F10x/Include -I../Libraries/CMSIS/Include -O0 -ffunction-sections -fdata-sections -g -fstack-usage -Wall -specs=nano.specs -o Libraries\STM32F10x_StdPeriph_Driver\src\stm32f10x_can.o 
arm-atollic-eabi-gcc -o salver.elf Libraries\STM32F10x_StdPeriph_Driver\src\misc.o Libraries\STM32F10x_StdPeriph_Driver\src\stm32f10x_adc.o Libraries\STM32F10x_StdPeriph_Driver\src\stm32f10x_bkp.o Libraries\STM32F10x_StdPeriph_Driver\src\stm32f10x_can.o Libraries\STM32F10x_StdPeriph_Driver\src\stm32f10x_cec.o Libraries\STM32F10x_StdPeriph_Driver\src\stm32f10x_crc.o Libraries\STM32F10x_StdPeriph_Driver\src\stm32f10x_dac.o Libraries\STM32F10x_StdPeriph_Driver\src\stm32f10x_dbgmcu.o Libraries\STM32F10x_StdPeriph_Driver\src\stm32f10x_dma.o Libraries\STM32F10x_StdPeriph_Driver\src\stm32f10x_exti.o Libraries\STM32F10x_StdPeriph_Driver\src\stm32f10x_flash.o Libraries\STM32F10x_StdPeriph_Driver\src\stm32f10x_fsmc.o Libraries\STM32F10x_StdPeriph_Driver\src\stm32f10x_gpio.o Libraries\STM32F10x_StdPeriph_Driver\src\stm32f10x_i2c.o Libraries\STM32F10x_StdPeriph_Driver\src\stm32f10x_iwdg.o Libraries\STM32F10x_StdPeriph_Driver\src\stm32f10x_pwr.o Libraries\STM32F10x_StdPeriph_Driver\src\stm32f10x_rcc.o Libraries\STM32F10x_StdPeriph_Driver\src\stm32f10x_rtc.o Libraries\STM32F10x_StdPeriph_Driver\src\stm32f10x_sdio.o Libraries\STM32F10x_StdPeriph_Driver\src\stm32f10x_spi.o Libraries\STM32F10x_StdPeriph_Driver\src\stm32f10x_tim.o Libraries\STM32F10x_StdPeriph_Driver\src\stm32f10x_usart.o Libraries\STM32F10x_StdPeriph_Driver\src\stm32f10x_wwdg.o src\main.o src\startup_stm32f10x_cl.o src\stm32f1xx_it.o src\system_stm32f10x.o -mthumb -mcpu=cortex-m3 -T../stm32_flash.ld -specs=nosys.specs -static -Wl,-cref,-u,Reset_Handler -Wl,-Map=salver.map -Wl,--gc-sections -Wl,--defsym=malloc_getpagesize_P=0x80 -Wl,--start-group -lc -lm -Wl,--end-group -specs=nano.specs 
C:\Program Files (x86)\Atollic\TrueSTUDIO for STM32 9.0.1\ide\jre\bin\java -jar C:\Program Files (x86)\Atollic\TrueSTUDIO for STM32 9.0.1\Tools\arm-atollic-reports.jar sizeinfo list salver.elf 
Generate build reports...
Print size information
   text	   data	    bss	    dec	    hex	filename
   1280	      8	    540	   1828	    724	salver.elf
Print size information done
Generate listing file
Output sent to: salver.list
Generate listing file done
Generate build reports done
20:35:58 **** Incremental Build of configuration Debug for project salver ****
Info: Internal Builder is used for build
arm-atollic-eabi-gcc -c ..\src\freertos\Source\portable\Rowley\MSP430F449\port.c -mthumb -mcpu=cortex-m3 -std=gnu11 -DSTM32F10X_CL -DUSE_STDPERIPH_DRIVER -I../src -I../Libraries/STM32F10x_StdPeriph_Driver/inc -I../Libraries/CMSIS/Device/ST/STM32F10x/Include -I../Libraries/CMSIS/Include -O0 -ffunction-sections -fdata-sections -g -fstack-usage -Wall -specs=nano.specs -o src\freertos\Source\portable\Rowley\MSP430F449\port.o 
..\src\freertos\Source\portable\Rowley\MSP430F449\port.c:29:22: fatal error: FreeRTOS.h: No such file or directory
 #include "FreeRTOS.h"
                      ^
compilation terminated.
20:37:05 **** Incremental Build of configuration Debug for project salver ****
Info: Internal Builder is used for build
arm-atollic-eabi-gcc -c ..\Libraries\STM32F10x_StdPeriph_Driver\src\stm32f10x_rtc.c -mthumb -mcpu=cortex-m3 -std=gnu11 -DSTM32F10X_CL -DUSE_STDPERIPH_DRIVER -I../src -I../Libraries/STM32F10x_StdPeriph_Driver/inc -I../Libraries/CMSIS/Device/ST/STM32F10x/Include -I../Libraries/CMSIS/Include -O0 -ffunction-sections -fdata-sections -g -fstack-usage -Wall -specs=nano.specs -o Libraries\STM32F10x_StdPeriph_Driver\src\stm32f10x_rtc.o 
In file included from ../Libraries/STM32F10x_StdPeriph_Driver/inc/stm32f10x_rtc.h:38:0,
                 from ..\Libraries\STM32F10x_StdPeriph_Driver\src\stm32f10x_rtc.c:29:
../Libraries/CMSIS/Device/ST/STM32F10x/Include/stm32f10x.h:8349:30: fatal error: stm32f10x_conf.h: No such file or directory
   #include "stm32f10x_conf.h"
                              ^
compilation terminated.
20:42:30 **** Incremental Build of configuration Debug for project salver ****
Info: Internal Builder is used for build
arm-atollic-eabi-gcc -c ..\src\SYSTEM\htimer.c -mthumb -mcpu=cortex-m3 -std=gnu11 -DSTM32F10X_CL -DUSE_STDPERIPH_DRIVER -I../src -I..\src\APP -I..\src\freertos\Source\include -I..\src\freertos\Source\portable\GCC\ARM_CM3_MPU -I..\src\HARDWARE -I..\src\SYSTEM -I..\src\task -I../Libraries/STM32F10x_StdPeriph_Driver/inc -I../Libraries/CMSIS/Device/ST/STM32F10x/Include -I../Libraries/CMSIS/Include -O0 -ffunction-sections -fdata-sections -g -fstack-usage -Wall -specs=nano.specs -o src\SYSTEM\htimer.o 
..\src\SYSTEM\htimer.c:7:6: error: conflicting types for 'TIM3_Init'
 void TIM3_Init(uint16_t time)
      ^~~~~~~~~
In file included from ..\src\SYSTEM\htimer.c:1:0:
..\src\SYSTEM\htimer.h:6:6: note: previous declaration of 'TIM3_Init' was here
 void TIM3_Init(void);
      ^~~~~~~~~
..\src\SYSTEM\htimer.c: In function 'TIM3_IRQHandler':
..\src\SYSTEM\htimer.c:61:4: warning: implicit declaration of function 'CarCtr_GPIO_Reset' [-Wimplicit-function-declaration]
    CarCtr_GPIO_Reset();
    ^~~~~~~~~~~~~~~~~
20:42:47 **** Incremental Build of configuration Debug for project salver ****
Info: Internal Builder is used for build
arm-atollic-eabi-gcc -c ..\Libraries\STM32F10x_StdPeriph_Driver\src\stm32f10x_adc.c -mthumb -mcpu=cortex-m3 -std=gnu11 -DSTM32F10X_CL -DUSE_STDPERIPH_DRIVER -I../src -I..\src\APP -I..\src\freertos\Source\include -I..\src\freertos\Source\portable\GCC\ARM_CM3_MPU -I..\src\HARDWARE -I..\src\SYSTEM -I..\src\task -I../Libraries/STM32F10x_StdPeriph_Driver/inc -I../Libraries/CMSIS/Device/ST/STM32F10x/Include -I../Libraries/CMSIS/Include -O0 -ffunction-sections -fdata-sections -g -fstack-usage -Wall -specs=nano.specs -o Libraries\STM32F10x_StdPeriph_Driver\src\stm32f10x_adc.o 
arm-atollic-eabi-gcc -c ..\Libraries\STM32F10x_StdPeriph_Driver\src\stm32f10x_pwr.c -mthumb -mcpu=cortex-m3 -std=gnu11 -DSTM32F10X_CL -DUSE_STDPERIPH_DRIVER -I../src -I..\src\APP -I..\src\freertos\Source\include -I..\src\freertos\Source\portable\GCC\ARM_CM3_MPU -I..\src\HARDWARE -I..\src\SYSTEM -I..\src\task -I../Libraries/STM32F10x_StdPeriph_Driver/inc -I../Libraries/CMSIS/Device/ST/STM32F10x/Include -I../Libraries/CMSIS/Include -O0 -ffunction-sections -fdata-sections -g -fstack-usage -Wall -specs=nano.specs -o Libraries\STM32F10x_StdPeriph_Driver\src\stm32f10x_pwr.o 
arm-atollic-eabi-gcc -c ..\src\SYSTEM\wwdog.c -mthumb -mcpu=cortex-m3 -std=gnu11 -DSTM32F10X_CL -DUSE_STDPERIPH_DRIVER -I../src -I..\src\APP -I..\src\freertos\Source\include -I..\src\freertos\Source\portable\GCC\ARM_CM3_MPU -I..\src\HARDWARE -I..\src\SYSTEM -I..\src\task -I../Libraries/STM32F10x_StdPeriph_Driver/inc -I../Libraries/CMSIS/Device/ST/STM32F10x/Include -I../Libraries/CMSIS/Include -O0 -ffunction-sections -fdata-sections -g -fstack-usage -Wall -specs=nano.specs -o src\SYSTEM\wwdog.o 
arm-atollic-eabi-gcc -c -mthumb -mcpu=cortex-m3 -DSTM32F10X_CL -DUSE_STDPERIPH_DRIVER -I../src -I../Libraries/STM32F10x_StdPeriph_Driver/inc -I../Libraries/CMSIS/Device/ST/STM32F10x/Include -I../Libraries/CMSIS/Include -g -Wa,--warn -x assembler-with-cpp -specs=nano.specs -o src\startup_stm32f10x_cl.o ..\src\startup_stm32f10x_cl.s 
arm-atollic-eabi-gcc -c ..\src\freertos\Source\portable\MemMang\heap_4.c -mthumb -mcpu=cortex-m3 -std=gnu11 -DSTM32F10X_CL -DUSE_STDPERIPH_DRIVER -I../src -I..\src\APP -I..\src\freertos\Source\include -I..\src\freertos\Source\portable\GCC\ARM_CM3_MPU -I..\src\HARDWARE -I..\src\SYSTEM -I..\src\task -I../Libraries/STM32F10x_StdPeriph_Driver/inc -I../Libraries/CMSIS/Device/ST/STM32F10x/Include -I../Libraries/CMSIS/Include -O0 -ffunction-sections -fdata-sections -g -fstack-usage -Wall -specs=nano.specs -o src\freertos\Source\portable\MemMang\heap_4.o 
arm-atollic-eabi-gcc -c ..\src\HARDWARE\eeprom.c -mthumb -mcpu=cortex-m3 -std=gnu11 -DSTM32F10X_CL -DUSE_STDPERIPH_DRIVER -I../src -I..\src\APP -I..\src\freertos\Source\include -I..\src\freertos\Source\portable\GCC\ARM_CM3_MPU -I..\src\HARDWARE -I..\src\SYSTEM -I..\src\task -I../Libraries/STM32F10x_StdPeriph_Driver/inc -I../Libraries/CMSIS/Device/ST/STM32F10x/Include -I../Libraries/CMSIS/Include -O0 -ffunction-sections -fdata-sections -g -fstack-usage -Wall -specs=nano.specs -o src\HARDWARE\eeprom.o 
arm-atollic-eabi-gcc -c ..\src\freertos\Source\croutine.c -mthumb -mcpu=cortex-m3 -std=gnu11 -DSTM32F10X_CL -DUSE_STDPERIPH_DRIVER -I../src -I..\src\APP -I..\src\freertos\Source\include -I..\src\freertos\Source\portable\GCC\ARM_CM3_MPU -I..\src\HARDWARE -I..\src\SYSTEM -I..\src\task -I../Libraries/STM32F10x_StdPeriph_Driver/inc -I../Libraries/CMSIS/Device/ST/STM32F10x/Include -I../Libraries/CMSIS/Include -O0 -ffunction-sections -fdata-sections -g -fstack-usage -Wall -specs=nano.specs -o src\freertos\Source\croutine.o 
arm-atollic-eabi-gcc -c ..\Libraries\STM32F10x_StdPeriph_Driver\src\stm32f10x_dbgmcu.c -mthumb -mcpu=cortex-m3 -std=gnu11 -DSTM32F10X_CL -DUSE_STDPERIPH_DRIVER -I../src -I..\src\APP -I..\src\freertos\Source\include -I..\src\freertos\Source\portable\GCC\ARM_CM3_MPU -I..\src\HARDWARE -I..\src\SYSTEM -I..\src\task -I../Libraries/STM32F10x_StdPeriph_Driver/inc -I../Libraries/CMSIS/Device/ST/STM32F10x/Include -I../Libraries/CMSIS/Include -O0 -ffunction-sections -fdata-sections -g -fstack-usage -Wall -specs=nano.specs -o Libraries\STM32F10x_StdPeriph_Driver\src\stm32f10x_dbgmcu.o 
arm-atollic-eabi-gcc -c ..\Libraries\STM32F10x_StdPeriph_Driver\src\stm32f10x_dac.c -mthumb -mcpu=cortex-m3 -std=gnu11 -DSTM32F10X_CL -DUSE_STDPERIPH_DRIVER -I../src -I..\src\APP -I..\src\freertos\Source\include -I..\src\freertos\Source\portable\GCC\ARM_CM3_MPU -I..\src\HARDWARE -I..\src\SYSTEM -I..\src\task -I../Libraries/STM32F10x_StdPeriph_Driver/inc -I../Libraries/CMSIS/Device/ST/STM32F10x/Include -I../Libraries/CMSIS/Include -O0 -ffunction-sections -fdata-sections -g -fstack-usage -Wall -specs=nano.specs -o Libraries\STM32F10x_StdPeriph_Driver\src\stm32f10x_dac.o 
arm-atollic-eabi-gcc -c ..\src\APP\main.c -mthumb -mcpu=cortex-m3 -std=gnu11 -DSTM32F10X_CL -DUSE_STDPERIPH_DRIVER -I../src -I..\src\APP -I..\src\freertos\Source\include -I..\src\freertos\Source\portable\GCC\ARM_CM3_MPU -I..\src\HARDWARE -I..\src\SYSTEM -I..\src\task -I../Libraries/STM32F10x_StdPeriph_Driver/inc -I../Libraries/CMSIS/Device/ST/STM32F10x/Include -I../Libraries/CMSIS/Include -O0 -ffunction-sections -fdata-sections -g -fstack-usage -Wall -specs=nano.specs -o src\APP\main.o 
arm-atollic-eabi-gcc -c ..\src\SYSTEM\can.c -mthumb -mcpu=cortex-m3 -std=gnu11 -DSTM32F10X_CL -DUSE_STDPERIPH_DRIVER -I../src -I..\src\APP -I..\src\freertos\Source\include -I..\src\freertos\Source\portable\GCC\ARM_CM3_MPU -I..\src\HARDWARE -I..\src\SYSTEM -I..\src\task -I../Libraries/STM32F10x_StdPeriph_Driver/inc -I../Libraries/CMSIS/Device/ST/STM32F10x/Include -I../Libraries/CMSIS/Include -O0 -ffunction-sections -fdata-sections -g -fstack-usage -Wall -specs=nano.specs -o src\SYSTEM\can.o 
arm-atollic-eabi-gcc -c ..\Libraries\STM32F10x_StdPeriph_Driver\src\stm32f10x_fsmc.c -mthumb -mcpu=cortex-m3 -std=gnu11 -DSTM32F10X_CL -DUSE_STDPERIPH_DRIVER -I../src -I..\src\APP -I..\src\freertos\Source\include -I..\src\freertos\Source\portable\GCC\ARM_CM3_MPU -I..\src\HARDWARE -I..\src\SYSTEM -I..\src\task -I../Libraries/STM32F10x_StdPeriph_Driver/inc -I../Libraries/CMSIS/Device/ST/STM32F10x/Include -I../Libraries/CMSIS/Include -O0 -ffunction-sections -fdata-sections -g -fstack-usage -Wall -specs=nano.specs -o Libraries\STM32F10x_StdPeriph_Driver\src\stm32f10x_fsmc.o 
arm-atollic-eabi-gcc -c ..\Libraries\STM32F10x_StdPeriph_Driver\src\stm32f10x_exti.c -mthumb -mcpu=cortex-m3 -std=gnu11 -DSTM32F10X_CL -DUSE_STDPERIPH_DRIVER -I../src -I..\src\APP -I..\src\freertos\Source\include -I..\src\freertos\Source\portable\GCC\ARM_CM3_MPU -I..\src\HARDWARE -I..\src\SYSTEM -I..\src\task -I../Libraries/STM32F10x_StdPeriph_Driver/inc -I../Libraries/CMSIS/Device/ST/STM32F10x/Include -I../Libraries/CMSIS/Include -O0 -ffunction-sections -fdata-sections -g -fstack-usage -Wall -specs=nano.specs -o Libraries\STM32F10x_StdPeriph_Driver\src\stm32f10x_exti.o 
arm-atollic-eabi-gcc -c ..\src\APP\stm32f10x_rgb_appliction.c -mthumb -mcpu=cortex-m3 -std=gnu11 -DSTM32F10X_CL -DUSE_STDPERIPH_DRIVER -I../src -I..\src\APP -I..\src\freertos\Source\include -I..\src\freertos\Source\portable\GCC\ARM_CM3_MPU -I..\src\HARDWARE -I..\src\SYSTEM -I..\src\task -I../Libraries/STM32F10x_StdPeriph_Driver/inc -I../Libraries/CMSIS/Device/ST/STM32F10x/Include -I../Libraries/CMSIS/Include -O0 -ffunction-sections -fdata-sections -g -fstack-usage -Wall -specs=nano.specs -o src\APP\stm32f10x_rgb_appliction.o 
In file included from ..\src\APP\stm32f10x_rgb_appliction.c:14:0:
..\src\APP\stm32f10x_rgb_appliction.h:21:34: fatal error: stm32f10x_rgb_matrix.h: No such file or directory
 #include "stm32f10x_rgb_matrix.h"
                                  ^
compilation terminated.
20:43:03 **** Incremental Build of configuration Debug for project salver ****
Info: Internal Builder is used for build
arm-atollic-eabi-gcc -c ..\Libraries\STM32F10x_StdPeriph_Driver\src\stm32f10x_cec.c -mthumb -mcpu=cortex-m3 -std=gnu11 -DSTM32F10X_CL -DUSE_STDPERIPH_DRIVER -I../src -I..\src\APP -I..\src\freertos\Source\include -I..\src\freertos\Source\portable\GCC\ARM_CM3_MPU -I..\src\HARDWARE -I..\src\SYSTEM -I..\src\task -I../Libraries/STM32F10x_StdPeriph_Driver/inc -I../Libraries/CMSIS/Device/ST/STM32F10x/Include -I../Libraries/CMSIS/Include -O0 -ffunction-sections -fdata-sections -g -fstack-usage -Wall -specs=nano.specs -o Libraries\STM32F10x_StdPeriph_Driver\src\stm32f10x_cec.o 
arm-atollic-eabi-gcc -c ..\Libraries\STM32F10x_StdPeriph_Driver\src\stm32f10x_can.c -mthumb -mcpu=cortex-m3 -std=gnu11 -DSTM32F10X_CL -DUSE_STDPERIPH_DRIVER -I../src -I..\src\APP -I..\src\freertos\Source\include -I..\src\freertos\Source\portable\GCC\ARM_CM3_MPU -I..\src\HARDWARE -I..\src\SYSTEM -I..\src\task -I../Libraries/STM32F10x_StdPeriph_Driver/inc -I../Libraries/CMSIS/Device/ST/STM32F10x/Include -I../Libraries/CMSIS/Include -O0 -ffunction-sections -fdata-sections -g -fstack-usage -Wall -specs=nano.specs -o Libraries\STM32F10x_StdPeriph_Driver\src\stm32f10x_can.o 
arm-atollic-eabi-gcc -c ..\Libraries\STM32F10x_StdPeriph_Driver\src\stm32f10x_rtc.c -mthumb -mcpu=cortex-m3 -std=gnu11 -DSTM32F10X_CL -DUSE_STDPERIPH_DRIVER -I../src -I..\src\APP -I..\src\freertos\Source\include -I..\src\freertos\Source\portable\GCC\ARM_CM3_MPU -I..\src\HARDWARE -I..\src\SYSTEM -I..\src\task -I../Libraries/STM32F10x_StdPeriph_Driver/inc -I../Libraries/CMSIS/Device/ST/STM32F10x/Include -I../Libraries/CMSIS/Include -O0 -ffunction-sections -fdata-sections -g -fstack-usage -Wall -specs=nano.specs -o Libraries\STM32F10x_StdPeriph_Driver\src\stm32f10x_rtc.o 
arm-atollic-eabi-gcc -c ..\src\SYSTEM\sys.c -mthumb -mcpu=cortex-m3 -std=gnu11 -DSTM32F10X_CL -DUSE_STDPERIPH_DRIVER -I../src -I..\src\APP -I..\src\freertos\Source\include -I..\src\freertos\Source\portable\GCC\ARM_CM3_MPU -I..\src\HARDWARE -I..\src\SYSTEM -I..\src\task -I../Libraries/STM32F10x_StdPeriph_Driver/inc -I../Libraries/CMSIS/Device/ST/STM32F10x/Include -I../Libraries/CMSIS/Include -O0 -ffunction-sections -fdata-sections -g -fstack-usage -Wall -specs=nano.specs -o src\SYSTEM\sys.o 
..\src\SYSTEM\sys.c:33:7: error: expected '(' before 'void'
 __asm void MSR_MSP(u32 addr)
       ^~~~
20:43:39 **** Incremental Build of configuration Debug for project salver ****
Info: Internal Builder is used for build
arm-atollic-eabi-gcc -c ..\Libraries\STM32F10x_StdPeriph_Driver\src\stm32f10x_flash.c -mthumb -mcpu=cortex-m3 -std=gnu11 -DSTM32F10X_CL -DUSE_STDPERIPH_DRIVER -I../src -I..\src\APP -I..\src\freertos\Source\include -I..\src\freertos\Source\portable\GCC\ARM_CM3_MPU -I..\src\HARDWARE -I..\src\SYSTEM -I..\src\task -I../Libraries/STM32F10x_StdPeriph_Driver/inc -I../Libraries/CMSIS/Device/ST/STM32F10x/Include -I../Libraries/CMSIS/Include -O0 -ffunction-sections -fdata-sections -g -fstack-usage -Wall -specs=nano.specs -o Libraries\STM32F10x_StdPeriph_Driver\src\stm32f10x_flash.o 
arm-atollic-eabi-gcc -c ..\Libraries\STM32F10x_StdPeriph_Driver\src\stm32f10x_bkp.c -mthumb -mcpu=cortex-m3 -std=gnu11 -DSTM32F10X_CL -DUSE_STDPERIPH_DRIVER -I../src -I..\src\APP -I..\src\freertos\Source\include -I..\src\freertos\Source\portable\GCC\ARM_CM3_MPU -I..\src\HARDWARE -I..\src\SYSTEM -I..\src\task -I../Libraries/STM32F10x_StdPeriph_Driver/inc -I../Libraries/CMSIS/Device/ST/STM32F10x/Include -I../Libraries/CMSIS/Include -O0 -ffunction-sections -fdata-sections -g -fstack-usage -Wall -specs=nano.specs -o Libraries\STM32F10x_StdPeriph_Driver\src\stm32f10x_bkp.o 
arm-atollic-eabi-gcc -c ..\src\SYSTEM\sysclock.c -mthumb -mcpu=cortex-m3 -std=gnu11 -DSTM32F10X_CL -DUSE_STDPERIPH_DRIVER -I../src -I..\src\APP -I..\src\freertos\Source\include -I..\src\freertos\Source\portable\GCC\ARM_CM3_MPU -I..\src\HARDWARE -I..\src\SYSTEM -I..\src\task -I../Libraries/STM32F10x_StdPeriph_Driver/inc -I../Libraries/CMSIS/Device/ST/STM32F10x/Include -I../Libraries/CMSIS/Include -O0 -ffunction-sections -fdata-sections -g -fstack-usage -Wall -specs=nano.specs -o src\SYSTEM\sysclock.o 
arm-atollic-eabi-gcc -c ..\src\APP\CanApp.c -mthumb -mcpu=cortex-m3 -std=gnu11 -DSTM32F10X_CL -DUSE_STDPERIPH_DRIVER -I../src -I..\src\APP -I..\src\freertos\Source\include -I..\src\freertos\Source\portable\GCC\ARM_CM3_MPU -I..\src\HARDWARE -I..\src\SYSTEM -I..\src\task -I../Libraries/STM32F10x_StdPeriph_Driver/inc -I../Libraries/CMSIS/Device/ST/STM32F10x/Include -I../Libraries/CMSIS/Include -O0 -ffunction-sections -fdata-sections -g -fstack-usage -Wall -specs=nano.specs -o src\APP\CanApp.o 
arm-atollic-eabi-gcc -c ..\Libraries\STM32F10x_StdPeriph_Driver\src\stm32f10x_dma.c -mthumb -mcpu=cortex-m3 -std=gnu11 -DSTM32F10X_CL -DUSE_STDPERIPH_DRIVER -I../src -I..\src\APP -I..\src\freertos\Source\include -I..\src\freertos\Source\portable\GCC\ARM_CM3_MPU -I..\src\HARDWARE -I..\src\SYSTEM -I..\src\task -I../Libraries/STM32F10x_StdPeriph_Driver/inc -I../Libraries/CMSIS/Device/ST/STM32F10x/Include -I../Libraries/CMSIS/Include -O0 -ffunction-sections -fdata-sections -g -fstack-usage -Wall -specs=nano.specs -o Libraries\STM32F10x_StdPeriph_Driver\src\stm32f10x_dma.o 
arm-atollic-eabi-gcc -c ..\src\HARDWARE\at24qtxx.c -mthumb -mcpu=cortex-m3 -std=gnu11 -DSTM32F10X_CL -DUSE_STDPERIPH_DRIVER -I../src -I..\src\APP -I..\src\freertos\Source\include -I..\src\freertos\Source\portable\GCC\ARM_CM3_MPU -I..\src\HARDWARE -I..\src\SYSTEM -I..\src\task -I../Libraries/STM32F10x_StdPeriph_Driver/inc -I../Libraries/CMSIS/Device/ST/STM32F10x/Include -I../Libraries/CMSIS/Include -O0 -ffunction-sections -fdata-sections -g -fstack-usage -Wall -specs=nano.specs -o src\HARDWARE\at24qtxx.o 
arm-atollic-eabi-gcc -c ..\Libraries\STM32F10x_StdPeriph_Driver\src\stm32f10x_gpio.c -mthumb -mcpu=cortex-m3 -std=gnu11 -DSTM32F10X_CL -DUSE_STDPERIPH_DRIVER -I../src -I..\src\APP -I..\src\freertos\Source\include -I..\src\freertos\Source\portable\GCC\ARM_CM3_MPU -I..\src\HARDWARE -I..\src\SYSTEM -I..\src\task -I../Libraries/STM32F10x_StdPeriph_Driver/inc -I../Libraries/CMSIS/Device/ST/STM32F10x/Include -I../Libraries/CMSIS/Include -O0 -ffunction-sections -fdata-sections -g -fstack-usage -Wall -specs=nano.specs -o Libraries\STM32F10x_StdPeriph_Driver\src\stm32f10x_gpio.o 
arm-atollic-eabi-gcc -c ..\src\freertos\Source\tasks.c -mthumb -mcpu=cortex-m3 -std=gnu11 -DSTM32F10X_CL -DUSE_STDPERIPH_DRIVER -I../src -I..\src\APP -I..\src\freertos\Source\include -I..\src\freertos\Source\portable\GCC\ARM_CM3_MPU -I..\src\HARDWARE -I..\src\SYSTEM -I..\src\task -I../Libraries/STM32F10x_StdPeriph_Driver/inc -I../Libraries/CMSIS/Device/ST/STM32F10x/Include -I../Libraries/CMSIS/Include -O0 -ffunction-sections -fdata-sections -g -fstack-usage -Wall -specs=nano.specs -o src\freertos\Source\tasks.o 
arm-atollic-eabi-gcc -c ..\Libraries\STM32F10x_StdPeriph_Driver\src\stm32f10x_tim.c -mthumb -mcpu=cortex-m3 -std=gnu11 -DSTM32F10X_CL -DUSE_STDPERIPH_DRIVER -I../src -I..\src\APP -I..\src\freertos\Source\include -I..\src\freertos\Source\portable\GCC\ARM_CM3_MPU -I..\src\HARDWARE -I..\src\SYSTEM -I..\src\task -I../Libraries/STM32F10x_StdPeriph_Driver/inc -I../Libraries/CMSIS/Device/ST/STM32F10x/Include -I../Libraries/CMSIS/Include -O0 -ffunction-sections -fdata-sections -g -fstack-usage -Wall -specs=nano.specs -o Libraries\STM32F10x_StdPeriph_Driver\src\stm32f10x_tim.o 
arm-atollic-eabi-gcc -c ..\src\freertos\Source\timers.c -mthumb -mcpu=cortex-m3 -std=gnu11 -DSTM32F10X_CL -DUSE_STDPERIPH_DRIVER -I../src -I..\src\APP -I..\src\freertos\Source\include -I..\src\freertos\Source\portable\GCC\ARM_CM3_MPU -I..\src\HARDWARE -I..\src\SYSTEM -I..\src\task -I../Libraries/STM32F10x_StdPeriph_Driver/inc -I../Libraries/CMSIS/Device/ST/STM32F10x/Include -I../Libraries/CMSIS/Include -O0 -ffunction-sections -fdata-sections -g -fstack-usage -Wall -specs=nano.specs -o src\freertos\Source\timers.o 
arm-atollic-eabi-gcc -c ..\src\SYSTEM\iic.c -mthumb -mcpu=cortex-m3 -std=gnu11 -DSTM32F10X_CL -DUSE_STDPERIPH_DRIVER -I../src -I..\src\APP -I..\src\freertos\Source\include -I..\src\freertos\Source\portable\GCC\ARM_CM3_MPU -I..\src\HARDWARE -I..\src\SYSTEM -I..\src\task -I../Libraries/STM32F10x_StdPeriph_Driver/inc -I../Libraries/CMSIS/Device/ST/STM32F10x/Include -I../Libraries/CMSIS/Include -O0 -ffunction-sections -fdata-sections -g -fstack-usage -Wall -specs=nano.specs -o src\SYSTEM\iic.o 
arm-atollic-eabi-gcc -c ..\src\task\peridic.c -mthumb -mcpu=cortex-m3 -std=gnu11 -DSTM32F10X_CL -DUSE_STDPERIPH_DRIVER -I../src -I..\src\APP -I..\src\freertos\Source\include -I..\src\freertos\Source\portable\GCC\ARM_CM3_MPU -I..\src\HARDWARE -I..\src\SYSTEM -I..\src\task -I../Libraries/STM32F10x_StdPeriph_Driver/inc -I../Libraries/CMSIS/Device/ST/STM32F10x/Include -I../Libraries/CMSIS/Include -O0 -ffunction-sections -fdata-sections -g -fstack-usage -Wall -specs=nano.specs -o src\task\peridic.o 
arm-atollic-eabi-gcc -c ..\Libraries\STM32F10x_StdPeriph_Driver\src\stm32f10x_rcc.c -mthumb -mcpu=cortex-m3 -std=gnu11 -DSTM32F10X_CL -DUSE_STDPERIPH_DRIVER -I../src -I..\src\APP -I..\src\freertos\Source\include -I..\src\freertos\Source\portable\GCC\ARM_CM3_MPU -I..\src\HARDWARE -I..\src\SYSTEM -I..\src\task -I../Libraries/STM32F10x_StdPeriph_Driver/inc -I../Libraries/CMSIS/Device/ST/STM32F10x/Include -I../Libraries/CMSIS/Include -O0 -ffunction-sections -fdata-sections -g -fstack-usage -Wall -specs=nano.specs -o Libraries\STM32F10x_StdPeriph_Driver\src\stm32f10x_rcc.o 
arm-atollic-eabi-gcc -c ..\src\system_stm32f10x.c -mthumb -mcpu=cortex-m3 -std=gnu11 -DSTM32F10X_CL -DUSE_STDPERIPH_DRIVER -I../src -I..\src\APP -I..\src\freertos\Source\include -I..\src\freertos\Source\portable\GCC\ARM_CM3_MPU -I..\src\HARDWARE -I..\src\SYSTEM -I..\src\task -I../Libraries/STM32F10x_StdPeriph_Driver/inc -I../Libraries/CMSIS/Device/ST/STM32F10x/Include -I../Libraries/CMSIS/Include -O0 -ffunction-sections -fdata-sections -g -fstack-usage -Wall -specs=nano.specs -o src\system_stm32f10x.o 
arm-atollic-eabi-gcc -c ..\src\SYSTEM\iwdog.c -mthumb -mcpu=cortex-m3 -std=gnu11 -DSTM32F10X_CL -DUSE_STDPERIPH_DRIVER -I../src -I..\src\APP -I..\src\freertos\Source\include -I..\src\freertos\Source\portable\GCC\ARM_CM3_MPU -I..\src\HARDWARE -I..\src\SYSTEM -I..\src\task -I../Libraries/STM32F10x_StdPeriph_Driver/inc -I../Libraries/CMSIS/Device/ST/STM32F10x/Include -I../Libraries/CMSIS/Include -O0 -ffunction-sections -fdata-sections -g -fstack-usage -Wall -specs=nano.specs -o src\SYSTEM\iwdog.o 
arm-atollic-eabi-gcc -c ..\src\HARDWARE\bitmap.c -mthumb -mcpu=cortex-m3 -std=gnu11 -DSTM32F10X_CL -DUSE_STDPERIPH_DRIVER -I../src -I..\src\APP -I..\src\freertos\Source\include -I..\src\freertos\Source\portable\GCC\ARM_CM3_MPU -I..\src\HARDWARE -I..\src\SYSTEM -I..\src\task -I../Libraries/STM32F10x_StdPeriph_Driver/inc -I../Libraries/CMSIS/Device/ST/STM32F10x/Include -I../Libraries/CMSIS/Include -O0 -ffunction-sections -fdata-sections -g -fstack-usage -Wall -specs=nano.specs -o src\HARDWARE\bitmap.o 
arm-atollic-eabi-gcc -c ..\Libraries\STM32F10x_StdPeriph_Driver\src\stm32f10x_wwdg.c -mthumb -mcpu=cortex-m3 -std=gnu11 -DSTM32F10X_CL -DUSE_STDPERIPH_DRIVER -I../src -I..\src\APP -I..\src\freertos\Source\include -I..\src\freertos\Source\portable\GCC\ARM_CM3_MPU -I..\src\HARDWARE -I..\src\SYSTEM -I..\src\task -I../Libraries/STM32F10x_StdPeriph_Driver/inc -I../Libraries/CMSIS/Device/ST/STM32F10x/Include -I../Libraries/CMSIS/Include -O0 -ffunction-sections -fdata-sections -g -fstack-usage -Wall -specs=nano.specs -o Libraries\STM32F10x_StdPeriph_Driver\src\stm32f10x_wwdg.o 
arm-atollic-eabi-gcc -c ..\src\APP\stm32f10x_it.c -mthumb -mcpu=cortex-m3 -std=gnu11 -DSTM32F10X_CL -DUSE_STDPERIPH_DRIVER -I../src -I..\src\APP -I..\src\freertos\Source\include -I..\src\freertos\Source\portable\GCC\ARM_CM3_MPU -I..\src\HARDWARE -I..\src\SYSTEM -I..\src\task -I../Libraries/STM32F10x_StdPeriph_Driver/inc -I../Libraries/CMSIS/Device/ST/STM32F10x/Include -I../Libraries/CMSIS/Include -O0 -ffunction-sections -fdata-sections -g -fstack-usage -Wall -specs=nano.specs -o src\APP\stm32f10x_it.o 
arm-atollic-eabi-gcc -c ..\src\freertos\Source\event_groups.c -mthumb -mcpu=cortex-m3 -std=gnu11 -DSTM32F10X_CL -DUSE_STDPERIPH_DRIVER -I../src -I..\src\APP -I..\src\freertos\Source\include -I..\src\freertos\Source\portable\GCC\ARM_CM3_MPU -I..\src\HARDWARE -I..\src\SYSTEM -I..\src\task -I../Libraries/STM32F10x_StdPeriph_Driver/inc -I../Libraries/CMSIS/Device/ST/STM32F10x/Include -I../Libraries/CMSIS/Include -O0 -ffunction-sections -fdata-sections -g -fstack-usage -Wall -specs=nano.specs -o src\freertos\Source\event_groups.o 
arm-atollic-eabi-gcc -c ..\Libraries\STM32F10x_StdPeriph_Driver\src\stm32f10x_crc.c -mthumb -mcpu=cortex-m3 -std=gnu11 -DSTM32F10X_CL -DUSE_STDPERIPH_DRIVER -I../src -I..\src\APP -I..\src\freertos\Source\include -I..\src\freertos\Source\portable\GCC\ARM_CM3_MPU -I..\src\HARDWARE -I..\src\SYSTEM -I..\src\task -I../Libraries/STM32F10x_StdPeriph_Driver/inc -I../Libraries/CMSIS/Device/ST/STM32F10x/Include -I../Libraries/CMSIS/Include -O0 -ffunction-sections -fdata-sections -g -fstack-usage -Wall -specs=nano.specs -o Libraries\STM32F10x_StdPeriph_Driver\src\stm32f10x_crc.o 
arm-atollic-eabi-gcc -c ..\src\HARDWARE\ws2812b.c -mthumb -mcpu=cortex-m3 -std=gnu11 -DSTM32F10X_CL -DUSE_STDPERIPH_DRIVER -I../src -I..\src\APP -I..\src\freertos\Source\include -I..\src\freertos\Source\portable\GCC\ARM_CM3_MPU -I..\src\HARDWARE -I..\src\SYSTEM -I..\src\task -I../Libraries/STM32F10x_StdPeriph_Driver/inc -I../Libraries/CMSIS/Device/ST/STM32F10x/Include -I../Libraries/CMSIS/Include -O0 -ffunction-sections -fdata-sections -g -fstack-usage -Wall -specs=nano.specs -o src\HARDWARE\ws2812b.o 
arm-atollic-eabi-gcc -c ..\src\freertos\Source\queue.c -mthumb -mcpu=cortex-m3 -std=gnu11 -DSTM32F10X_CL -DUSE_STDPERIPH_DRIVER -I../src -I..\src\APP -I..\src\freertos\Source\include -I..\src\freertos\Source\portable\GCC\ARM_CM3_MPU -I..\src\HARDWARE -I..\src\SYSTEM -I..\src\task -I../Libraries/STM32F10x_StdPeriph_Driver/inc -I../Libraries/CMSIS/Device/ST/STM32F10x/Include -I../Libraries/CMSIS/Include -O0 -ffunction-sections -fdata-sections -g -fstack-usage -Wall -specs=nano.specs -o src\freertos\Source\queue.o 
arm-atollic-eabi-gcc -c ..\Libraries\STM32F10x_StdPeriph_Driver\src\stm32f10x_sdio.c -mthumb -mcpu=cortex-m3 -std=gnu11 -DSTM32F10X_CL -DUSE_STDPERIPH_DRIVER -I../src -I..\src\APP -I..\src\freertos\Source\include -I..\src\freertos\Source\portable\GCC\ARM_CM3_MPU -I..\src\HARDWARE -I..\src\SYSTEM -I..\src\task -I../Libraries/STM32F10x_StdPeriph_Driver/inc -I../Libraries/CMSIS/Device/ST/STM32F10x/Include -I../Libraries/CMSIS/Include -O0 -ffunction-sections -fdata-sections -g -fstack-usage -Wall -specs=nano.specs -o Libraries\STM32F10x_StdPeriph_Driver\src\stm32f10x_sdio.o 
arm-atollic-eabi-gcc -c ..\src\HARDWARE\led.c -mthumb -mcpu=cortex-m3 -std=gnu11 -DSTM32F10X_CL -DUSE_STDPERIPH_DRIVER -I../src -I..\src\APP -I..\src\freertos\Source\include -I..\src\freertos\Source\portable\GCC\ARM_CM3_MPU -I..\src\HARDWARE -I..\src\SYSTEM -I..\src\task -I../Libraries/STM32F10x_StdPeriph_Driver/inc -I../Libraries/CMSIS/Device/ST/STM32F10x/Include -I../Libraries/CMSIS/Include -O0 -ffunction-sections -fdata-sections -g -fstack-usage -Wall -specs=nano.specs -o src\HARDWARE\led.o 
arm-atollic-eabi-gcc -c ..\Libraries\STM32F10x_StdPeriph_Driver\src\misc.c -mthumb -mcpu=cortex-m3 -std=gnu11 -DSTM32F10X_CL -DUSE_STDPERIPH_DRIVER -I../src -I..\src\APP -I..\src\freertos\Source\include -I..\src\freertos\Source\portable\GCC\ARM_CM3_MPU -I..\src\HARDWARE -I..\src\SYSTEM -I..\src\task -I../Libraries/STM32F10x_StdPeriph_Driver/inc -I../Libraries/CMSIS/Device/ST/STM32F10x/Include -I../Libraries/CMSIS/Include -O0 -ffunction-sections -fdata-sections -g -fstack-usage -Wall -specs=nano.specs -o Libraries\STM32F10x_StdPeriph_Driver\src\misc.o 
arm-atollic-eabi-gcc -c ..\Libraries\STM32F10x_StdPeriph_Driver\src\stm32f10x_usart.c -mthumb -mcpu=cortex-m3 -std=gnu11 -DSTM32F10X_CL -DUSE_STDPERIPH_DRIVER -I../src -I..\src\APP -I..\src\freertos\Source\include -I..\src\freertos\Source\portable\GCC\ARM_CM3_MPU -I..\src\HARDWARE -I..\src\SYSTEM -I..\src\task -I../Libraries/STM32F10x_StdPeriph_Driver/inc -I../Libraries/CMSIS/Device/ST/STM32F10x/Include -I../Libraries/CMSIS/Include -O0 -ffunction-sections -fdata-sections -g -fstack-usage -Wall -specs=nano.specs -o Libraries\STM32F10x_StdPeriph_Driver\src\stm32f10x_usart.o 
arm-atollic-eabi-gcc -c ..\src\SYSTEM\sys.c -mthumb -mcpu=cortex-m3 -std=gnu11 -DSTM32F10X_CL -DUSE_STDPERIPH_DRIVER -I../src -I..\src\APP -I..\src\freertos\Source\include -I..\src\freertos\Source\portable\GCC\ARM_CM3_MPU -I..\src\HARDWARE -I..\src\SYSTEM -I..\src\task -I../Libraries/STM32F10x_StdPeriph_Driver/inc -I../Libraries/CMSIS/Device/ST/STM32F10x/Include -I../Libraries/CMSIS/Include -O0 -ffunction-sections -fdata-sections -g -fstack-usage -Wall -specs=nano.specs -o src\SYSTEM\sys.o 
arm-atollic-eabi-gcc -c ..\Libraries\STM32F10x_StdPeriph_Driver\src\stm32f10x_spi.c -mthumb -mcpu=cortex-m3 -std=gnu11 -DSTM32F10X_CL -DUSE_STDPERIPH_DRIVER -I../src -I..\src\APP -I..\src\freertos\Source\include -I..\src\freertos\Source\portable\GCC\ARM_CM3_MPU -I..\src\HARDWARE -I..\src\SYSTEM -I..\src\task -I../Libraries/STM32F10x_StdPeriph_Driver/inc -I../Libraries/CMSIS/Device/ST/STM32F10x/Include -I../Libraries/CMSIS/Include -O0 -ffunction-sections -fdata-sections -g -fstack-usage -Wall -specs=nano.specs -o Libraries\STM32F10x_StdPeriph_Driver\src\stm32f10x_spi.o 
arm-atollic-eabi-gcc -c ..\src\freertos\Source\portable\GCC\ARM_CM3_MPU\port.c -mthumb -mcpu=cortex-m3 -std=gnu11 -DSTM32F10X_CL -DUSE_STDPERIPH_DRIVER -I../src -I..\src\APP -I..\src\freertos\Source\include -I..\src\freertos\Source\portable\GCC\ARM_CM3_MPU -I..\src\HARDWARE -I..\src\SYSTEM -I..\src\task -I../Libraries/STM32F10x_StdPeriph_Driver/inc -I../Libraries/CMSIS/Device/ST/STM32F10x/Include -I../Libraries/CMSIS/Include -O0 -ffunction-sections -fdata-sections -g -fstack-usage -Wall -specs=nano.specs -o src\freertos\Source\portable\GCC\ARM_CM3_MPU\port.o 
arm-atollic-eabi-gcc -c ..\src\freertos\Source\stream_buffer.c -mthumb -mcpu=cortex-m3 -std=gnu11 -DSTM32F10X_CL -DUSE_STDPERIPH_DRIVER -I../src -I..\src\APP -I..\src\freertos\Source\include -I..\src\freertos\Source\portable\GCC\ARM_CM3_MPU -I..\src\HARDWARE -I..\src\SYSTEM -I..\src\task -I../Libraries/STM32F10x_StdPeriph_Driver/inc -I../Libraries/CMSIS/Device/ST/STM32F10x/Include -I../Libraries/CMSIS/Include -O0 -ffunction-sections -fdata-sections -g -fstack-usage -Wall -specs=nano.specs -o src\freertos\Source\stream_buffer.o 
arm-atollic-eabi-gcc -c ..\src\freertos\Source\list.c -mthumb -mcpu=cortex-m3 -std=gnu11 -DSTM32F10X_CL -DUSE_STDPERIPH_DRIVER -I../src -I..\src\APP -I..\src\freertos\Source\include -I..\src\freertos\Source\portable\GCC\ARM_CM3_MPU -I..\src\HARDWARE -I..\src\SYSTEM -I..\src\task -I../Libraries/STM32F10x_StdPeriph_Driver/inc -I../Libraries/CMSIS/Device/ST/STM32F10x/Include -I../Libraries/CMSIS/Include -O0 -ffunction-sections -fdata-sections -g -fstack-usage -Wall -specs=nano.specs -o src\freertos\Source\list.o 
arm-atollic-eabi-gcc -c ..\Libraries\STM32F10x_StdPeriph_Driver\src\stm32f10x_iwdg.c -mthumb -mcpu=cortex-m3 -std=gnu11 -DSTM32F10X_CL -DUSE_STDPERIPH_DRIVER -I../src -I..\src\APP -I..\src\freertos\Source\include -I..\src\freertos\Source\portable\GCC\ARM_CM3_MPU -I..\src\HARDWARE -I..\src\SYSTEM -I..\src\task -I../Libraries/STM32F10x_StdPeriph_Driver/inc -I../Libraries/CMSIS/Device/ST/STM32F10x/Include -I../Libraries/CMSIS/Include -O0 -ffunction-sections -fdata-sections -g -fstack-usage -Wall -specs=nano.specs -o Libraries\STM32F10x_StdPeriph_Driver\src\stm32f10x_iwdg.o 
arm-atollic-eabi-gcc -c ..\src\SYSTEM\gpioInit.c -mthumb -mcpu=cortex-m3 -std=gnu11 -DSTM32F10X_CL -DUSE_STDPERIPH_DRIVER -I../src -I..\src\APP -I..\src\freertos\Source\include -I..\src\freertos\Source\portable\GCC\ARM_CM3_MPU -I..\src\HARDWARE -I..\src\SYSTEM -I..\src\task -I../Libraries/STM32F10x_StdPeriph_Driver/inc -I../Libraries/CMSIS/Device/ST/STM32F10x/Include -I../Libraries/CMSIS/Include -O0 -ffunction-sections -fdata-sections -g -fstack-usage -Wall -specs=nano.specs -o src\SYSTEM\gpioInit.o 
arm-atollic-eabi-gcc -c ..\Libraries\STM32F10x_StdPeriph_Driver\src\stm32f10x_i2c.c -mthumb -mcpu=cortex-m3 -std=gnu11 -DSTM32F10X_CL -DUSE_STDPERIPH_DRIVER -I../src -I..\src\APP -I..\src\freertos\Source\include -I..\src\freertos\Source\portable\GCC\ARM_CM3_MPU -I..\src\HARDWARE -I..\src\SYSTEM -I..\src\task -I../Libraries/STM32F10x_StdPeriph_Driver/inc -I../Libraries/CMSIS/Device/ST/STM32F10x/Include -I../Libraries/CMSIS/Include -O0 -ffunction-sections -fdata-sections -g -fstack-usage -Wall -specs=nano.specs -o Libraries\STM32F10x_StdPeriph_Driver\src\stm32f10x_i2c.o 
arm-atollic-eabi-gcc -c ..\src\SYSTEM\rand.c -mthumb -mcpu=cortex-m3 -std=gnu11 -DSTM32F10X_CL -DUSE_STDPERIPH_DRIVER -I../src -I..\src\APP -I..\src\freertos\Source\include -I..\src\freertos\Source\portable\GCC\ARM_CM3_MPU -I..\src\HARDWARE -I..\src\SYSTEM -I..\src\task -I../Libraries/STM32F10x_StdPeriph_Driver/inc -I../Libraries/CMSIS/Device/ST/STM32F10x/Include -I../Libraries/CMSIS/Include -O0 -ffunction-sections -fdata-sections -g -fstack-usage -Wall -specs=nano.specs -o src\SYSTEM\rand.o 
arm-atollic-eabi-gcc -c ..\src\SYSTEM\delay.c -mthumb -mcpu=cortex-m3 -std=gnu11 -DSTM32F10X_CL -DUSE_STDPERIPH_DRIVER -I../src -I..\src\APP -I..\src\freertos\Source\include -I..\src\freertos\Source\portable\GCC\ARM_CM3_MPU -I..\src\HARDWARE -I..\src\SYSTEM -I..\src\task -I../Libraries/STM32F10x_StdPeriph_Driver/inc -I../Libraries/CMSIS/Device/ST/STM32F10x/Include -I../Libraries/CMSIS/Include -O0 -ffunction-sections -fdata-sections -g -fstack-usage -Wall -specs=nano.specs -o src\SYSTEM\delay.o 
arm-atollic-eabi-gcc -o salver.elf Libraries\STM32F10x_StdPeriph_Driver\src\misc.o Libraries\STM32F10x_StdPeriph_Driver\src\stm32f10x_adc.o Libraries\STM32F10x_StdPeriph_Driver\src\stm32f10x_bkp.o Libraries\STM32F10x_StdPeriph_Driver\src\stm32f10x_can.o Libraries\STM32F10x_StdPeriph_Driver\src\stm32f10x_cec.o Libraries\STM32F10x_StdPeriph_Driver\src\stm32f10x_crc.o Libraries\STM32F10x_StdPeriph_Driver\src\stm32f10x_dac.o Libraries\STM32F10x_StdPeriph_Driver\src\stm32f10x_dbgmcu.o Libraries\STM32F10x_StdPeriph_Driver\src\stm32f10x_dma.o Libraries\STM32F10x_StdPeriph_Driver\src\stm32f10x_exti.o Libraries\STM32F10x_StdPeriph_Driver\src\stm32f10x_flash.o Libraries\STM32F10x_StdPeriph_Driver\src\stm32f10x_fsmc.o Libraries\STM32F10x_StdPeriph_Driver\src\stm32f10x_gpio.o Libraries\STM32F10x_StdPeriph_Driver\src\stm32f10x_i2c.o Libraries\STM32F10x_StdPeriph_Driver\src\stm32f10x_iwdg.o Libraries\STM32F10x_StdPeriph_Driver\src\stm32f10x_pwr.o Libraries\STM32F10x_StdPeriph_Driver\src\stm32f10x_rcc.o Libraries\STM32F10x_StdPeriph_Driver\src\stm32f10x_rtc.o Libraries\STM32F10x_StdPeriph_Driver\src\stm32f10x_sdio.o Libraries\STM32F10x_StdPeriph_Driver\src\stm32f10x_spi.o Libraries\STM32F10x_StdPeriph_Driver\src\stm32f10x_tim.o Libraries\STM32F10x_StdPeriph_Driver\src\stm32f10x_usart.o Libraries\STM32F10x_StdPeriph_Driver\src\stm32f10x_wwdg.o src\APP\CanApp.o src\APP\main.o src\APP\stm32f10x_it.o src\HARDWARE\at24qtxx.o src\HARDWARE\bitmap.o src\HARDWARE\eeprom.o src\HARDWARE\led.o src\HARDWARE\ws2812b.o src\SYSTEM\can.o src\SYSTEM\delay.o src\SYSTEM\gpioInit.o src\SYSTEM\iic.o src\SYSTEM\iwdog.o src\SYSTEM\rand.o src\SYSTEM\sys.o src\SYSTEM\sysclock.o src\SYSTEM\wwdog.o src\freertos\Source\croutine.o src\freertos\Source\event_groups.o src\freertos\Source\list.o src\freertos\Source\portable\GCC\ARM_CM3_MPU\port.o src\freertos\Source\portable\MemMang\heap_4.o src\freertos\Source\queue.o src\freertos\Source\stream_buffer.o src\freertos\Source\tasks.o src\freertos\Source\timers.o src\startup_stm32f10x_cl.o src\system_stm32f10x.o src\task\peridic.o -mthumb -mcpu=cortex-m3 -T../stm32_flash.ld -specs=nosys.specs -static -Wl,-cref,-u,Reset_Handler -Wl,-Map=salver.map -Wl,--gc-sections -Wl,--defsym=malloc_getpagesize_P=0x80 -Wl,--start-group -lc -lm -Wl,--end-group -specs=nano.specs 
src\freertos\Source\portable\GCC\ARM_CM3_MPU\port.o: In function `vPortStoreTaskMPUSettings':
C:\workspacePrivate\lijianye\code\ljyGame\salver\salver\Debug/..\src\freertos\Source\portable\GCC\ARM_CM3_MPU/port.c:699: undefined reference to `__SRAM_segment_start__'
C:\workspacePrivate\lijianye\code\ljyGame\salver\salver\Debug/..\src\freertos\Source\portable\GCC\ARM_CM3_MPU/port.c:699: undefined reference to `__SRAM_segment_end__'
C:\workspacePrivate\lijianye\code\ljyGame\salver\salver\Debug/..\src\freertos\Source\portable\GCC\ARM_CM3_MPU/port.c:699: undefined reference to `__privileged_data_start__'
C:\workspacePrivate\lijianye\code\ljyGame\salver\salver\Debug/..\src\freertos\Source\portable\GCC\ARM_CM3_MPU/port.c:699: undefined reference to `__privileged_data_end__'
src\freertos\Source\portable\GCC\ARM_CM3_MPU\port.o: In function `prvSetupMPU':
C:\workspacePrivate\lijianye\code\ljyGame\salver\salver\Debug/..\src\freertos\Source\portable\GCC\ARM_CM3_MPU/port.c:561: undefined reference to `__FLASH_segment_start__'
C:\workspacePrivate\lijianye\code\ljyGame\salver\salver\Debug/..\src\freertos\Source\portable\GCC\ARM_CM3_MPU/port.c:561: undefined reference to `__FLASH_segment_end__'
C:\workspacePrivate\lijianye\code\ljyGame\salver\salver\Debug/..\src\freertos\Source\portable\GCC\ARM_CM3_MPU/port.c:561: undefined reference to `__privileged_functions_end__'
C:\workspacePrivate\lijianye\code\ljyGame\salver\salver\Debug/..\src\freertos\Source\portable\GCC\ARM_CM3_MPU/port.c:561: undefined reference to `__privileged_data_start__'
C:\workspacePrivate\lijianye\code\ljyGame\salver\salver\Debug/..\src\freertos\Source\portable\GCC\ARM_CM3_MPU/port.c:561: undefined reference to `__privileged_data_end__'
src\freertos\Source\tasks.o: In function `xTaskIncrementTick':
C:\workspacePrivate\lijianye\code\ljyGame\salver\salver\Debug/..\src\freertos\Source/tasks.c:2722: undefined reference to `vApplicationTickHook'
C:\workspacePrivate\lijianye\code\ljyGame\salver\salver\Debug/..\src\freertos\Source/tasks.c:2739: undefined reference to `vApplicationTickHook'
src\freertos\Source\tasks.o: In function `prvIdleTask':
C:\workspacePrivate\lijianye\code\ljyGame\salver\salver\Debug/..\src\freertos\Source/tasks.c:3284: undefined reference to `vApplicationIdleHook'
src\freertos\Source\timers.o: In function `prvTimerTask':
C:\workspacePrivate\lijianye\code\ljyGame\salver\salver\Debug/..\src\freertos\Source/timers.c:518: undefined reference to `vApplicationDaemonTaskStartupHook'
collect2.exe: error: ld returned 1 exit status
20:45:00 **** Incremental Build of configuration Debug for project salver ****
Info: Internal Builder is used for build
arm-atollic-eabi-gcc -c ..\src\freertos\Source\croutine.c -mthumb -mcpu=cortex-m3 -std=gnu11 -DSTM32F10X_CL -DUSE_STDPERIPH_DRIVER -I../src -I..\src\APP -I..\src\freertos\Source\include -I..\src\freertos\Source\portable\GCC\ARM_CM3_MPU -I..\src\HARDWARE -I..\src\SYSTEM -I..\src\task -I../Libraries/STM32F10x_StdPeriph_Driver/inc -I../Libraries/CMSIS/Device/ST/STM32F10x/Include -I../Libraries/CMSIS/Include -O0 -ffunction-sections -fdata-sections -g -fstack-usage -Wall -specs=nano.specs -o src\freertos\Source\croutine.o 
In file included from ..\src\freertos\Source\include/FreeRTOS.h:62:0,
                 from ..\src\freertos\Source\croutine.c:28:
..\src\freertos\Source\include/portable.h:52:24: fatal error: portmacro.h: No such file or directory
  #include "portmacro.h"
                        ^
compilation terminated.
20:46:03 **** Incremental Build of configuration Debug for project salver ****
Info: Internal Builder is used for build
arm-atollic-eabi-gcc -c ..\src\SYSTEM\delay.c -mthumb -mcpu=cortex-m3 -std=gnu11 -DSTM32F10X_CL -DUSE_STDPERIPH_DRIVER -I../src -I..\src\APP -I..\src\freertos\Source\include -I..\src\freertos\Source\portable\GCC\ARM_CM3 -I..\src\HARDWARE -I..\src\SYSTEM -I..\src\task -I../Libraries/STM32F10x_StdPeriph_Driver/inc -I../Libraries/CMSIS/Device/ST/STM32F10x/Include -I../Libraries/CMSIS/Include -O0 -ffunction-sections -fdata-sections -g -fstack-usage -Wall -specs=nano.specs -o src\SYSTEM\delay.o 
arm-atollic-eabi-gcc -c ..\src\SYSTEM\gpioInit.c -mthumb -mcpu=cortex-m3 -std=gnu11 -DSTM32F10X_CL -DUSE_STDPERIPH_DRIVER -I../src -I..\src\APP -I..\src\freertos\Source\include -I..\src\freertos\Source\portable\GCC\ARM_CM3 -I..\src\HARDWARE -I..\src\SYSTEM -I..\src\task -I../Libraries/STM32F10x_StdPeriph_Driver/inc -I../Libraries/CMSIS/Device/ST/STM32F10x/Include -I../Libraries/CMSIS/Include -O0 -ffunction-sections -fdata-sections -g -fstack-usage -Wall -specs=nano.specs -o src\SYSTEM\gpioInit.o 
arm-atollic-eabi-gcc -c ..\Libraries\STM32F10x_StdPeriph_Driver\src\stm32f10x_tim.c -mthumb -mcpu=cortex-m3 -std=gnu11 -DSTM32F10X_CL -DUSE_STDPERIPH_DRIVER -I../src -I..\src\APP -I..\src\freertos\Source\include -I..\src\freertos\Source\portable\GCC\ARM_CM3 -I..\src\HARDWARE -I..\src\SYSTEM -I..\src\task -I../Libraries/STM32F10x_StdPeriph_Driver/inc -I../Libraries/CMSIS/Device/ST/STM32F10x/Include -I../Libraries/CMSIS/Include -O0 -ffunction-sections -fdata-sections -g -fstack-usage -Wall -specs=nano.specs -o Libraries\STM32F10x_StdPeriph_Driver\src\stm32f10x_tim.o 
arm-atollic-eabi-gcc -c ..\src\SYSTEM\sys.c -mthumb -mcpu=cortex-m3 -std=gnu11 -DSTM32F10X_CL -DUSE_STDPERIPH_DRIVER -I../src -I..\src\APP -I..\src\freertos\Source\include -I..\src\freertos\Source\portable\GCC\ARM_CM3 -I..\src\HARDWARE -I..\src\SYSTEM -I..\src\task -I../Libraries/STM32F10x_StdPeriph_Driver/inc -I../Libraries/CMSIS/Device/ST/STM32F10x/Include -I../Libraries/CMSIS/Include -O0 -ffunction-sections -fdata-sections -g -fstack-usage -Wall -specs=nano.specs -o src\SYSTEM\sys.o 
arm-atollic-eabi-gcc -c ..\src\task\peridic.c -mthumb -mcpu=cortex-m3 -std=gnu11 -DSTM32F10X_CL -DUSE_STDPERIPH_DRIVER -I../src -I..\src\APP -I..\src\freertos\Source\include -I..\src\freertos\Source\portable\GCC\ARM_CM3 -I..\src\HARDWARE -I..\src\SYSTEM -I..\src\task -I../Libraries/STM32F10x_StdPeriph_Driver/inc -I../Libraries/CMSIS/Device/ST/STM32F10x/Include -I../Libraries/CMSIS/Include -O0 -ffunction-sections -fdata-sections -g -fstack-usage -Wall -specs=nano.specs -o src\task\peridic.o 
arm-atollic-eabi-gcc -c ..\Libraries\STM32F10x_StdPeriph_Driver\src\stm32f10x_sdio.c -mthumb -mcpu=cortex-m3 -std=gnu11 -DSTM32F10X_CL -DUSE_STDPERIPH_DRIVER -I../src -I..\src\APP -I..\src\freertos\Source\include -I..\src\freertos\Source\portable\GCC\ARM_CM3 -I..\src\HARDWARE -I..\src\SYSTEM -I..\src\task -I../Libraries/STM32F10x_StdPeriph_Driver/inc -I../Libraries/CMSIS/Device/ST/STM32F10x/Include -I../Libraries/CMSIS/Include -O0 -ffunction-sections -fdata-sections -g -fstack-usage -Wall -specs=nano.specs -o Libraries\STM32F10x_StdPeriph_Driver\src\stm32f10x_sdio.o 
arm-atollic-eabi-gcc -c ..\Libraries\STM32F10x_StdPeriph_Driver\src\stm32f10x_iwdg.c -mthumb -mcpu=cortex-m3 -std=gnu11 -DSTM32F10X_CL -DUSE_STDPERIPH_DRIVER -I../src -I..\src\APP -I..\src\freertos\Source\include -I..\src\freertos\Source\portable\GCC\ARM_CM3 -I..\src\HARDWARE -I..\src\SYSTEM -I..\src\task -I../Libraries/STM32F10x_StdPeriph_Driver/inc -I../Libraries/CMSIS/Device/ST/STM32F10x/Include -I../Libraries/CMSIS/Include -O0 -ffunction-sections -fdata-sections -g -fstack-usage -Wall -specs=nano.specs -o Libraries\STM32F10x_StdPeriph_Driver\src\stm32f10x_iwdg.o 
arm-atollic-eabi-gcc -c ..\Libraries\STM32F10x_StdPeriph_Driver\src\stm32f10x_rcc.c -mthumb -mcpu=cortex-m3 -std=gnu11 -DSTM32F10X_CL -DUSE_STDPERIPH_DRIVER -I../src -I..\src\APP -I..\src\freertos\Source\include -I..\src\freertos\Source\portable\GCC\ARM_CM3 -I..\src\HARDWARE -I..\src\SYSTEM -I..\src\task -I../Libraries/STM32F10x_StdPeriph_Driver/inc -I../Libraries/CMSIS/Device/ST/STM32F10x/Include -I../Libraries/CMSIS/Include -O0 -ffunction-sections -fdata-sections -g -fstack-usage -Wall -specs=nano.specs -o Libraries\STM32F10x_StdPeriph_Driver\src\stm32f10x_rcc.o 
arm-atollic-eabi-gcc -c ..\Libraries\STM32F10x_StdPeriph_Driver\src\misc.c -mthumb -mcpu=cortex-m3 -std=gnu11 -DSTM32F10X_CL -DUSE_STDPERIPH_DRIVER -I../src -I..\src\APP -I..\src\freertos\Source\include -I..\src\freertos\Source\portable\GCC\ARM_CM3 -I..\src\HARDWARE -I..\src\SYSTEM -I..\src\task -I../Libraries/STM32F10x_StdPeriph_Driver/inc -I../Libraries/CMSIS/Device/ST/STM32F10x/Include -I../Libraries/CMSIS/Include -O0 -ffunction-sections -fdata-sections -g -fstack-usage -Wall -specs=nano.specs -o Libraries\STM32F10x_StdPeriph_Driver\src\misc.o 
arm-atollic-eabi-gcc -c ..\src\freertos\Source\stream_buffer.c -mthumb -mcpu=cortex-m3 -std=gnu11 -DSTM32F10X_CL -DUSE_STDPERIPH_DRIVER -I../src -I..\src\APP -I..\src\freertos\Source\include -I..\src\freertos\Source\portable\GCC\ARM_CM3 -I..\src\HARDWARE -I..\src\SYSTEM -I..\src\task -I../Libraries/STM32F10x_StdPeriph_Driver/inc -I../Libraries/CMSIS/Device/ST/STM32F10x/Include -I../Libraries/CMSIS/Include -O0 -ffunction-sections -fdata-sections -g -fstack-usage -Wall -specs=nano.specs -o src\freertos\Source\stream_buffer.o 
arm-atollic-eabi-gcc -c ..\Libraries\STM32F10x_StdPeriph_Driver\src\stm32f10x_exti.c -mthumb -mcpu=cortex-m3 -std=gnu11 -DSTM32F10X_CL -DUSE_STDPERIPH_DRIVER -I../src -I..\src\APP -I..\src\freertos\Source\include -I..\src\freertos\Source\portable\GCC\ARM_CM3 -I..\src\HARDWARE -I..\src\SYSTEM -I..\src\task -I../Libraries/STM32F10x_StdPeriph_Driver/inc -I../Libraries/CMSIS/Device/ST/STM32F10x/Include -I../Libraries/CMSIS/Include -O0 -ffunction-sections -fdata-sections -g -fstack-usage -Wall -specs=nano.specs -o Libraries\STM32F10x_StdPeriph_Driver\src\stm32f10x_exti.o 
arm-atollic-eabi-gcc -c ..\Libraries\STM32F10x_StdPeriph_Driver\src\stm32f10x_wwdg.c -mthumb -mcpu=cortex-m3 -std=gnu11 -DSTM32F10X_CL -DUSE_STDPERIPH_DRIVER -I../src -I..\src\APP -I..\src\freertos\Source\include -I..\src\freertos\Source\portable\GCC\ARM_CM3 -I..\src\HARDWARE -I..\src\SYSTEM -I..\src\task -I../Libraries/STM32F10x_StdPeriph_Driver/inc -I../Libraries/CMSIS/Device/ST/STM32F10x/Include -I../Libraries/CMSIS/Include -O0 -ffunction-sections -fdata-sections -g -fstack-usage -Wall -specs=nano.specs -o Libraries\STM32F10x_StdPeriph_Driver\src\stm32f10x_wwdg.o 
arm-atollic-eabi-gcc -c ..\src\SYSTEM\wwdog.c -mthumb -mcpu=cortex-m3 -std=gnu11 -DSTM32F10X_CL -DUSE_STDPERIPH_DRIVER -I../src -I..\src\APP -I..\src\freertos\Source\include -I..\src\freertos\Source\portable\GCC\ARM_CM3 -I..\src\HARDWARE -I..\src\SYSTEM -I..\src\task -I../Libraries/STM32F10x_StdPeriph_Driver/inc -I../Libraries/CMSIS/Device/ST/STM32F10x/Include -I../Libraries/CMSIS/Include -O0 -ffunction-sections -fdata-sections -g -fstack-usage -Wall -specs=nano.specs -o src\SYSTEM\wwdog.o 
arm-atollic-eabi-gcc -c ..\Libraries\STM32F10x_StdPeriph_Driver\src\stm32f10x_spi.c -mthumb -mcpu=cortex-m3 -std=gnu11 -DSTM32F10X_CL -DUSE_STDPERIPH_DRIVER -I../src -I..\src\APP -I..\src\freertos\Source\include -I..\src\freertos\Source\portable\GCC\ARM_CM3 -I..\src\HARDWARE -I..\src\SYSTEM -I..\src\task -I../Libraries/STM32F10x_StdPeriph_Driver/inc -I../Libraries/CMSIS/Device/ST/STM32F10x/Include -I../Libraries/CMSIS/Include -O0 -ffunction-sections -fdata-sections -g -fstack-usage -Wall -specs=nano.specs -o Libraries\STM32F10x_StdPeriph_Driver\src\stm32f10x_spi.o 
arm-atollic-eabi-gcc -c ..\src\SYSTEM\can.c -mthumb -mcpu=cortex-m3 -std=gnu11 -DSTM32F10X_CL -DUSE_STDPERIPH_DRIVER -I../src -I..\src\APP -I..\src\freertos\Source\include -I..\src\freertos\Source\portable\GCC\ARM_CM3 -I..\src\HARDWARE -I..\src\SYSTEM -I..\src\task -I../Libraries/STM32F10x_StdPeriph_Driver/inc -I../Libraries/CMSIS/Device/ST/STM32F10x/Include -I../Libraries/CMSIS/Include -O0 -ffunction-sections -fdata-sections -g -fstack-usage -Wall -specs=nano.specs -o src\SYSTEM\can.o 
arm-atollic-eabi-gcc -c ..\src\APP\CanApp.c -mthumb -mcpu=cortex-m3 -std=gnu11 -DSTM32F10X_CL -DUSE_STDPERIPH_DRIVER -I../src -I..\src\APP -I..\src\freertos\Source\include -I..\src\freertos\Source\portable\GCC\ARM_CM3 -I..\src\HARDWARE -I..\src\SYSTEM -I..\src\task -I../Libraries/STM32F10x_StdPeriph_Driver/inc -I../Libraries/CMSIS/Device/ST/STM32F10x/Include -I../Libraries/CMSIS/Include -O0 -ffunction-sections -fdata-sections -g -fstack-usage -Wall -specs=nano.specs -o src\APP\CanApp.o 
arm-atollic-eabi-gcc -c ..\src\freertos\Source\croutine.c -mthumb -mcpu=cortex-m3 -std=gnu11 -DSTM32F10X_CL -DUSE_STDPERIPH_DRIVER -I../src -I..\src\APP -I..\src\freertos\Source\include -I..\src\freertos\Source\portable\GCC\ARM_CM3 -I..\src\HARDWARE -I..\src\SYSTEM -I..\src\task -I../Libraries/STM32F10x_StdPeriph_Driver/inc -I../Libraries/CMSIS/Device/ST/STM32F10x/Include -I../Libraries/CMSIS/Include -O0 -ffunction-sections -fdata-sections -g -fstack-usage -Wall -specs=nano.specs -o src\freertos\Source\croutine.o 
arm-atollic-eabi-gcc -c ..\src\HARDWARE\ws2812b.c -mthumb -mcpu=cortex-m3 -std=gnu11 -DSTM32F10X_CL -DUSE_STDPERIPH_DRIVER -I../src -I..\src\APP -I..\src\freertos\Source\include -I..\src\freertos\Source\portable\GCC\ARM_CM3 -I..\src\HARDWARE -I..\src\SYSTEM -I..\src\task -I../Libraries/STM32F10x_StdPeriph_Driver/inc -I../Libraries/CMSIS/Device/ST/STM32F10x/Include -I../Libraries/CMSIS/Include -O0 -ffunction-sections -fdata-sections -g -fstack-usage -Wall -specs=nano.specs -o src\HARDWARE\ws2812b.o 
arm-atollic-eabi-gcc -c ..\src\freertos\Source\queue.c -mthumb -mcpu=cortex-m3 -std=gnu11 -DSTM32F10X_CL -DUSE_STDPERIPH_DRIVER -I../src -I..\src\APP -I..\src\freertos\Source\include -I..\src\freertos\Source\portable\GCC\ARM_CM3 -I..\src\HARDWARE -I..\src\SYSTEM -I..\src\task -I../Libraries/STM32F10x_StdPeriph_Driver/inc -I../Libraries/CMSIS/Device/ST/STM32F10x/Include -I../Libraries/CMSIS/Include -O0 -ffunction-sections -fdata-sections -g -fstack-usage -Wall -specs=nano.specs -o src\freertos\Source\queue.o 
arm-atollic-eabi-gcc -c ..\Libraries\STM32F10x_StdPeriph_Driver\src\stm32f10x_fsmc.c -mthumb -mcpu=cortex-m3 -std=gnu11 -DSTM32F10X_CL -DUSE_STDPERIPH_DRIVER -I../src -I..\src\APP -I..\src\freertos\Source\include -I..\src\freertos\Source\portable\GCC\ARM_CM3 -I..\src\HARDWARE -I..\src\SYSTEM -I..\src\task -I../Libraries/STM32F10x_StdPeriph_Driver/inc -I../Libraries/CMSIS/Device/ST/STM32F10x/Include -I../Libraries/CMSIS/Include -O0 -ffunction-sections -fdata-sections -g -fstack-usage -Wall -specs=nano.specs -o Libraries\STM32F10x_StdPeriph_Driver\src\stm32f10x_fsmc.o 
arm-atollic-eabi-gcc -c ..\Libraries\STM32F10x_StdPeriph_Driver\src\stm32f10x_i2c.c -mthumb -mcpu=cortex-m3 -std=gnu11 -DSTM32F10X_CL -DUSE_STDPERIPH_DRIVER -I../src -I..\src\APP -I..\src\freertos\Source\include -I..\src\freertos\Source\portable\GCC\ARM_CM3 -I..\src\HARDWARE -I..\src\SYSTEM -I..\src\task -I../Libraries/STM32F10x_StdPeriph_Driver/inc -I../Libraries/CMSIS/Device/ST/STM32F10x/Include -I../Libraries/CMSIS/Include -O0 -ffunction-sections -fdata-sections -g -fstack-usage -Wall -specs=nano.specs -o Libraries\STM32F10x_StdPeriph_Driver\src\stm32f10x_i2c.o 
arm-atollic-eabi-gcc -c ..\src\SYSTEM\iic.c -mthumb -mcpu=cortex-m3 -std=gnu11 -DSTM32F10X_CL -DUSE_STDPERIPH_DRIVER -I../src -I..\src\APP -I..\src\freertos\Source\include -I..\src\freertos\Source\portable\GCC\ARM_CM3 -I..\src\HARDWARE -I..\src\SYSTEM -I..\src\task -I../Libraries/STM32F10x_StdPeriph_Driver/inc -I../Libraries/CMSIS/Device/ST/STM32F10x/Include -I../Libraries/CMSIS/Include -O0 -ffunction-sections -fdata-sections -g -fstack-usage -Wall -specs=nano.specs -o src\SYSTEM\iic.o 
arm-atollic-eabi-gcc -c ..\src\freertos\Source\list.c -mthumb -mcpu=cortex-m3 -std=gnu11 -DSTM32F10X_CL -DUSE_STDPERIPH_DRIVER -I../src -I..\src\APP -I..\src\freertos\Source\include -I..\src\freertos\Source\portable\GCC\ARM_CM3 -I..\src\HARDWARE -I..\src\SYSTEM -I..\src\task -I../Libraries/STM32F10x_StdPeriph_Driver/inc -I../Libraries/CMSIS/Device/ST/STM32F10x/Include -I../Libraries/CMSIS/Include -O0 -ffunction-sections -fdata-sections -g -fstack-usage -Wall -specs=nano.specs -o src\freertos\Source\list.o 
arm-atollic-eabi-gcc -c ..\src\SYSTEM\iwdog.c -mthumb -mcpu=cortex-m3 -std=gnu11 -DSTM32F10X_CL -DUSE_STDPERIPH_DRIVER -I../src -I..\src\APP -I..\src\freertos\Source\include -I..\src\freertos\Source\portable\GCC\ARM_CM3 -I..\src\HARDWARE -I..\src\SYSTEM -I..\src\task -I../Libraries/STM32F10x_StdPeriph_Driver/inc -I../Libraries/CMSIS/Device/ST/STM32F10x/Include -I../Libraries/CMSIS/Include -O0 -ffunction-sections -fdata-sections -g -fstack-usage -Wall -specs=nano.specs -o src\SYSTEM\iwdog.o 
arm-atollic-eabi-gcc -c ..\src\freertos\Source\event_groups.c -mthumb -mcpu=cortex-m3 -std=gnu11 -DSTM32F10X_CL -DUSE_STDPERIPH_DRIVER -I../src -I..\src\APP -I..\src\freertos\Source\include -I..\src\freertos\Source\portable\GCC\ARM_CM3 -I..\src\HARDWARE -I..\src\SYSTEM -I..\src\task -I../Libraries/STM32F10x_StdPeriph_Driver/inc -I../Libraries/CMSIS/Device/ST/STM32F10x/Include -I../Libraries/CMSIS/Include -O0 -ffunction-sections -fdata-sections -g -fstack-usage -Wall -specs=nano.specs -o src\freertos\Source\event_groups.o 
arm-atollic-eabi-gcc -c ..\Libraries\STM32F10x_StdPeriph_Driver\src\stm32f10x_dac.c -mthumb -mcpu=cortex-m3 -std=gnu11 -DSTM32F10X_CL -DUSE_STDPERIPH_DRIVER -I../src -I..\src\APP -I..\src\freertos\Source\include -I..\src\freertos\Source\portable\GCC\ARM_CM3 -I..\src\HARDWARE -I..\src\SYSTEM -I..\src\task -I../Libraries/STM32F10x_StdPeriph_Driver/inc -I../Libraries/CMSIS/Device/ST/STM32F10x/Include -I../Libraries/CMSIS/Include -O0 -ffunction-sections -fdata-sections -g -fstack-usage -Wall -specs=nano.specs -o Libraries\STM32F10x_StdPeriph_Driver\src\stm32f10x_dac.o 
arm-atollic-eabi-gcc -c ..\Libraries\STM32F10x_StdPeriph_Driver\src\stm32f10x_adc.c -mthumb -mcpu=cortex-m3 -std=gnu11 -DSTM32F10X_CL -DUSE_STDPERIPH_DRIVER -I../src -I..\src\APP -I..\src\freertos\Source\include -I..\src\freertos\Source\portable\GCC\ARM_CM3 -I..\src\HARDWARE -I..\src\SYSTEM -I..\src\task -I../Libraries/STM32F10x_StdPeriph_Driver/inc -I../Libraries/CMSIS/Device/ST/STM32F10x/Include -I../Libraries/CMSIS/Include -O0 -ffunction-sections -fdata-sections -g -fstack-usage -Wall -specs=nano.specs -o Libraries\STM32F10x_StdPeriph_Driver\src\stm32f10x_adc.o 
arm-atollic-eabi-gcc -c ..\src\SYSTEM\sysclock.c -mthumb -mcpu=cortex-m3 -std=gnu11 -DSTM32F10X_CL -DUSE_STDPERIPH_DRIVER -I../src -I..\src\APP -I..\src\freertos\Source\include -I..\src\freertos\Source\portable\GCC\ARM_CM3 -I..\src\HARDWARE -I..\src\SYSTEM -I..\src\task -I../Libraries/STM32F10x_StdPeriph_Driver/inc -I../Libraries/CMSIS/Device/ST/STM32F10x/Include -I../Libraries/CMSIS/Include -O0 -ffunction-sections -fdata-sections -g -fstack-usage -Wall -specs=nano.specs -o src\SYSTEM\sysclock.o 
arm-atollic-eabi-gcc -c ..\Libraries\STM32F10x_StdPeriph_Driver\src\stm32f10x_crc.c -mthumb -mcpu=cortex-m3 -std=gnu11 -DSTM32F10X_CL -DUSE_STDPERIPH_DRIVER -I../src -I..\src\APP -I..\src\freertos\Source\include -I..\src\freertos\Source\portable\GCC\ARM_CM3 -I..\src\HARDWARE -I..\src\SYSTEM -I..\src\task -I../Libraries/STM32F10x_StdPeriph_Driver/inc -I../Libraries/CMSIS/Device/ST/STM32F10x/Include -I../Libraries/CMSIS/Include -O0 -ffunction-sections -fdata-sections -g -fstack-usage -Wall -specs=nano.specs -o Libraries\STM32F10x_StdPeriph_Driver\src\stm32f10x_crc.o 
arm-atollic-eabi-gcc -c ..\src\system_stm32f10x.c -mthumb -mcpu=cortex-m3 -std=gnu11 -DSTM32F10X_CL -DUSE_STDPERIPH_DRIVER -I../src -I..\src\APP -I..\src\freertos\Source\include -I..\src\freertos\Source\portable\GCC\ARM_CM3 -I..\src\HARDWARE -I..\src\SYSTEM -I..\src\task -I../Libraries/STM32F10x_StdPeriph_Driver/inc -I../Libraries/CMSIS/Device/ST/STM32F10x/Include -I../Libraries/CMSIS/Include -O0 -ffunction-sections -fdata-sections -g -fstack-usage -Wall -specs=nano.specs -o src\system_stm32f10x.o 
arm-atollic-eabi-gcc -c ..\Libraries\STM32F10x_StdPeriph_Driver\src\stm32f10x_gpio.c -mthumb -mcpu=cortex-m3 -std=gnu11 -DSTM32F10X_CL -DUSE_STDPERIPH_DRIVER -I../src -I..\src\APP -I..\src\freertos\Source\include -I..\src\freertos\Source\portable\GCC\ARM_CM3 -I..\src\HARDWARE -I..\src\SYSTEM -I..\src\task -I../Libraries/STM32F10x_StdPeriph_Driver/inc -I../Libraries/CMSIS/Device/ST/STM32F10x/Include -I../Libraries/CMSIS/Include -O0 -ffunction-sections -fdata-sections -g -fstack-usage -Wall -specs=nano.specs -o Libraries\STM32F10x_StdPeriph_Driver\src\stm32f10x_gpio.o 
arm-atollic-eabi-gcc -c ..\src\APP\main.c -mthumb -mcpu=cortex-m3 -std=gnu11 -DSTM32F10X_CL -DUSE_STDPERIPH_DRIVER -I../src -I..\src\APP -I..\src\freertos\Source\include -I..\src\freertos\Source\portable\GCC\ARM_CM3 -I..\src\HARDWARE -I..\src\SYSTEM -I..\src\task -I../Libraries/STM32F10x_StdPeriph_Driver/inc -I../Libraries/CMSIS/Device/ST/STM32F10x/Include -I../Libraries/CMSIS/Include -O0 -ffunction-sections -fdata-sections -g -fstack-usage -Wall -specs=nano.specs -o src\APP\main.o 
arm-atollic-eabi-gcc -c ..\Libraries\STM32F10x_StdPeriph_Driver\src\stm32f10x_usart.c -mthumb -mcpu=cortex-m3 -std=gnu11 -DSTM32F10X_CL -DUSE_STDPERIPH_DRIVER -I../src -I..\src\APP -I..\src\freertos\Source\include -I..\src\freertos\Source\portable\GCC\ARM_CM3 -I..\src\HARDWARE -I..\src\SYSTEM -I..\src\task -I../Libraries/STM32F10x_StdPeriph_Driver/inc -I../Libraries/CMSIS/Device/ST/STM32F10x/Include -I../Libraries/CMSIS/Include -O0 -ffunction-sections -fdata-sections -g -fstack-usage -Wall -specs=nano.specs -o Libraries\STM32F10x_StdPeriph_Driver\src\stm32f10x_usart.o 
arm-atollic-eabi-gcc -c ..\src\freertos\Source\timers.c -mthumb -mcpu=cortex-m3 -std=gnu11 -DSTM32F10X_CL -DUSE_STDPERIPH_DRIVER -I../src -I..\src\APP -I..\src\freertos\Source\include -I..\src\freertos\Source\portable\GCC\ARM_CM3 -I..\src\HARDWARE -I..\src\SYSTEM -I..\src\task -I../Libraries/STM32F10x_StdPeriph_Driver/inc -I../Libraries/CMSIS/Device/ST/STM32F10x/Include -I../Libraries/CMSIS/Include -O0 -ffunction-sections -fdata-sections -g -fstack-usage -Wall -specs=nano.specs -o src\freertos\Source\timers.o 
arm-atollic-eabi-gcc -c ..\src\HARDWARE\eeprom.c -mthumb -mcpu=cortex-m3 -std=gnu11 -DSTM32F10X_CL -DUSE_STDPERIPH_DRIVER -I../src -I..\src\APP -I..\src\freertos\Source\include -I..\src\freertos\Source\portable\GCC\ARM_CM3 -I..\src\HARDWARE -I..\src\SYSTEM -I..\src\task -I../Libraries/STM32F10x_StdPeriph_Driver/inc -I../Libraries/CMSIS/Device/ST/STM32F10x/Include -I../Libraries/CMSIS/Include -O0 -ffunction-sections -fdata-sections -g -fstack-usage -Wall -specs=nano.specs -o src\HARDWARE\eeprom.o 
arm-atollic-eabi-gcc -c ..\Libraries\STM32F10x_StdPeriph_Driver\src\stm32f10x_dma.c -mthumb -mcpu=cortex-m3 -std=gnu11 -DSTM32F10X_CL -DUSE_STDPERIPH_DRIVER -I../src -I..\src\APP -I..\src\freertos\Source\include -I..\src\freertos\Source\portable\GCC\ARM_CM3 -I..\src\HARDWARE -I..\src\SYSTEM -I..\src\task -I../Libraries/STM32F10x_StdPeriph_Driver/inc -I../Libraries/CMSIS/Device/ST/STM32F10x/Include -I../Libraries/CMSIS/Include -O0 -ffunction-sections -fdata-sections -g -fstack-usage -Wall -specs=nano.specs -o Libraries\STM32F10x_StdPeriph_Driver\src\stm32f10x_dma.o 
arm-atollic-eabi-gcc -c ..\src\HARDWARE\at24qtxx.c -mthumb -mcpu=cortex-m3 -std=gnu11 -DSTM32F10X_CL -DUSE_STDPERIPH_DRIVER -I../src -I..\src\APP -I..\src\freertos\Source\include -I..\src\freertos\Source\portable\GCC\ARM_CM3 -I..\src\HARDWARE -I..\src\SYSTEM -I..\src\task -I../Libraries/STM32F10x_StdPeriph_Driver/inc -I../Libraries/CMSIS/Device/ST/STM32F10x/Include -I../Libraries/CMSIS/Include -O0 -ffunction-sections -fdata-sections -g -fstack-usage -Wall -specs=nano.specs -o src\HARDWARE\at24qtxx.o 
arm-atollic-eabi-gcc -c ..\src\APP\stm32f10x_it.c -mthumb -mcpu=cortex-m3 -std=gnu11 -DSTM32F10X_CL -DUSE_STDPERIPH_DRIVER -I../src -I..\src\APP -I..\src\freertos\Source\include -I..\src\freertos\Source\portable\GCC\ARM_CM3 -I..\src\HARDWARE -I..\src\SYSTEM -I..\src\task -I../Libraries/STM32F10x_StdPeriph_Driver/inc -I../Libraries/CMSIS/Device/ST/STM32F10x/Include -I../Libraries/CMSIS/Include -O0 -ffunction-sections -fdata-sections -g -fstack-usage -Wall -specs=nano.specs -o src\APP\stm32f10x_it.o 
arm-atollic-eabi-gcc -c ..\src\freertos\Source\tasks.c -mthumb -mcpu=cortex-m3 -std=gnu11 -DSTM32F10X_CL -DUSE_STDPERIPH_DRIVER -I../src -I..\src\APP -I..\src\freertos\Source\include -I..\src\freertos\Source\portable\GCC\ARM_CM3 -I..\src\HARDWARE -I..\src\SYSTEM -I..\src\task -I../Libraries/STM32F10x_StdPeriph_Driver/inc -I../Libraries/CMSIS/Device/ST/STM32F10x/Include -I../Libraries/CMSIS/Include -O0 -ffunction-sections -fdata-sections -g -fstack-usage -Wall -specs=nano.specs -o src\freertos\Source\tasks.o 
arm-atollic-eabi-gcc -c ..\Libraries\STM32F10x_StdPeriph_Driver\src\stm32f10x_bkp.c -mthumb -mcpu=cortex-m3 -std=gnu11 -DSTM32F10X_CL -DUSE_STDPERIPH_DRIVER -I../src -I..\src\APP -I..\src\freertos\Source\include -I..\src\freertos\Source\portable\GCC\ARM_CM3 -I..\src\HARDWARE -I..\src\SYSTEM -I..\src\task -I../Libraries/STM32F10x_StdPeriph_Driver/inc -I../Libraries/CMSIS/Device/ST/STM32F10x/Include -I../Libraries/CMSIS/Include -O0 -ffunction-sections -fdata-sections -g -fstack-usage -Wall -specs=nano.specs -o Libraries\STM32F10x_StdPeriph_Driver\src\stm32f10x_bkp.o 
arm-atollic-eabi-gcc -c ..\src\HARDWARE\led.c -mthumb -mcpu=cortex-m3 -std=gnu11 -DSTM32F10X_CL -DUSE_STDPERIPH_DRIVER -I../src -I..\src\APP -I..\src\freertos\Source\include -I..\src\freertos\Source\portable\GCC\ARM_CM3 -I..\src\HARDWARE -I..\src\SYSTEM -I..\src\task -I../Libraries/STM32F10x_StdPeriph_Driver/inc -I../Libraries/CMSIS/Device/ST/STM32F10x/Include -I../Libraries/CMSIS/Include -O0 -ffunction-sections -fdata-sections -g -fstack-usage -Wall -specs=nano.specs -o src\HARDWARE\led.o 
arm-atollic-eabi-gcc -c ..\src\freertos\Source\portable\GCC\ARM_CM3\port.c -mthumb -mcpu=cortex-m3 -std=gnu11 -DSTM32F10X_CL -DUSE_STDPERIPH_DRIVER -I../src -I..\src\APP -I..\src\freertos\Source\include -I..\src\freertos\Source\portable\GCC\ARM_CM3 -I..\src\HARDWARE -I..\src\SYSTEM -I..\src\task -I../Libraries/STM32F10x_StdPeriph_Driver/inc -I../Libraries/CMSIS/Device/ST/STM32F10x/Include -I../Libraries/CMSIS/Include -O0 -ffunction-sections -fdata-sections -g -fstack-usage -Wall -specs=nano.specs -o src\freertos\Source\portable\GCC\ARM_CM3\port.o 
arm-atollic-eabi-gcc -c ..\Libraries\STM32F10x_StdPeriph_Driver\src\stm32f10x_rtc.c -mthumb -mcpu=cortex-m3 -std=gnu11 -DSTM32F10X_CL -DUSE_STDPERIPH_DRIVER -I../src -I..\src\APP -I..\src\freertos\Source\include -I..\src\freertos\Source\portable\GCC\ARM_CM3 -I..\src\HARDWARE -I..\src\SYSTEM -I..\src\task -I../Libraries/STM32F10x_StdPeriph_Driver/inc -I../Libraries/CMSIS/Device/ST/STM32F10x/Include -I../Libraries/CMSIS/Include -O0 -ffunction-sections -fdata-sections -g -fstack-usage -Wall -specs=nano.specs -o Libraries\STM32F10x_StdPeriph_Driver\src\stm32f10x_rtc.o 
arm-atollic-eabi-gcc -c ..\src\HARDWARE\bitmap.c -mthumb -mcpu=cortex-m3 -std=gnu11 -DSTM32F10X_CL -DUSE_STDPERIPH_DRIVER -I../src -I..\src\APP -I..\src\freertos\Source\include -I..\src\freertos\Source\portable\GCC\ARM_CM3 -I..\src\HARDWARE -I..\src\SYSTEM -I..\src\task -I../Libraries/STM32F10x_StdPeriph_Driver/inc -I../Libraries/CMSIS/Device/ST/STM32F10x/Include -I../Libraries/CMSIS/Include -O0 -ffunction-sections -fdata-sections -g -fstack-usage -Wall -specs=nano.specs -o src\HARDWARE\bitmap.o 
arm-atollic-eabi-gcc -c ..\src\freertos\Source\portable\MemMang\heap_4.c -mthumb -mcpu=cortex-m3 -std=gnu11 -DSTM32F10X_CL -DUSE_STDPERIPH_DRIVER -I../src -I..\src\APP -I..\src\freertos\Source\include -I..\src\freertos\Source\portable\GCC\ARM_CM3 -I..\src\HARDWARE -I..\src\SYSTEM -I..\src\task -I../Libraries/STM32F10x_StdPeriph_Driver/inc -I../Libraries/CMSIS/Device/ST/STM32F10x/Include -I../Libraries/CMSIS/Include -O0 -ffunction-sections -fdata-sections -g -fstack-usage -Wall -specs=nano.specs -o src\freertos\Source\portable\MemMang\heap_4.o 
arm-atollic-eabi-gcc -c ..\Libraries\STM32F10x_StdPeriph_Driver\src\stm32f10x_dbgmcu.c -mthumb -mcpu=cortex-m3 -std=gnu11 -DSTM32F10X_CL -DUSE_STDPERIPH_DRIVER -I../src -I..\src\APP -I..\src\freertos\Source\include -I..\src\freertos\Source\portable\GCC\ARM_CM3 -I..\src\HARDWARE -I..\src\SYSTEM -I..\src\task -I../Libraries/STM32F10x_StdPeriph_Driver/inc -I../Libraries/CMSIS/Device/ST/STM32F10x/Include -I../Libraries/CMSIS/Include -O0 -ffunction-sections -fdata-sections -g -fstack-usage -Wall -specs=nano.specs -o Libraries\STM32F10x_StdPeriph_Driver\src\stm32f10x_dbgmcu.o 
arm-atollic-eabi-gcc -c ..\Libraries\STM32F10x_StdPeriph_Driver\src\stm32f10x_pwr.c -mthumb -mcpu=cortex-m3 -std=gnu11 -DSTM32F10X_CL -DUSE_STDPERIPH_DRIVER -I../src -I..\src\APP -I..\src\freertos\Source\include -I..\src\freertos\Source\portable\GCC\ARM_CM3 -I..\src\HARDWARE -I..\src\SYSTEM -I..\src\task -I../Libraries/STM32F10x_StdPeriph_Driver/inc -I../Libraries/CMSIS/Device/ST/STM32F10x/Include -I../Libraries/CMSIS/Include -O0 -ffunction-sections -fdata-sections -g -fstack-usage -Wall -specs=nano.specs -o Libraries\STM32F10x_StdPeriph_Driver\src\stm32f10x_pwr.o 
arm-atollic-eabi-gcc -c ..\src\SYSTEM\rand.c -mthumb -mcpu=cortex-m3 -std=gnu11 -DSTM32F10X_CL -DUSE_STDPERIPH_DRIVER -I../src -I..\src\APP -I..\src\freertos\Source\include -I..\src\freertos\Source\portable\GCC\ARM_CM3 -I..\src\HARDWARE -I..\src\SYSTEM -I..\src\task -I../Libraries/STM32F10x_StdPeriph_Driver/inc -I../Libraries/CMSIS/Device/ST/STM32F10x/Include -I../Libraries/CMSIS/Include -O0 -ffunction-sections -fdata-sections -g -fstack-usage -Wall -specs=nano.specs -o src\SYSTEM\rand.o 
arm-atollic-eabi-gcc -c ..\Libraries\STM32F10x_StdPeriph_Driver\src\stm32f10x_can.c -mthumb -mcpu=cortex-m3 -std=gnu11 -DSTM32F10X_CL -DUSE_STDPERIPH_DRIVER -I../src -I..\src\APP -I..\src\freertos\Source\include -I..\src\freertos\Source\portable\GCC\ARM_CM3 -I..\src\HARDWARE -I..\src\SYSTEM -I..\src\task -I../Libraries/STM32F10x_StdPeriph_Driver/inc -I../Libraries/CMSIS/Device/ST/STM32F10x/Include -I../Libraries/CMSIS/Include -O0 -ffunction-sections -fdata-sections -g -fstack-usage -Wall -specs=nano.specs -o Libraries\STM32F10x_StdPeriph_Driver\src\stm32f10x_can.o 
arm-atollic-eabi-gcc -c ..\Libraries\STM32F10x_StdPeriph_Driver\src\stm32f10x_flash.c -mthumb -mcpu=cortex-m3 -std=gnu11 -DSTM32F10X_CL -DUSE_STDPERIPH_DRIVER -I../src -I..\src\APP -I..\src\freertos\Source\include -I..\src\freertos\Source\portable\GCC\ARM_CM3 -I..\src\HARDWARE -I..\src\SYSTEM -I..\src\task -I../Libraries/STM32F10x_StdPeriph_Driver/inc -I../Libraries/CMSIS/Device/ST/STM32F10x/Include -I../Libraries/CMSIS/Include -O0 -ffunction-sections -fdata-sections -g -fstack-usage -Wall -specs=nano.specs -o Libraries\STM32F10x_StdPeriph_Driver\src\stm32f10x_flash.o 
arm-atollic-eabi-gcc -c ..\Libraries\STM32F10x_StdPeriph_Driver\src\stm32f10x_cec.c -mthumb -mcpu=cortex-m3 -std=gnu11 -DSTM32F10X_CL -DUSE_STDPERIPH_DRIVER -I../src -I..\src\APP -I..\src\freertos\Source\include -I..\src\freertos\Source\portable\GCC\ARM_CM3 -I..\src\HARDWARE -I..\src\SYSTEM -I..\src\task -I../Libraries/STM32F10x_StdPeriph_Driver/inc -I../Libraries/CMSIS/Device/ST/STM32F10x/Include -I../Libraries/CMSIS/Include -O0 -ffunction-sections -fdata-sections -g -fstack-usage -Wall -specs=nano.specs -o Libraries\STM32F10x_StdPeriph_Driver\src\stm32f10x_cec.o 
[...]
..\src\APP\CanApp.c: In function 'CanAppReceiveMsgHandler':
..\src\APP\CanApp.c:87:7: error: 'i' undeclared (first use in this function)
   for(i = 0; i <= 15; i++)
       ^
..\src\APP\CanApp.c:87:7: note: each undeclared identifier is reported only once for each function it appears in
..\src\APP\CanApp.c:89:4: error: 'leds' undeclared (first use in this function)
    leds[i].b = 0;
    ^~~~
..\src\APP\CanApp.c:93:25: error: 'NUM_LEDS' undeclared (first use in this function)
   ws2812b_SendRGB(leds, NUM_LEDS);
                         ^~~~~~~~
At top level:
..\src\APP\CanApp.c:109:13: warning: 'CanAppSendMsg' defined but not used [-Wunused-function]
 static void CanAppSendMsg(can_frame_t *pFrame)
             ^~~~~~~~~~~~~
21:40:02 **** Incremental Build of configuration Debug for project salver ****
Info: Internal Builder is used for build
arm-atollic-eabi-gcc -c ..\src\APP\CanApp.c -mthumb -mcpu=cortex-m3 -std=gnu11 -DSTM32F10X_CL -DUSE_STDPERIPH_DRIVER -I../src -I..\src\APP -I..\src\freertos\Source\include -I..\src\freertos\Source\portable\GCC\ARM_CM3 -I..\src\HARDWARE -I..\src\SYSTEM -I..\src\task -I../Libraries/STM32F10x_StdPeriph_Driver/inc -I../Libraries/CMSIS/Device/ST/STM32F10x/Include -I../Libraries/CMSIS/Include -O0 -ffunction-sections -fdata-sections -g -fstack-usage -Wall -specs=nano.specs -o src\APP\CanApp.o 
..\src\APP\CanApp.c: In function 'CanAppReceiveMsgHandler':
..\src\APP\CanApp.c:87:7: error: 'i' undeclared (first use in this function)
   for(i = 0; i <= NUM_GRB_LEDS; i++)
       ^
..\src\APP\CanApp.c:87:7: note: each undeclared identifier is reported only once for each function it appears in
..\src\APP\CanApp.c:87:19: error: 'NUM_GRB_LEDS' undeclared (first use in this function)
   for(i = 0; i <= NUM_GRB_LEDS; i++)
                   ^~~~~~~~~~~~
..\src\APP\CanApp.c:89:4: error: 'leds' undeclared (first use in this function)
    leds[i].b = 0;
    ^~~~
At top level:
..\src\APP\CanApp.c:109:13: warning: 'CanAppSendMsg' defined but not used [-Wunused-function]
 static void CanAppSendMsg(can_frame_t *pFrame)
             ^~~~~~~~~~~~~
21:40:18 **** Incremental Build of configuration Debug for project salver ****
Info: Internal Builder is used for build
arm-atollic-eabi-gcc -c ..\src\HARDWARE\at24qtxx.c -mthumb -mcpu=cortex-m3 -std=gnu11 -DSTM32F10X_CL -DUSE_STDPERIPH_DRIVER -I../src -I..\src\APP -I..\src\freertos\Source\include -I..\src\freertos\Source\portable\GCC\ARM_CM3 -I..\src\HARDWARE -I..\src\SYSTEM -I..\src\task -I../Libraries/STM32F10x_StdPeriph_Driver/inc -I../Libraries/CMSIS/Device/ST/STM32F10x/Include -I../Libraries/CMSIS/Include -O0 -ffunction-sections -fdata-sections -g -fstack-usage -Wall -specs=nano.specs -o src\HARDWARE\at24qtxx.o 
..\src\HARDWARE\at24qtxx.c: In function 'vTimerCallback':
..\src\HARDWARE\at24qtxx.c:46:26: error: 'NUM_RGB_LEDS' undeclared (first use in this function)
    ws2812b_SendRGB(leds, NUM_RGB_LEDS);
                          ^~~~~~~~~~~~
..\src\HARDWARE\at24qtxx.c:46:26: note: each undeclared identifier is reported only once for each function it appears in
21:40:39 **** Incremental Build of configuration Debug for project salver ****
Info: Internal Builder is used for build
arm-atollic-eabi-gcc -c ..\src\APP\CanApp.c -mthumb -mcpu=cortex-m3 -std=gnu11 -DSTM32F10X_CL -DUSE_STDPERIPH_DRIVER -I../src -I..\src\APP -I..\src\freertos\Source\include -I..\src\freertos\Source\portable\GCC\ARM_CM3 -I..\src\HARDWARE -I..\src\SYSTEM -I..\src\task -I../Libraries/STM32F10x_StdPeriph_Driver/inc -I../Libraries/CMSIS/Device/ST/STM32F10x/Include -I../Libraries/CMSIS/Include -O0 -ffunction-sections -fdata-sections -g -fstack-usage -Wall -specs=nano.specs -o src\APP\CanApp.o 
..\src\APP\CanApp.c: In function 'CanAppReceiveMsgHandler':
..\src\APP\CanApp.c:88:7: error: 'i' undeclared (first use in this function)
   for(i = 0; i <= NUM_GRB_LEDS; i++)
       ^
..\src\APP\CanApp.c:88:7: note: each undeclared identifier is reported only once for each function it appears in
..\src\APP\CanApp.c:90:4: error: 'leds' undeclared (first use in this function)
    leds[i].b = 0;
    ^~~~
At top level:
..\src\APP\CanApp.c:110:13: warning: 'CanAppSendMsg' defined but not used [-Wunused-function]
 static void CanAppSendMsg(can_frame_t *pFrame)
             ^~~~~~~~~~~~~
21:40:55 **** Incremental Build of configuration Debug for project salver ****
Info: Internal Builder is used for build
arm-atollic-eabi-gcc -c ..\src\HARDWARE\at24qtxx.c -mthumb -mcpu=cortex-m3 -std=gnu11 -DSTM32F10X_CL -DUSE_STDPERIPH_DRIVER -I../src -I..\src\APP -I..\src\freertos\Source\include -I..\src\freertos\Source\portable\GCC\ARM_CM3 -I..\src\HARDWARE -I..\src\SYSTEM -I..\src\task -I../Libraries/STM32F10x_StdPeriph_Driver/inc -I../Libraries/CMSIS/Device/ST/STM32F10x/Include -I../Libraries/CMSIS/Include -O0 -ffunction-sections -fdata-sections -g -fstack-usage -Wall -specs=nano.specs -o src\HARDWARE\at24qtxx.o 
..\src\HARDWARE\at24qtxx.c: In function 'vTimerCallback':
..\src\HARDWARE\at24qtxx.c:65:20: error: 'NUM_RGB_LEDS' undeclared (first use in this function)
    for(i = 0; i <= NUM_RGB_LEDS; i++)
                    ^~~~~~~~~~~~
..\src\HARDWARE\at24qtxx.c:65:20: note: each undeclared identifier is reported only once for each function it appears in
21:41:15 **** Incremental Build of configuration Debug for project salver ****
Info: Internal Builder is used for build
arm-atollic-eabi-gcc -c ..\src\HARDWARE\ws2812b.c -mthumb -mcpu=cortex-m3 -std=gnu11 -DSTM32F10X_CL -DUSE_STDPERIPH_DRIVER -I../src -I..\src\APP -I..\src\freertos\Source\include -I..\src\freertos\Source\portable\GCC\ARM_CM3 -I..\src\HARDWARE -I..\src\SYSTEM -I..\src\task -I../Libraries/STM32F10x_StdPeriph_Driver/inc -I../Libraries/CMSIS/Device/ST/STM32F10x/Include -I../Libraries/CMSIS/Include -O0 -ffunction-sections -fdata-sections -g -fstack-usage -Wall -specs=nano.specs -o src\HARDWARE\ws2812b.o 
arm-atollic-eabi-gcc -c ..\src\APP\FreeRTOSHook.c -mthumb -mcpu=cortex-m3 -std=gnu11 -DSTM32F10X_CL -DUSE_STDPERIPH_DRIVER -I../src -I..\src\APP -I..\src\freertos\Source\include -I..\src\freertos\Source\portable\GCC\ARM_CM3 -I..\src\HARDWARE -I..\src\SYSTEM -I..\src\task -I../Libraries/STM32F10x_StdPeriph_Driver/inc -I../Libraries/CMSIS/Device/ST/STM32F10x/Include -I../Libraries/CMSIS/Include -O0 -ffunction-sections -fdata-sections -g -fstack-usage -Wall -specs=nano.specs -o src\APP\FreeRTOSHook.o 
arm-atollic-eabi-gcc -c ..\src\HARDWARE\at24qtxx.c -mthumb -mcpu=cortex-m3 -std=gnu11 -DSTM32F10X_CL -DUSE_STDPERIPH_DRIVER -I../src -I..\src\APP -I..\src\freertos\Source\include -I..\src\freertos\Source\portable\GCC\ARM_CM3 -I..\src\HARDWARE -I..\src\SYSTEM -I..\src\task -I../Libraries/STM32F10x_StdPeriph_Driver/inc -I../Libraries/CMSIS/Device/ST/STM32F10x/Include -I../Libraries/CMSIS/Include -O0 -ffunction-sections -fdata-sections -g -fstack-usage -Wall -specs=nano.specs -o src\HARDWARE\at24qtxx.o 
..\src\HARDWARE\at24qtxx.c: In function 'vTimerCallback':
..\src\HARDWARE\at24qtxx.c:65:20: error: 'NUM_RGB_LEDS' undeclared (first use in this function)
    for(i = 0; i <= NUM_RGB_LEDS; i++)
                    ^~~~~~~~~~~~
..\src\HARDWARE\at24qtxx.c:65:20: note: each undeclared identifier is reported only once for each function it appears in
21:41:33 **** Incremental Build of configuration Debug for project salver ****
Info: Internal Builder is used for build
arm-atollic-eabi-gcc -c ..\src\HARDWARE\at24qtxx.c -mthumb -mcpu=cortex-m3 -std=gnu11 -DSTM32F10X_CL -DUSE_STDPERIPH_DRIVER -I../src -I..\src\APP -I..\src\freertos\Source\include -I..\src\freertos\Source\portable\GCC\ARM_CM3 -I..\src\HARDWARE -I..\src\SYSTEM -I..\src\task -I../Libraries/STM32F10x_StdPeriph_Driver/inc -I../Libraries/CMSIS/Device/ST/STM32F10x/Include -I../Libraries/CMSIS/Include -O0 -ffunction-sections -fdata-sections -g -fstack-usage -Wall -specs=nano.specs -o src\HARDWARE\at24qtxx.o 
..\src\HARDWARE\at24qtxx.c: In function 'vTimerCallback':
..\src\HARDWARE\at24qtxx.c:71:26: error: 'NUM_RGB_LEDS' undeclared (first use in this function)
    ws2812b_SendRGB(leds, NUM_RGB_LEDS);
                          ^~~~~~~~~~~~
..\src\HARDWARE\at24qtxx.c:71:26: note: each undeclared identifier is reported only once for each function it appears in
21:41:36 **** Incremental Build of configuration Debug for project salver ****
Info: Internal Builder is used for build
arm-atollic-eabi-gcc -c ..\src\APP\CanApp.c -mthumb -mcpu=cortex-m3 -std=gnu11 -DSTM32F10X_CL -DUSE_STDPERIPH_DRIVER -I../src -I..\src\APP -I..\src\freertos\Source\include -I..\src\freertos\Source\portable\GCC\ARM_CM3 -I..\src\HARDWARE -I..\src\SYSTEM -I..\src\task -I../Libraries/STM32F10x_StdPeriph_Driver/inc -I../Libraries/CMSIS/Device/ST/STM32F10x/Include -I../Libraries/CMSIS/Include -O0 -ffunction-sections -fdata-sections -g -fstack-usage -Wall -specs=nano.specs -o src\APP\CanApp.o 
..\src\APP\CanApp.c: In function 'CanAppReceiveMsgHandler':
..\src\APP\CanApp.c:88:7: error: 'i' undeclared (first use in this function)
   for(i = 0; i <= NUM_GRB_LEDS; i++)
       ^
..\src\APP\CanApp.c:88:7: note: each undeclared identifier is reported only once for each function it appears in
..\src\APP\CanApp.c:90:4: error: 'leds' undeclared (first use in this function)
    leds[i].b = 0;
    ^~~~
21:41:54 **** Incremental Build of configuration Debug for project salver ****
Info: Internal Builder is used for build
arm-atollic-eabi-gcc -c ..\src\APP\CanApp.c -mthumb -mcpu=cortex-m3 -std=gnu11 -DSTM32F10X_CL -DUSE_STDPERIPH_DRIVER -I../src -I..\src\APP -I..\src\freertos\Source\include -I..\src\freertos\Source\portable\GCC\ARM_CM3 -I..\src\HARDWARE -I..\src\SYSTEM -I..\src\task -I../Libraries/STM32F10x_StdPeriph_Driver/inc -I../Libraries/CMSIS/Device/ST/STM32F10x/Include -I../Libraries/CMSIS/Include -O0 -ffunction-sections -fdata-sections -g -fstack-usage -Wall -specs=nano.specs -o src\APP\CanApp.o 
..\src\APP\CanApp.c: In function 'CanAppReceiveMsgHandler':
..\src\APP\CanApp.c:91:4: error: 'leds' undeclared (first use in this function)
    leds[i].b = 0;
    ^~~~
..\src\APP\CanApp.c:91:4: note: each undeclared identifier is reported only once for each function it appears in
21:43:03 **** Incremental Build of configuration Debug for project salver ****
Info: Internal Builder is used for build
arm-atollic-eabi-gcc -c ..\src\APP\CanApp.c -mthumb -mcpu=cortex-m3 -std=gnu11 -DSTM32F10X_CL -DUSE_STDPERIPH_DRIVER -I../src -I..\src\APP -I..\src\freertos\Source\include -I..\src\freertos\Source\portable\GCC\ARM_CM3 -I..\src\HARDWARE -I..\src\SYSTEM -I..\src\task -I../Libraries/STM32F10x_StdPeriph_Driver/inc -I../Libraries/CMSIS/Device/ST/STM32F10x/Include -I../Libraries/CMSIS/Include -O0 -ffunction-sections -fdata-sections -g -fstack-usage -Wall -specs=nano.specs -o src\APP\CanApp.o 
arm-atollic-eabi-gcc -c ..\src\APP\FreeRTOSHook.c -mthumb -mcpu=cortex-m3 -std=gnu11 -DSTM32F10X_CL -DUSE_STDPERIPH_DRIVER -I../src -I..\src\APP -I..\src\freertos\Source\include -I..\src\freertos\Source\portable\GCC\ARM_CM3 -I..\src\HARDWARE -I..\src\SYSTEM -I..\src\task -I../Libraries/STM32F10x_StdPeriph_Driver/inc -I../Libraries/CMSIS/Device/ST/STM32F10x/Include -I../Libraries/CMSIS/Include -O0 -ffunction-sections -fdata-sections -g -fstack-usage -Wall -specs=nano.specs -o src\APP\FreeRTOSHook.o 
arm-atollic-eabi-gcc -c ..\src\HARDWARE\ws2812b.c -mthumb -mcpu=cortex-m3 -std=gnu11 -DSTM32F10X_CL -DUSE_STDPERIPH_DRIVER -I../src -I..\src\APP -I..\src\freertos\Source\include -I..\src\freertos\Source\portable\GCC\ARM_CM3 -I..\src\HARDWARE -I..\src\SYSTEM -I..\src\task -I../Libraries/STM32F10x_StdPeriph_Driver/inc -I../Libraries/CMSIS/Device/ST/STM32F10x/Include -I../Libraries/CMSIS/Include -O0 -ffunction-sections -fdata-sections -g -fstack-usage -Wall -specs=nano.specs -o src\HARDWARE\ws2812b.o 
arm-atollic-eabi-gcc -c ..\src\HARDWARE\at24qtxx.c -mthumb -mcpu=cortex-m3 -std=gnu11 -DSTM32F10X_CL -DUSE_STDPERIPH_DRIVER -I../src -I..\src\APP -I..\src\freertos\Source\include -I..\src\freertos\Source\portable\GCC\ARM_CM3 -I..\src\HARDWARE -I..\src\SYSTEM -I..\src\task -I../Libraries/STM32F10x_StdPeriph_Driver/inc -I../Libraries/CMSIS/Device/ST/STM32F10x/Include -I../Libraries/CMSIS/Include -O0 -ffunction-sections -fdata-sections -g -fstack-usage -Wall -specs=nano.specs -o src\HARDWARE\at24qtxx.o 
..\src\HARDWARE\at24qtxx.c: In function 'vTimerCallback':
..\src\HARDWARE\at24qtxx.c:71:26: error: 'NUM_RGB_LEDS' undeclared (first use in this function)
    ws2812b_SendRGB(leds, NUM_RGB_LEDS);
                          ^~~~~~~~~~~~
..\src\HARDWARE\at24qtxx.c:71:26: note: each undeclared identifier is reported only once for each function it appears in
21:43:25 **** Incremental Build of configuration Debug for project salver ****
Info: Internal Builder is used for build
arm-atollic-eabi-gcc -c ..\src\HARDWARE\at24qtxx.c -mthumb -mcpu=cortex-m3 -std=gnu11 -DSTM32F10X_CL -DUSE_STDPERIPH_DRIVER -I../src -I..\src\APP -I..\src\freertos\Source\include -I..\src\freertos\Source\portable\GCC\ARM_CM3 -I..\src\HARDWARE -I..\src\SYSTEM -I..\src\task -I../Libraries/STM32F10x_StdPeriph_Driver/inc -I../Libraries/CMSIS/Device/ST/STM32F10x/Include -I../Libraries/CMSIS/Include -O0 -ffunction-sections -fdata-sections -g -fstack-usage -Wall -specs=nano.specs -o src\HARDWARE\at24qtxx.o 
arm-atollic-eabi-gcc -o salver.elf Libraries\STM32F10x_StdPeriph_Driver\src\misc.o Libraries\STM32F10x_StdPeriph_Driver\src\stm32f10x_adc.o Libraries\STM32F10x_StdPeriph_Driver\src\stm32f10x_bkp.o Libraries\STM32F10x_StdPeriph_Driver\src\stm32f10x_can.o Libraries\STM32F10x_StdPeriph_Driver\src\stm32f10x_cec.o Libraries\STM32F10x_StdPeriph_Driver\src\stm32f10x_crc.o Libraries\STM32F10x_StdPeriph_Driver\src\stm32f10x_dac.o Libraries\STM32F10x_StdPeriph_Driver\src\stm32f10x_dbgmcu.o Libraries\STM32F10x_StdPeriph_Driver\src\stm32f10x_dma.o Libraries\STM32F10x_StdPeriph_Driver\src\stm32f10x_exti.o Libraries\STM32F10x_StdPeriph_Driver\src\stm32f10x_flash.o Libraries\STM32F10x_StdPeriph_Driver\src\stm32f10x_fsmc.o Libraries\STM32F10x_StdPeriph_Driver\src\stm32f10x_gpio.o Libraries\STM32F10x_StdPeriph_Driver\src\stm32f10x_i2c.o Libraries\STM32F10x_StdPeriph_Driver\src\stm32f10x_iwdg.o Libraries\STM32F10x_StdPeriph_Driver\src\stm32f10x_pwr.o Libraries\STM32F10x_StdPeriph_Driver\src\stm32f10x_rcc.o Libraries\STM32F10x_StdPeriph_Driver\src\stm32f10x_rtc.o Libraries\STM32F10x_StdPeriph_Driver\src\stm32f10x_sdio.o Libraries\STM32F10x_StdPeriph_Driver\src\stm32f10x_spi.o Libraries\STM32F10x_StdPeriph_Driver\src\stm32f10x_tim.o Libraries\STM32F10x_StdPeriph_Driver\src\stm32f10x_usart.o Libraries\STM32F10x_StdPeriph_Driver\src\stm32f10x_wwdg.o src\APP\CanApp.o src\APP\FreeRTOSHook.o src\APP\main.o src\APP\stm32f10x_it.o src\HARDWARE\at24qtxx.o src\HARDWARE\bitmap.o src\HARDWARE\eeprom.o src\HARDWARE\led.o src\HARDWARE\ws2812b.o src\SYSTEM\can.o src\SYSTEM\delay.o src\SYSTEM\gpioInit.o src\SYSTEM\iic.o src\SYSTEM\iwdog.o src\SYSTEM\rand.o src\SYSTEM\sys.o src\SYSTEM\sysclock.o src\SYSTEM\wwdog.o src\freertos\Source\croutine.o src\freertos\Source\event_groups.o src\freertos\Source\list.o src\freertos\Source\portable\GCC\ARM_CM3\port.o src\freertos\Source\portable\MemMang\heap_4.o src\freertos\Source\queue.o src\freertos\Source\stream_buffer.o src\freertos\Source\tasks.o src\freertos\Source\timers.o src\startup_stm32f10x_cl.o src\system_stm32f10x.o src\task\peridic.o -mthumb -mcpu=cortex-m3 -T../stm32_flash.ld -specs=nosys.specs -static -Wl,-cref,-u,Reset_Handler -Wl,-Map=salver.map -Wl,--gc-sections -Wl,--defsym=malloc_getpagesize_P=0x80 -Wl,--start-group -lc -lm -Wl,--end-group -specs=nano.specs 
C:\Program Files (x86)\Atollic\TrueSTUDIO for STM32 9.0.1\ide\jre\bin\java -jar C:\Program Files (x86)\Atollic\TrueSTUDIO for STM32 9.0.1\Tools\arm-atollic-reports.jar sizeinfo list salver.elf 
Generate build reports...
Print size information
   text	   data	    bss	    dec	    hex	filename
  17296	    176	  21284	  38756	   9764	salver.elf
Print size information done
Generate listing file
Output sent to: salver.list
Generate listing file done
Generate build reports done
21:43:53 **** Incremental Build of configuration Debug for project salver ****
Info: Internal Builder is used for build
arm-atollic-eabi-gcc -c ..\src\HARDWARE\at24qtxx.c -mthumb -mcpu=cortex-m3 -std=gnu11 -DSTM32F10X_CL -DUSE_STDPERIPH_DRIVER -I../src -I..\src\APP -I..\src\freertos\Source\include -I..\src\freertos\Source\portable\GCC\ARM_CM3 -I..\src\HARDWARE -I..\src\SYSTEM -I..\src\task -I../Libraries/STM32F10x_StdPeriph_Driver/inc -I../Libraries/CMSIS/Device/ST/STM32F10x/Include -I../Libraries/CMSIS/Include -O0 -ffunction-sections -fdata-sections -g -fstack-usage -Wall -specs=nano.specs -o src\HARDWARE\at24qtxx.o 
arm-atollic-eabi-gcc -o salver.elf Libraries\STM32F10x_StdPeriph_Driver\src\misc.o Libraries\STM32F10x_StdPeriph_Driver\src\stm32f10x_adc.o Libraries\STM32F10x_StdPeriph_Driver\src\stm32f10x_bkp.o Libraries\STM32F10x_StdPeriph_Driver\src\stm32f10x_can.o Libraries\STM32F10x_StdPeriph_Driver\src\stm32f10x_cec.o Libraries\STM32F10x_StdPeriph_Driver\src\stm32f10x_crc.o Libraries\STM32F10x_StdPeriph_Driver\src\stm32f10x_dac.o Libraries\STM32F10x_StdPeriph_Driver\src\stm32f10x_dbgmcu.o Libraries\STM32F10x_StdPeriph_Driver\src\stm32f10x_dma.o Libraries\STM32F10x_StdPeriph_Driver\src\stm32f10x_exti.o Libraries\STM32F10x_StdPeriph_Driver\src\stm32f10x_flash.o Libraries\STM32F10x_StdPeriph_Driver\src\stm32f10x_fsmc.o Libraries\STM32F10x_StdPeriph_Driver\src\stm32f10x_gpio.o Libraries\STM32F10x_StdPeriph_Driver\src\stm32f10x_i2c.o Libraries\STM32F10x_StdPeriph_Driver\src\stm32f10x_iwdg.o Libraries\STM32F10x_StdPeriph_Driver\src\stm32f10x_pwr.o Libraries\STM32F10x_StdPeriph_Driver\src\stm32f10x_rcc.o Libraries\STM32F10x_StdPeriph_Driver\src\stm32f10x_rtc.o Libraries\STM32F10x_StdPeriph_Driver\src\stm32f10x_sdio.o Libraries\STM32F10x_StdPeriph_Driver\src\stm32f10x_spi.o Libraries\STM32F10x_StdPeriph_Driver\src\stm32f10x_tim.o Libraries\STM32F10x_StdPeriph_Driver\src\stm32f10x_usart.o Libraries\STM32F10x_StdPeriph_Driver\src\stm32f10x_wwdg.o src\APP\CanApp.o src\APP\FreeRTOSHook.o src\APP\main.o src\APP\stm32f10x_it.o src\HARDWARE\at24qtxx.o src\HARDWARE\bitmap.o src\HARDWARE\eeprom.o src\HARDWARE\led.o src\HARDWARE\ws2812b.o src\SYSTEM\can.o src\SYSTEM\delay.o src\SYSTEM\gpioInit.o src\SYSTEM\iic.o src\SYSTEM\iwdog.o src\SYSTEM\rand.o src\SYSTEM\sys.o src\SYSTEM\sysclock.o src\SYSTEM\wwdog.o src\freertos\Source\croutine.o src\freertos\Source\event_groups.o src\freertos\Source\list.o src\freertos\Source\portable\GCC\ARM_CM3\port.o src\freertos\Source\portable\MemMang\heap_4.o src\freertos\Source\queue.o src\freertos\Source\stream_buffer.o src\freertos\Source\tasks.o src\freertos\Source\timers.o src\startup_stm32f10x_cl.o src\system_stm32f10x.o src\task\peridic.o -mthumb -mcpu=cortex-m3 -T../stm32_flash.ld -specs=nosys.specs -static -Wl,-cref,-u,Reset_Handler -Wl,-Map=salver.map -Wl,--gc-sections -Wl,--defsym=malloc_getpagesize_P=0x80 -Wl,--start-group -lc -lm -Wl,--end-group -specs=nano.specs 
C:\Program Files (x86)\Atollic\TrueSTUDIO for STM32 9.0.1\ide\jre\bin\java -jar C:\Program Files (x86)\Atollic\TrueSTUDIO for STM32 9.0.1\Tools\arm-atollic-reports.jar sizeinfo list salver.elf 
Generate build reports...
Print size information
   text	   data	    bss	    dec	    hex	filename
  16992	     20	  21280	  38292	   9594	salver.elf
Print size information done
Generate listing file
Output sent to: salver.list
Generate listing file done
Generate build reports done
Info: Nothing to build for salver
Info: Nothing to build for salver
Info: Nothing to build for salver
Info: Nothing to build for salver
