maxtrixApp.c:766:9:maxtrixAppSetGameLevel	40	static
maxtrixApp.c:842:6:maxtrixAppGameLevelIncrease	8	static
maxtrixApp.c:852:9:maxtrixAppGetGameLevel	4	static
maxtrixApp.c:857:9:maxtrixAppSetGameMode	32	static
maxtrixApp.c:907:9:maxtrixAppSetImage	24	static
maxtrixApp.c:926:6:maxtrixAppDisplayBootImage	16	static
maxtrixApp.c:939:9:maxtrixAppGetGameMode	4	static
maxtrixApp.c:944:12:maxtrixAppGetShowMode	4	static
maxtrixApp.c:949:6:maxtrixAppSetGameScoreRefresh	56	static
maxtrixApp.c:1260:6:maxtrixAppGameStart	24	static
maxtrixApp.c:1271:6:maxtrixAppGameStop	16	static
maxtrixApp.c:1278:6:maxtrixAppGetGameStatus	4	static
maxtrixApp.c:1283:6:maxtriAppScoreIncrease	16	static
maxtrixApp.c:1291:13:vTimerCallback	32	static
maxtrixApp.c:1314:6:maxtriAppHandleMsg	16	static
maxtrixApp.c:1341:6:maxtriAppInit	16	static
