Archive member included to satisfy reference by file (symbol)

c:/program files (x86)/atollic/truestudio for stm32 9.0.1/armtools/bin/../lib/gcc/arm-atollic-eabi/6.3.1/../../../../arm-atollic-eabi/lib/armv7-m\libc_nano.a(lib_a-init.o)
                              src\startup_stm32f10x_cl.o (__libc_init_array)
c:/program files (x86)/atollic/truestudio for stm32 9.0.1/armtools/bin/../lib/gcc/arm-atollic-eabi/6.3.1/../../../../arm-atollic-eabi/lib/armv7-m\libc_nano.a(lib_a-memcpy-stub.o)
                              src\SYSTEM\can.o (memcpy)
c:/program files (x86)/atollic/truestudio for stm32 9.0.1/armtools/bin/../lib/gcc/arm-atollic-eabi/6.3.1/../../../../arm-atollic-eabi/lib/armv7-m\libc_nano.a(lib_a-memset.o)
                              src\HARDWARE\eeprom.o (memset)
c:/program files (x86)/atollic/truestudio for stm32 9.0.1/armtools/bin/../lib/gcc/arm-atollic-eabi/6.3.1/../../../../arm-atollic-eabi/lib/armv7-m\libm.a(lib_a-w_pow.o)
                              src\HARDWARE\RGBMatrix.o (pow)
c:/program files (x86)/atollic/truestudio for stm32 9.0.1/armtools/bin/../lib/gcc/arm-atollic-eabi/6.3.1/../../../../arm-atollic-eabi/lib/armv7-m\libm.a(lib_a-e_pow.o)
                              c:/program files (x86)/atollic/truestudio for stm32 9.0.1/armtools/bin/../lib/gcc/arm-atollic-eabi/6.3.1/../../../../arm-atollic-eabi/lib/armv7-m\libm.a(lib_a-w_pow.o) (__ieee754_pow)
c:/program files (x86)/atollic/truestudio for stm32 9.0.1/armtools/bin/../lib/gcc/arm-atollic-eabi/6.3.1/../../../../arm-atollic-eabi/lib/armv7-m\libm.a(lib_a-e_sqrt.o)
                              c:/program files (x86)/atollic/truestudio for stm32 9.0.1/armtools/bin/../lib/gcc/arm-atollic-eabi/6.3.1/../../../../arm-atollic-eabi/lib/armv7-m\libm.a(lib_a-e_pow.o) (__ieee754_sqrt)
c:/program files (x86)/atollic/truestudio for stm32 9.0.1/armtools/bin/../lib/gcc/arm-atollic-eabi/6.3.1/../../../../arm-atollic-eabi/lib/armv7-m\libm.a(lib_a-s_fabs.o)
                              c:/program files (x86)/atollic/truestudio for stm32 9.0.1/armtools/bin/../lib/gcc/arm-atollic-eabi/6.3.1/../../../../arm-atollic-eabi/lib/armv7-m\libm.a(lib_a-e_pow.o) (fabs)
c:/program files (x86)/atollic/truestudio for stm32 9.0.1/armtools/bin/../lib/gcc/arm-atollic-eabi/6.3.1/../../../../arm-atollic-eabi/lib/armv7-m\libm.a(lib_a-s_finite.o)
                              c:/program files (x86)/atollic/truestudio for stm32 9.0.1/armtools/bin/../lib/gcc/arm-atollic-eabi/6.3.1/../../../../arm-atollic-eabi/lib/armv7-m\libm.a(lib_a-w_pow.o) (finite)
c:/program files (x86)/atollic/truestudio for stm32 9.0.1/armtools/bin/../lib/gcc/arm-atollic-eabi/6.3.1/../../../../arm-atollic-eabi/lib/armv7-m\libm.a(lib_a-s_lib_ver.o)
                              c:/program files (x86)/atollic/truestudio for stm32 9.0.1/armtools/bin/../lib/gcc/arm-atollic-eabi/6.3.1/../../../../arm-atollic-eabi/lib/armv7-m\libm.a(lib_a-w_pow.o) (__fdlib_version)
c:/program files (x86)/atollic/truestudio for stm32 9.0.1/armtools/bin/../lib/gcc/arm-atollic-eabi/6.3.1/../../../../arm-atollic-eabi/lib/armv7-m\libm.a(lib_a-s_matherr.o)
                              c:/program files (x86)/atollic/truestudio for stm32 9.0.1/armtools/bin/../lib/gcc/arm-atollic-eabi/6.3.1/../../../../arm-atollic-eabi/lib/armv7-m\libm.a(lib_a-w_pow.o) (matherr)
c:/program files (x86)/atollic/truestudio for stm32 9.0.1/armtools/bin/../lib/gcc/arm-atollic-eabi/6.3.1/../../../../arm-atollic-eabi/lib/armv7-m\libm.a(lib_a-s_nan.o)
                              c:/program files (x86)/atollic/truestudio for stm32 9.0.1/armtools/bin/../lib/gcc/arm-atollic-eabi/6.3.1/../../../../arm-atollic-eabi/lib/armv7-m\libm.a(lib_a-e_pow.o) (nan)
c:/program files (x86)/atollic/truestudio for stm32 9.0.1/armtools/bin/../lib/gcc/arm-atollic-eabi/6.3.1/../../../../arm-atollic-eabi/lib/armv7-m\libm.a(lib_a-s_rint.o)
                              c:/program files (x86)/atollic/truestudio for stm32 9.0.1/armtools/bin/../lib/gcc/arm-atollic-eabi/6.3.1/../../../../arm-atollic-eabi/lib/armv7-m\libm.a(lib_a-w_pow.o) (rint)
c:/program files (x86)/atollic/truestudio for stm32 9.0.1/armtools/bin/../lib/gcc/arm-atollic-eabi/6.3.1/../../../../arm-atollic-eabi/lib/armv7-m\libm.a(lib_a-s_scalbn.o)
                              c:/program files (x86)/atollic/truestudio for stm32 9.0.1/armtools/bin/../lib/gcc/arm-atollic-eabi/6.3.1/../../../../arm-atollic-eabi/lib/armv7-m\libm.a(lib_a-e_pow.o) (scalbn)
c:/program files (x86)/atollic/truestudio for stm32 9.0.1/armtools/bin/../lib/gcc/arm-atollic-eabi/6.3.1/../../../../arm-atollic-eabi/lib/armv7-m\libm.a(lib_a-s_copysign.o)
                              c:/program files (x86)/atollic/truestudio for stm32 9.0.1/armtools/bin/../lib/gcc/arm-atollic-eabi/6.3.1/../../../../arm-atollic-eabi/lib/armv7-m\libm.a(lib_a-s_scalbn.o) (copysign)
[...]
Memory Configuration

Name             Origin             Length             Attributes
FLASH            0x08000000         0x00040000         xr
RAM              0x20000000         0x00010000         xrw
MEMORY_B1        0x60000000         0x00000000         xr
*default*        0x00000000         0xffffffff

Linker script and memory map

LOAD c:/program files (x86)/atollic/truestudio for stm32 9.0.1/armtools/bin/../lib/gcc/arm-atollic-eabi/6.3.1/armv7-m/crti.o
LOAD c:/program files (x86)/atollic/truestudio for stm32 9.0.1/armtools/bin/../lib/gcc/arm-atollic-eabi/6.3.1/armv7-m/crtbegin.o
LOAD Libraries\STM32F10x_StdPeriph_Driver\src\misc.o
LOAD Libraries\STM32F10x_StdPeriph_Driver\src\stm32f10x_adc.o
LOAD Libraries\STM32F10x_StdPeriph_Driver\src\stm32f10x_bkp.o
LOAD Libraries\STM32F10x_StdPeriph_Driver\src\stm32f10x_can.o
LOAD Libraries\STM32F10x_StdPeriph_Driver\src\stm32f10x_cec.o
LOAD Libraries\STM32F10x_StdPeriph_Driver\src\stm32f10x_crc.o
LOAD Libraries\STM32F10x_StdPeriph_Driver\src\stm32f10x_dac.o
LOAD Libraries\STM32F10x_StdPeriph_Driver\src\stm32f10x_dbgmcu.o
LOAD Libraries\STM32F10x_StdPeriph_Driver\src\stm32f10x_dma.o
LOAD Libraries\STM32F10x_StdPeriph_Driver\src\stm32f10x_exti.o
LOAD Libraries\STM32F10x_StdPeriph_Driver\src\stm32f10x_flash.o
LOAD Libraries\STM32F10x_StdPeriph_Driver\src\stm32f10x_fsmc.o
LOAD Libraries\STM32F10x_StdPeriph_Driver\src\stm32f10x_gpio.o
LOAD Libraries\STM32F10x_StdPeriph_Driver\src\stm32f10x_i2c.o
LOAD Libraries\STM32F10x_StdPeriph_Driver\src\stm32f10x_iwdg.o
LOAD Libraries\STM32F10x_StdPeriph_Driver\src\stm32f10x_pwr.o
LOAD Libraries\STM32F10x_StdPeriph_Driver\src\stm32f10x_rcc.o
LOAD Libraries\STM32F10x_StdPeriph_Driver\src\stm32f10x_rtc.o
LOAD Libraries\STM32F10x_StdPeriph_Driver\src\stm32f10x_sdio.o
LOAD Libraries\STM32F10x_StdPeriph_Driver\src\stm32f10x_spi.o
LOAD Libraries\STM32F10x_StdPeriph_Driver\src\stm32f10x_tim.o
LOAD Libraries\STM32F10x_StdPeriph_Driver\src\stm32f10x_usart.o
LOAD Libraries\STM32F10x_StdPeriph_Driver\src\stm32f10x_wwdg.o
LOAD src\APP\CanApp.o
LOAD src\APP\FreeRTOSHook.o
LOAD src\APP\main.o
LOAD src\APP\maxtrixApp.o
LOAD src\APP\stm32f10x_it.o
LOAD src\HARDWARE\RGBMatrix.o
LOAD src\HARDWARE\bitmap.o
LOAD src\HARDWARE\eeprom.o
LOAD src\HARDWARE\keyDetect.o
LOAD src\HARDWARE\led.o
LOAD src\SYSTEM\can.o
LOAD src\SYSTEM\delay.o
LOAD src\SYSTEM\gpioInit.o
LOAD src\SYSTEM\iic.o
LOAD src\SYSTEM\iwdog.o
LOAD src\SYSTEM\rand.o
LOAD src\SYSTEM\sys.o
LOAD src\SYSTEM\sysclock.o
LOAD src\SYSTEM\wwdog.o
LOAD src\freertos\Source\croutine.o
LOAD src\freertos\Source\event_groups.o
LOAD src\freertos\Source\list.o
LOAD src\freertos\Source\portable\GCC\ARM_CM3\port.o
LOAD src\freertos\Source\portable\MemMang\heap_4.o
LOAD src\freertos\Source\queue.o
LOAD src\freertos\Source\stream_buffer.o
LOAD src\freertos\Source\tasks.o
LOAD src\freertos\Source\timers.o
LOAD src\rgbMaxtrixLib\rgbMaxtrixFront.o
LOAD src\startup_stm32f10x_cl.o
LOAD src\system_stm32f10x.o
LOAD src\task\displayTask.o
LOAD src\task\peridic.o
                0x00000080                malloc_getpagesize_P = 0x80
START GROUP
LOAD c:/program files (x86)/atollic/truestudio for stm32 9.0.1/armtools/bin/../lib/gcc/arm-atollic-eabi/6.3.1/../../../../arm-atollic-eabi/lib/armv7-m\libc_nano.a
LOAD c:/program files (x86)/atollic/truestudio for stm32 9.0.1/armtools/bin/../lib/gcc/arm-atollic-eabi/6.3.1/../../../../arm-atollic-eabi/lib/armv7-m\libm.a
END GROUP
START GROUP
LOAD c:/program files (x86)/atollic/truestudio for stm32 9.0.1/armtools/bin/../lib/gcc/arm-atollic-eabi/6.3.1/armv7-m\libgcc.a
LOAD c:/program files (x86)/atollic/truestudio for stm32 9.0.1/armtools/bin/../lib/gcc/arm-atollic-eabi/6.3.1/../../../../arm-atollic-eabi/lib/armv7-m\libc_nano.a
END GROUP
START GROUP
LOAD c:/program files (x86)/atollic/truestudio for stm32 9.0.1/armtools/bin/../lib/gcc/arm-atollic-eabi/6.3.1/armv7-m\libgcc.a
LOAD c:/program files (x86)/atollic/truestudio for stm32 9.0.1/armtools/bin/../lib/gcc/arm-atollic-eabi/6.3.1/../../../../arm-atollic-eabi/lib/armv7-m\libc_nano.a
LOAD c:/program files (x86)/atollic/truestudio for stm32 9.0.1/armtools/bin/../lib/gcc/arm-atollic-eabi/6.3.1/../../../../arm-atollic-eabi/lib/armv7-m\libnosys.a
END GROUP
START GROUP
LOAD c:/program files (x86)/atollic/truestudio for stm32 9.0.1/armtools/bin/../lib/gcc/arm-atollic-eabi/6.3.1/armv7-m\libgcc.a
LOAD c:/program files (x86)/atollic/truestudio for stm32 9.0.1/armtools/bin/../lib/gcc/arm-atollic-eabi/6.3.1/../../../../arm-atollic-eabi/lib/armv7-m\libc_nano.a
LOAD c:/program files (x86)/atollic/truestudio for stm32 9.0.1/armtools/bin/../lib/gcc/arm-atollic-eabi/6.3.1/../../../../arm-atollic-eabi/lib/armv7-m\libnosys.a
END GROUP
LOAD c:/program files (x86)/atollic/truestudio for stm32 9.0.1/armtools/bin/../lib/gcc/arm-atollic-eabi/6.3.1/armv7-m/crtend.o
LOAD c:/program files (x86)/atollic/truestudio for stm32 9.0.1/armtools/bin/../lib/gcc/arm-atollic-eabi/6.3.1/armv7-m/crtn.o
                0x20010000                _estack = 0x20010000
                0x00000000                _Min_Heap_Size = 0x0
                0x00000200                _Min_Stack_Size = 0x200

.isr_vector     0x08000000      0x1e4
                0x08000000                . = ALIGN (0x4)
 *(.isr_vector)
 .isr_vector    0x08000000      0x1e4 src\startup_stm32f10x_cl.o
                0x08000000                g_pfnVectors
                0x080001e4                . = ALIGN (0x4)

.text           0x080001f0     0x6798
                0x080001f0                . = ALIGN (0x4)
 *(.text)
 .text          0x080001f0       0x40 c:/program files (x86)/atollic/truestudio for stm32 9.0.1/armtools/bin/../lib/gcc/arm-atollic-eabi/6.3.1/armv7-m/crtbegin.o
 .text          0x08000230      0x370 c:/program files (x86)/atollic/truestudio for stm32 9.0.1/armtools/bin/../lib/gcc/arm-atollic-eabi/6.3.1/armv7-m\libgcc.a(_arm_addsubdf3.o)
                0x08000230                __aeabi_drsub
                0x08000238                __aeabi_dsub
                0x08000238                __subdf3
                0x0800023c                __aeabi_dadd
                0x0800023c                __adddf3
                0x080004b4                __floatunsidf
                0x080004b4                __aeabi_ui2d
                0x080004d4                __floatsidf
                0x080004d4                __aeabi_i2d
                0x080004f8                __aeabi_f2d
                0x080004f8                __extendsfdf2
                0x08000534                __floatundidf
                0x08000534                __aeabi_ul2d
                0x08000544                __floatdidf
                0x08000544                __aeabi_l2d
 .text          0x080005a0      0x424 c:/program files (x86)/atollic/truestudio for stm32 9.0.1/armtools/bin/../lib/gcc/arm-atollic-eabi/6.3.1/armv7-m\libgcc.a(_arm_muldivdf3.o)
                0x080005a0                __aeabi_dmul
                0x080005a0                __muldf3
                0x080007f4                __divdf3
                0x080007f4                __aeabi_ddiv
 .text          0x080009c4      0x110 c:/program files (x86)/atollic/truestudio for stm32 9.0.1/armtools/bin/../lib/gcc/arm-atollic-eabi/6.3.1/armv7-m\libgcc.a(_arm_cmpdf2.o)
                0x080009c4                __gtdf2
                0x080009c4                __gedf2
                0x080009cc                __ltdf2
                0x080009cc                __ledf2
                0x080009d4                __nedf2
                0x080009d4                __eqdf2
                0x080009d4                __cmpdf2
                0x08000a50                __aeabi_cdrcmple
                0x08000a60                __aeabi_cdcmpeq
                0x08000a60                __aeabi_cdcmple
                0x08000a70                __aeabi_dcmpeq
                0x08000a84                __aeabi_dcmplt
                0x08000a98                __aeabi_dcmple
                0x08000aac                __aeabi_dcmpge
                0x08000ac0                __aeabi_dcmpgt
 .text          0x08000ad4       0x2c c:/program files (x86)/atollic/truestudio for stm32 9.0.1/armtools/bin/../lib/gcc/arm-atollic-eabi/6.3.1/armv7-m\libgcc.a(_arm_unorddf2.o)
                0x08000ad4                __unorddf2
                0x08000ad4                __aeabi_dcmpun
 .text          0x08000b00       0x40 c:/program files (x86)/atollic/truestudio for stm32 9.0.1/armtools/bin/../lib/gcc/arm-atollic-eabi/6.3.1/armv7-m\libgcc.a(_arm_fixunsdfsi.o)
                0x08000b00                __aeabi_d2uiz
                0x08000b00                __fixunsdfsi
 *(.text*)
 .text.NVIC_Init
                0x08000b40       0xc4 Libraries\STM32F10x_StdPeriph_Driver\src\misc.o
                0x08000b40                NVIC_Init
 .text.CAN_Init
                0x08000c04      0x1a0 Libraries\STM32F10x_StdPeriph_Driver\src\stm32f10x_can.o
                0x08000c04                CAN_Init
 .text.CAN_FilterInit
                0x08000da4      0x174 Libraries\STM32F10x_StdPeriph_Driver\src\stm32f10x_can.o
                0x08000da4                CAN_FilterInit
 .text.CAN_Transmit
                0x08000f18      0x19a Libraries\STM32F10x_StdPeriph_Driver\src\stm32f10x_can.o
                0x08000f18                CAN_Transmit
 .text.CAN_Receive
                0x080010b2      0x17a Libraries\STM32F10x_StdPeriph_Driver\src\stm32f10x_can.o
                0x080010b2                CAN_Receive
 .text.CAN_ITConfig
                0x0800122c       0x3a Libraries\STM32F10x_StdPeriph_Driver\src\stm32f10x_can.o
                0x0800122c                CAN_ITConfig
 *fill*         0x08001266        0x2 
 .text.CAN_GetITStatus
                0x08001268      0x194 Libraries\STM32F10x_StdPeriph_Driver\src\stm32f10x_can.o
                0x08001268                CAN_GetITStatus
 .text.CAN_ClearITPendingBit
                0x080013fc       0xdc Libraries\STM32F10x_StdPeriph_Driver\src\stm32f10x_can.o
                0x080013fc                CAN_ClearITPendingBit
 .text.CheckITStatus
                0x080014d8       0x2e Libraries\STM32F10x_StdPeriph_Driver\src\stm32f10x_can.o
 .text.GPIO_Init
                0x08001506      0x178 Libraries\STM32F10x_StdPeriph_Driver\src\stm32f10x_gpio.o
                0x08001506                GPIO_Init
 .text.GPIO_ReadInputDataBit
                0x0800167e       0x32 Libraries\STM32F10x_StdPeriph_Driver\src\stm32f10x_gpio.o
                0x0800167e                GPIO_ReadInputDataBit
 .text.GPIO_PinRemapConfig
                0x080016b0       0xe0 Libraries\STM32F10x_StdPeriph_Driver\src\stm32f10x_gpio.o
                0x080016b0                GPIO_PinRemapConfig
 .text.RCC_AHBPeriphClockCmd
                0x08001790       0x3c Libraries\STM32F10x_StdPeriph_Driver\src\stm32f10x_rcc.o
                0x08001790                RCC_AHBPeriphClockCmd
 .text.RCC_APB2PeriphClockCmd
                0x080017cc       0x3c Libraries\STM32F10x_StdPeriph_Driver\src\stm32f10x_rcc.o
                0x080017cc                RCC_APB2PeriphClockCmd
 .text.RCC_APB1PeriphClockCmd
                0x08001808       0x3c Libraries\STM32F10x_StdPeriph_Driver\src\stm32f10x_rcc.o
                0x08001808                RCC_APB1PeriphClockCmd
 .text.RCC_APB1PeriphResetCmd
                0x08001844       0x3c Libraries\STM32F10x_StdPeriph_Driver\src\stm32f10x_rcc.o
                0x08001844                RCC_APB1PeriphResetCmd
 .text.CanAppReceiveMsgHandler
                0x08001880       0x20 src\APP\CanApp.o
 .text.CanAppTxCompleteHalder
                0x080018a0       0x18 src\APP\CanApp.o
 .text.CanAppBuffOffHanlder
                0x080018b8       0x24 src\APP\CanApp.o
 .text.CanAppSendMsg
                0x080018dc       0x58 src\APP\CanApp.o
                0x080018dc                CanAppSendMsg
 .text.canAppCb
                0x08001934       0x60 src\APP\CanApp.o
 .text.xTask    0x08001994       0x64 src\APP\CanApp.o
 .text.CanAppInit
                0x080019f8       0x70 src\APP\CanApp.o
                0x080019f8                CanAppInit
 .text.vApplicationDaemonTaskStartupHook
                0x08001a68       0x24 src\APP\FreeRTOSHook.o
                0x08001a68                vApplicationDaemonTaskStartupHook
 .text.vApplicationIdleHook
                0x08001a8c        0xc src\APP\FreeRTOSHook.o
                0x08001a8c                vApplicationIdleHook
 .text.vApplicationTickHook
                0x08001a98        0xc src\APP\FreeRTOSHook.o
                0x08001a98                vApplicationTickHook
 .text.main     0x08001aa4        0xe src\APP\main.o
                0x08001aa4                main
 *fill*         0x08001ab2        0x2 
 .text.maxtrixAppSetGameLevel
                0x08001ab4      0x1ec src\APP\maxtrixApp.o
                0x08001ab4                maxtrixAppSetGameLevel
 .text.maxtrixAppGameLevelIncrease
                0x08001ca0       0x30 src\APP\maxtrixApp.o
                0x08001ca0                maxtrixAppGameLevelIncrease
 .text.maxtrixAppGetGameLevel
                0x08001cd0       0x14 src\APP\maxtrixApp.o
                0x08001cd0                maxtrixAppGetGameLevel
 .text.maxtrixAppSetGameMode
                0x08001ce4      0x134 src\APP\maxtrixApp.o
                0x08001ce4                maxtrixAppSetGameMode
 .text.maxtrixAppDisplayBootImage
                0x08001e18       0x78 src\APP\maxtrixApp.o
                0x08001e18                maxtrixAppDisplayBootImage
 .text.maxtrixAppGetGameMode
                0x08001e90       0x14 src\APP\maxtrixApp.o
                0x08001e90                maxtrixAppGetGameMode
 .text.maxtrixAppGetShowMode
                0x08001ea4       0x14 src\APP\maxtrixApp.o
                0x08001ea4                maxtrixAppGetShowMode
 .text.maxtrixAppSetGameScoreRefresh
                0x08001eb8      0x920 src\APP\maxtrixApp.o
                0x08001eb8                maxtrixAppSetGameScoreRefresh
 .text.maxtrixAppGameStart
                0x080027d8       0x7c src\APP\maxtrixApp.o
                0x080027d8                maxtrixAppGameStart
 .text.maxtrixAppGameStop
                0x08002854       0x30 src\APP\maxtrixApp.o
                0x08002854                maxtrixAppGameStop
 .text.maxtrixAppGetGameStatus
                0x08002884       0x14 src\APP\maxtrixApp.o
                0x08002884                maxtrixAppGetGameStatus
 .text.NMI_Handler
                0x08002898        0xc src\APP\stm32f10x_it.o
                0x08002898                NMI_Handler
 .text.HardFault_Handler
                0x080028a4        0x6 src\APP\stm32f10x_it.o
                0x080028a4                HardFault_Handler
 .text.MemManage_Handler
                0x080028aa        0x6 src\APP\stm32f10x_it.o
                0x080028aa                MemManage_Handler
 .text.BusFault_Handler
                0x080028b0        0x6 src\APP\stm32f10x_it.o
                0x080028b0                BusFault_Handler
 .text.UsageFault_Handler
                0x080028b6        0x6 src\APP\stm32f10x_it.o
                0x080028b6                UsageFault_Handler
 .text.DebugMon_Handler
                0x080028bc        0xc src\APP\stm32f10x_it.o
                0x080028bc                DebugMon_Handler
 .text.RGBProcessor
                0x080028c8       0x14 src\HARDWARE\RGBMatrix.o
                0x080028c8                RGBProcessor
 .text.RGBDisplayBuffer
                0x080028dc       0xd8 src\HARDWARE\RGBMatrix.o
                0x080028dc                RGBDisplayBuffer
 .text.RGBSetRow
                0x080029b4       0x78 src\HARDWARE\RGBMatrix.o
                0x080029b4                RGBSetRow
 .text.RGBSetRGB
                0x08002a2c       0xe0 src\HARDWARE\RGBMatrix.o
                0x08002a2c                RGBSetRGB
 .text.RGBShowLine
                0x08002b0c       0x44 src\HARDWARE\RGBMatrix.o
                0x08002b0c                RGBShowLine
 .text.RGBSetupRGBMatrixPorts
                0x08002b50       0xd4 src\HARDWARE\RGBMatrix.o
                0x08002b50                RGBSetupRGBMatrixPorts
 .text.RGBClearBuff
                0x08002c24       0x5c src\HARDWARE\RGBMatrix.o
                0x08002c24                RGBClearBuff
 .text.GRBSetCell
                0x08002c80       0x74 src\HARDWARE\RGBMatrix.o
                0x08002c80                GRBSetCell
 .text.vTimerCallback
                0x08002cf4       0x14 src\HARDWARE\keyDetect.o
 .text.keyDetectInit
                0x08002d08       0x54 src\HARDWARE\keyDetect.o
                0x08002d08                keyDetectInit
 .text.keyStatusDetect
                0x08002d5c      0x170 src\HARDWARE\keyDetect.o
 .text.key1PressHandler
                0x08002ecc       0x24 src\HARDWARE\keyDetect.o
 .text.key2PressHandler
                0x08002ef0       0x38 src\HARDWARE\keyDetect.o
 .text.key3PressHandler
                0x08002f28       0x20 src\HARDWARE\keyDetect.o
 .text.key4PressHandler
                0x08002f48        0xc src\HARDWARE\keyDetect.o
 .text.key1ConsecutivePressHandler
                0x08002f54        0xc src\HARDWARE\keyDetect.o
 .text.filterConfig
                0x08002f60       0xa6 src\SYSTEM\can.o
 *fill*         0x08003006        0x2 
 .text.CanInit  0x08003008      0x100 src\SYSTEM\can.o
                0x08003008                CanInit
 .text.CanDeinit
                0x08003108       0x70 src\SYSTEM\can.o
                0x08003108                CanDeinit
 .text.CanSend_MSG
                0x08003178       0xbc src\SYSTEM\can.o
                0x08003178                CanSend_MSG
 .text.CanGet_MSG
                0x08003234       0x70 src\SYSTEM\can.o
                0x08003234                CanGet_MSG
 .text.CAN1_RX0_IRQHandler
                0x080032a4       0xc0 src\SYSTEM\can.o
                0x080032a4                CAN1_RX0_IRQHandler
 .text.CAN1_TX_IRQHandler
                0x08003364       0x38 src\SYSTEM\can.o
                0x08003364                CAN1_TX_IRQHandler
 .text.CAN1_RX1_IRQHandler
                0x0800339c        0xc src\SYSTEM\can.o
                0x0800339c                CAN1_RX1_IRQHandler
 .text.CAN1_SCE_IRQHandler
                0x080033a8       0x44 src\SYSTEM\can.o
                0x080033a8                CAN1_SCE_IRQHandler
 .text.CAN2_TX_IRQHandler
                0x080033ec        0xc src\SYSTEM\can.o
                0x080033ec                CAN2_TX_IRQHandler
 .text.CAN2_RX0_IRQHandler
                0x080033f8        0xc src\SYSTEM\can.o
                0x080033f8                CAN2_RX0_IRQHandler
 .text.CAN2_RX1_IRQHandler
                0x08003404        0xc src\SYSTEM\can.o
                0x08003404                CAN2_RX1_IRQHandler
 .text.CAN2_SCE_IRQHandler
                0x08003410        0xc src\SYSTEM\can.o
                0x08003410                CAN2_SCE_IRQHandler
 .text.gpioInit_A
                0x0800341c       0x2c src\SYSTEM\gpioInit.o
 .text.gpioInit_B
                0x08003448       0x40 src\SYSTEM\gpioInit.o
 .text.gpioInit_C
                0x08003488       0x40 src\SYSTEM\gpioInit.o
 .text.gpioInit_D
                0x080034c8       0x50 src\SYSTEM\gpioInit.o
 .text.gpioInit_E
                0x08003518        0xc src\SYSTEM\gpioInit.o
 .text.gpioInit_F
                0x08003524        0xc src\SYSTEM\gpioInit.o
 .text.gpioInit_G
                0x08003530        0xc src\SYSTEM\gpioInit.o
 .text.gpioRemap
                0x0800353c       0x20 src\SYSTEM\gpioInit.o
 .text.gpioInit
                0x0800355c       0x28 src\SYSTEM\gpioInit.o
                0x0800355c                gpioInit
 .text.__random_r
                0x08003584       0xcc src\SYSTEM\rand.o
 .text.rand     0x08003650       0x28 src\SYSTEM\rand.o
                0x08003650                rand
 .text.sysclock_init
                0x08003678       0x28 src\SYSTEM\sysclock.o
                0x08003678                sysclock_init
 .text.vListInitialise
                0x080036a0       0x3e src\freertos\Source\list.o
                0x080036a0                vListInitialise
 .text.vListInitialiseItem
                0x080036de       0x18 src\freertos\Source\list.o
                0x080036de                vListInitialiseItem
 .text.vListInsertEnd
                0x080036f6       0x46 src\freertos\Source\list.o
                0x080036f6                vListInsertEnd
 .text.vListInsert
                0x0800373c       0x70 src\freertos\Source\list.o
                0x0800373c                vListInsert
 .text.uxListRemove
                0x080037ac       0x52 src\freertos\Source\list.o
                0x080037ac                uxListRemove
 *fill*         0x080037fe        0x2 
 .text.pxPortInitialiseStack
                0x08003800       0x58 src\freertos\Source\portable\GCC\ARM_CM3\port.o
                0x08003800                pxPortInitialiseStack
 .text.prvTaskExitError
                0x08003858       0x2e src\freertos\Source\portable\GCC\ARM_CM3\port.o
 *fill*         0x08003886        0xa 
 .text.SVC_Handler
                0x08003890       0x28 src\freertos\Source\portable\GCC\ARM_CM3\port.o
                0x08003890                SVC_Handler
 .text.prvPortStartFirstTask
                0x080038b8       0x20 src\freertos\Source\portable\GCC\ARM_CM3\port.o
 .text.xPortStartScheduler
                0x080038d8       0x40 src\freertos\Source\portable\GCC\ARM_CM3\port.o
                0x080038d8                xPortStartScheduler
 .text.vPortEnterCritical
                0x08003918       0x30 src\freertos\Source\portable\GCC\ARM_CM3\port.o
                0x08003918                vPortEnterCritical
 .text.vPortExitCritical
                0x08003948       0x30 src\freertos\Source\portable\GCC\ARM_CM3\port.o
                0x08003948                vPortExitCritical
 *fill*         0x08003978        0x8 
 .text.PendSV_Handler
                0x08003980       0x48 src\freertos\Source\portable\GCC\ARM_CM3\port.o
                0x08003980                PendSV_Handler
 .text.SysTick_Handler
                0x080039c8       0x40 src\freertos\Source\portable\GCC\ARM_CM3\port.o
                0x080039c8                SysTick_Handler
 .text.vPortSetupTimerInterrupt
                0x08003a08       0x34 src\freertos\Source\portable\GCC\ARM_CM3\port.o
                0x08003a08                vPortSetupTimerInterrupt
 .text.pvPortMalloc
                0x08003a3c      0x128 src\freertos\Source\portable\MemMang\heap_4.o
                0x08003a3c                pvPortMalloc
 .text.vPortFree
                0x08003b64       0x74 src\freertos\Source\portable\MemMang\heap_4.o
                0x08003b64                vPortFree
 .text.prvHeapInit
                0x08003bd8       0xc4 src\freertos\Source\portable\MemMang\heap_4.o
 .text.prvInsertBlockIntoFreeList
                0x08003c9c       0xb0 src\freertos\Source\portable\MemMang\heap_4.o
 .text.xQueueGenericReset
                0x08003d4c       0xb4 src\freertos\Source\queue.o
                0x08003d4c                xQueueGenericReset
 .text.xQueueGenericCreate
                0x08003e00       0x58 src\freertos\Source\queue.o
                0x08003e00                xQueueGenericCreate
 .text.prvInitialiseNewQueue
                0x08003e58       0x3e src\freertos\Source\queue.o
 *fill*         0x08003e96        0x2 
 .text.xQueueGenericSend
                0x08003e98      0x154 src\freertos\Source\queue.o
                0x08003e98                xQueueGenericSend
 .text.xQueueGenericSendFromISR
                0x08003fec       0xb2 src\freertos\Source\queue.o
                0x08003fec                xQueueGenericSendFromISR
 .text.xQueueGiveFromISR
                0x0800409e       0xa6 src\freertos\Source\queue.o
                0x0800409e                xQueueGiveFromISR
 .text.xQueueReceive
                0x08004144      0x144 src\freertos\Source\queue.o
                0x08004144                xQueueReceive
 .text.xQueueSemaphoreTake
                0x08004288      0x13c src\freertos\Source\queue.o
                0x08004288                xQueueSemaphoreTake
 .text.prvCopyDataToQueue
                0x080043c4       0xb8 src\freertos\Source\queue.o
 .text.prvCopyDataFromQueue
                0x0800447c       0x4c src\freertos\Source\queue.o
 .text.prvUnlockQueue
                0x080044c8       0xa4 src\freertos\Source\queue.o
 .text.prvIsQueueEmpty
                0x0800456c       0x2c src\freertos\Source\queue.o
 .text.prvIsQueueFull
                0x08004598       0x30 src\freertos\Source\queue.o
 .text.vQueueWaitForMessageRestricted
                0x080045c8       0x68 src\freertos\Source\queue.o
                0x080045c8                vQueueWaitForMessageRestricted
 .text.xTaskCreate
                0x08004630       0x82 src\freertos\Source\tasks.o
                0x08004630                xTaskCreate
 .text.prvInitialiseNewTask
                0x080046b2       0xd2 src\freertos\Source\tasks.o
 .text.prvAddNewTaskToReadyList
                0x08004784       0xd4 src\freertos\Source\tasks.o
 .text.vTaskDelay
                0x08004858       0x48 src\freertos\Source\tasks.o
                0x08004858                vTaskDelay
 .text.vTaskStartScheduler
                0x080048a0       0x78 src\freertos\Source\tasks.o
                0x080048a0                vTaskStartScheduler
 .text.vTaskSuspendAll
                0x08004918       0x1c src\freertos\Source\tasks.o
                0x08004918                vTaskSuspendAll
 .text.xTaskResumeAll
                0x08004934      0x11c src\freertos\Source\tasks.o
                0x08004934                xTaskResumeAll
 .text.xTaskGetTickCount
                0x08004a50       0x1c src\freertos\Source\tasks.o
                0x08004a50                xTaskGetTickCount
 .text.xTaskIncrementTick
                0x08004a6c      0x16c src\freertos\Source\tasks.o
                0x08004a6c                xTaskIncrementTick
 .text.vTaskSwitchContext
                0x08004bd8       0x8c src\freertos\Source\tasks.o
                0x08004bd8                vTaskSwitchContext
 .text.vTaskPlaceOnEventList
                0x08004c64       0x2c src\freertos\Source\tasks.o
                0x08004c64                vTaskPlaceOnEventList
 .text.vTaskPlaceOnEventListRestricted
                0x08004c90       0x3c src\freertos\Source\tasks.o
                0x08004c90                vTaskPlaceOnEventListRestricted
 .text.xTaskRemoveFromEventList
                0x08004ccc       0xa8 src\freertos\Source\tasks.o
                0x08004ccc                xTaskRemoveFromEventList
 .text.vTaskInternalSetTimeOutState
                0x08004d74       0x2c src\freertos\Source\tasks.o
                0x08004d74                vTaskInternalSetTimeOutState
 .text.xTaskCheckForTimeOut
                0x08004da0       0x8c src\freertos\Source\tasks.o
                0x08004da0                xTaskCheckForTimeOut
 .text.vTaskMissedYield
                0x08004e2c       0x18 src\freertos\Source\tasks.o
                0x08004e2c                vTaskMissedYield
 .text.prvIdleTask
                0x08004e44       0x34 src\freertos\Source\tasks.o
 .text.prvInitialiseTaskLists
                0x08004e78       0x80 src\freertos\Source\tasks.o
 .text.prvCheckTasksWaitingTermination
                0x08004ef8       0x58 src\freertos\Source\tasks.o
 .text.prvDeleteTCB
                0x08004f50       0x20 src\freertos\Source\tasks.o
 .text.prvResetNextTaskUnblockTime
                0x08004f70       0x48 src\freertos\Source\tasks.o
 .text.xTaskGetSchedulerState
                0x08004fb8       0x3c src\freertos\Source\tasks.o
                0x08004fb8                xTaskGetSchedulerState
 .text.prvAddCurrentTaskToDelayedList
                0x08004ff4       0xcc src\freertos\Source\tasks.o
 .text.xTimerCreateTimerTask
                0x080050c0       0x48 src\freertos\Source\timers.o
                0x080050c0                xTimerCreateTimerTask
 .text.xTimerCreate
                0x08005108       0x3a src\freertos\Source\timers.o
                0x08005108                xTimerCreate
 .text.prvInitialiseNewTimer
                0x08005142       0x48 src\freertos\Source\timers.o
 *fill*         0x0800518a        0x2 
 .text.xTimerGenericCommand
                0x0800518c       0x80 src\freertos\Source\timers.o
                0x0800518c                xTimerGenericCommand
 .text.prvProcessExpiredTimer
                0x0800520c       0x64 src\freertos\Source\timers.o
 .text.prvTimerTask
                0x08005270       0x28 src\freertos\Source\timers.o
 .text.prvProcessTimerOrBlockTask
                0x08005298       0x9c src\freertos\Source\timers.o
 .text.prvGetNextExpireTime
                0x08005334       0x48 src\freertos\Source\timers.o
 .text.prvSampleTimeNow
                0x0800537c       0x40 src\freertos\Source\timers.o
 .text.prvInsertTimerInActiveList
                0x080053bc       0x84 src\freertos\Source\timers.o
 .text.prvProcessReceivedCommands
                0x08005440       0xec src\freertos\Source\timers.o
 .text.prvSwitchTimerLists
                0x0800552c       0xa8 src\freertos\Source\timers.o
 .text.prvCheckForValidListAndQueue
                0x080055d4       0x54 src\freertos\Source\timers.o
 .text.Reset_Handler
                0x08005628       0x50 src\startup_stm32f10x_cl.o
                0x08005628                Reset_Handler
 .text.Default_Handler
                0x08005678        0x2 src\startup_stm32f10x_cl.o
                0x08005678                EXTI2_IRQHandler
                0x08005678                TIM1_CC_IRQHandler
                0x08005678                TIM6_IRQHandler
                0x08005678                PVD_IRQHandler
                0x08005678                EXTI3_IRQHandler
                0x08005678                EXTI0_IRQHandler
                0x08005678                I2C2_EV_IRQHandler
                0x08005678                ADC1_2_IRQHandler
                0x08005678                SPI1_IRQHandler
                0x08005678                TAMPER_IRQHandler
                0x08005678                DMA2_Channel2_IRQHandler
                0x08005678                DMA1_Channel4_IRQHandler
                0x08005678                USART3_IRQHandler
                0x08005678                RTC_IRQHandler
                0x08005678                DMA1_Channel7_IRQHandler
                0x08005678                UART5_IRQHandler
                0x08005678                TIM4_IRQHandler
                0x08005678                DMA2_Channel1_IRQHandler
                0x08005678                I2C1_EV_IRQHandler
                0x08005678                DMA1_Channel6_IRQHandler
                0x08005678                UART4_IRQHandler
                0x08005678                DMA2_Channel4_IRQHandler
                0x08005678                TIM3_IRQHandler
                0x08005678                RCC_IRQHandler
                0x08005678                TIM1_TRG_COM_IRQHandler
                0x08005678                DMA1_Channel1_IRQHandler
                0x08005678                Default_Handler
                0x08005678                EXTI15_10_IRQHandler
                0x08005678                TIM7_IRQHandler
                0x08005678                TIM5_IRQHandler
                0x08005678                EXTI9_5_IRQHandler
                0x08005678                ETH_WKUP_IRQHandler
                0x08005678                SPI2_IRQHandler
                0x08005678                DMA2_Channel5_IRQHandler
                0x08005678                DMA1_Channel5_IRQHandler
                0x08005678                EXTI4_IRQHandler
                0x08005678                DMA1_Channel3_IRQHandler
                0x08005678                ETH_IRQHandler
                0x08005678                TIM1_UP_IRQHandler
                0x08005678                WWDG_IRQHandler
                0x08005678                TIM2_IRQHandler
                0x08005678                OTG_FS_WKUP_IRQHandler
                0x08005678                TIM1_BRK_IRQHandler
                0x08005678                EXTI1_IRQHandler
                0x08005678                RTCAlarm_IRQHandler
                0x08005678                USART2_IRQHandler
                0x08005678                I2C2_ER_IRQHandler
                0x08005678                DMA1_Channel2_IRQHandler
                0x08005678                FLASH_IRQHandler
                0x08005678                USART1_IRQHandler
                0x08005678                OTG_FS_IRQHandler
                0x08005678                SPI3_IRQHandler
                0x08005678                I2C1_ER_IRQHandler
                0x08005678                DMA2_Channel3_IRQHandler
 *fill*         0x0800567a        0x2 
 .text.SystemInit
                0x0800567c       0x7c src\system_stm32f10x.o
                0x0800567c                SystemInit
 .text.SetSysClock
                0x080056f8        0xc src\system_stm32f10x.o
 .text.SetSysClockTo72
                0x08005704      0x138 src\system_stm32f10x.o
 .text.xTask    0x0800583c       0x2c src\task\displayTask.o
 .text.CreateDisplayTask
                0x08005868       0x54 src\task\displayTask.o
                0x08005868                CreateDisplayTask
 .text.DisplayRefalsh
                0x080058bc       0x20 src\task\displayTask.o
                0x080058bc                DisplayRefalsh
 .text.__libc_init_array
                0x080058dc       0x48 c:/program files (x86)/atollic/truestudio for stm32 9.0.1/armtools/bin/../lib/gcc/arm-atollic-eabi/6.3.1/../../../../arm-atollic-eabi/lib/armv7-m\libc_nano.a(lib_a-init.o)
                0x080058dc                __libc_init_array
 .text.memcpy   0x08005924       0x16 c:/program files (x86)/atollic/truestudio for stm32 9.0.1/armtools/bin/../lib/gcc/arm-atollic-eabi/6.3.1/../../../../arm-atollic-eabi/lib/armv7-m\libc_nano.a(lib_a-memcpy-stub.o)
                0x08005924                memcpy
 *fill*         0x0800593a        0x2 
 .text.pow      0x0800593c      0x2c8 c:/program files (x86)/atollic/truestudio for stm32 9.0.1/armtools/bin/../lib/gcc/arm-atollic-eabi/6.3.1/../../../../arm-atollic-eabi/lib/armv7-m\libm.a(lib_a-w_pow.o)
                0x0800593c                pow
 *fill*         0x08005c04        0x4 
 .text.__ieee754_pow
                0x08005c08      0x9e4 c:/program files (x86)/atollic/truestudio for stm32 9.0.1/armtools/bin/../lib/gcc/arm-atollic-eabi/6.3.1/../../../../arm-atollic-eabi/lib/armv7-m\libm.a(lib_a-e_pow.o)
                0x08005c08                __ieee754_pow
 .text.__ieee754_sqrt
                0x080065ec      0x158 c:/program files (x86)/atollic/truestudio for stm32 9.0.1/armtools/bin/../lib/gcc/arm-atollic-eabi/6.3.1/../../../../arm-atollic-eabi/lib/armv7-m\libm.a(lib_a-e_sqrt.o)
                0x080065ec                __ieee754_sqrt
 .text.fabs     0x08006744        0x6 c:/program files (x86)/atollic/truestudio for stm32 9.0.1/armtools/bin/../lib/gcc/arm-atollic-eabi/6.3.1/../../../../arm-atollic-eabi/lib/armv7-m\libm.a(lib_a-s_fabs.o)
                0x08006744                fabs
 .text.finite   0x0800674a        0xc c:/program files (x86)/atollic/truestudio for stm32 9.0.1/armtools/bin/../lib/gcc/arm-atollic-eabi/6.3.1/../../../../arm-atollic-eabi/lib/armv7-m\libm.a(lib_a-s_finite.o)
                0x0800674a                finite
 .text.matherr  0x08006756        0x4 c:/program files (x86)/atollic/truestudio for stm32 9.0.1/armtools/bin/../lib/gcc/arm-atollic-eabi/6.3.1/../../../../arm-atollic-eabi/lib/armv7-m\libm.a(lib_a-s_matherr.o)
                0x08006756                matherr
 *fill*         0x0800675a        0x2 
 .text.nan      0x0800675c        0xc c:/program files (x86)/atollic/truestudio for stm32 9.0.1/armtools/bin/../lib/gcc/arm-atollic-eabi/6.3.1/../../../../arm-atollic-eabi/lib/armv7-m\libm.a(lib_a-s_nan.o)
                0x0800675c                nan
 .text.rint     0x08006768      0x110 c:/program files (x86)/atollic/truestudio for stm32 9.0.1/armtools/bin/../lib/gcc/arm-atollic-eabi/6.3.1/../../../../arm-atollic-eabi/lib/armv7-m\libm.a(lib_a-s_rint.o)
                0x08006768                rint
 .text.scalbn   0x08006878       0xdc c:/program files (x86)/atollic/truestudio for stm32 9.0.1/armtools/bin/../lib/gcc/arm-atollic-eabi/6.3.1/../../../../arm-atollic-eabi/lib/armv7-m\libm.a(lib_a-s_scalbn.o)
                0x08006878                scalbn
 .text.copysign
                0x08006954        0xe c:/program files (x86)/atollic/truestudio for stm32 9.0.1/armtools/bin/../lib/gcc/arm-atollic-eabi/6.3.1/../../../../arm-atollic-eabi/lib/armv7-m\libm.a(lib_a-s_copysign.o)
                0x08006954                copysign
 *fill*         0x08006962        0x2 
 .text.__errno  0x08006964        0xc c:/program files (x86)/atollic/truestudio for stm32 9.0.1/armtools/bin/../lib/gcc/arm-atollic-eabi/6.3.1/../../../../arm-atollic-eabi/lib/armv7-m\libc_nano.a(lib_a-errno.o)
                0x08006964                __errno
 *(.glue_7)
 .glue_7        0x08006970        0x0 linker stubs
 *(.glue_7t)
 .glue_7t       0x08006970        0x0 linker stubs
 *(.eh_frame)
 .eh_frame      0x08006970        0x0 c:/program files (x86)/atollic/truestudio for stm32 9.0.1/armtools/bin/../lib/gcc/arm-atollic-eabi/6.3.1/armv7-m/crtbegin.o
 *(.init)
 .init          0x08006970        0x4 c:/program files (x86)/atollic/truestudio for stm32 9.0.1/armtools/bin/../lib/gcc/arm-atollic-eabi/6.3.1/armv7-m/crti.o
                0x08006970                _init
 .init          0x08006974        0x8 c:/program files (x86)/atollic/truestudio for stm32 9.0.1/armtools/bin/../lib/gcc/arm-atollic-eabi/6.3.1/armv7-m/crtn.o
 *(.fini)
 .fini          0x0800697c        0x4 c:/program files (x86)/atollic/truestudio for stm32 9.0.1/armtools/bin/../lib/gcc/arm-atollic-eabi/6.3.1/armv7-m/crti.o
                0x0800697c                _fini
 .fini          0x08006980        0x8 c:/program files (x86)/atollic/truestudio for stm32 9.0.1/armtools/bin/../lib/gcc/arm-atollic-eabi/6.3.1/armv7-m/crtn.o
                0x08006988                . = ALIGN (0x4)
                0x08006988                _etext = .

.vfp11_veneer   0x08006988        0x0
 .vfp11_veneer  0x08006988        0x0 linker stubs

.v4_bx          0x08006988        0x0
 .v4_bx         0x08006988        0x0 linker stubs

.iplt           0x08006988        0x0
 .iplt          0x08006988        0x0 c:/program files (x86)/atollic/truestudio for stm32 9.0.1/armtools/bin/../lib/gcc/arm-atollic-eabi/6.3.1/armv7-m/crtbegin.o

.rodata         0x08006988     0x2820
                0x08006988                . = ALIGN (0x4)
 *(.rodata)
 .rodata        0x08006988        0x7 src\APP\CanApp.o
 *fill*         0x0800698f        0x1 
 .rodata        0x08006990        0xc src\HARDWARE\keyDetect.o
 .rodata        0x0800699c        0x5 src\freertos\Source\tasks.o
 *fill*         0x080069a1        0x3 
 .rodata        0x080069a4        0x8 src\freertos\Source\timers.o
 .rodata        0x080069ac        0x8 src\task\displayTask.o
 *(.rodata*)
 .rodata.CanAppEvtHandler
                0x080069b4        0xc src\APP\CanApp.o
 .rodata.canFirlter
                0x080069c0       0x40 src\APP\CanApp.o
                0x080069c0                canFirlter
 .rodata.firlterList
                0x08006a00        0x8 src\APP\CanApp.o
                0x08006a00                firlterList
 .rodata.IMAGE  0x08006a08     0x1800 src\APP\maxtrixApp.o
                0x08006a08                IMAGE
 .rodata.gameMode
                0x08008208      0x100 src\APP\maxtrixApp.o
                0x08008208                gameMode
 .rodata.singleMode
                0x08008308      0x100 src\APP\maxtrixApp.o
                0x08008308                singleMode
 .rodata.mulitMode
                0x08008408      0x100 src\APP\maxtrixApp.o
                0x08008408                mulitMode
 .rodata.gameLevel
                0x08008508      0x100 src\APP\maxtrixApp.o
                0x08008508                gameLevel
 .rodata.scoreImage
                0x08008608      0x100 src\APP\maxtrixApp.o
                0x08008608                scoreImage
 .rodata.num0   0x08008708      0x100 src\APP\maxtrixApp.o
                0x08008708                num0
 .rodata.num1   0x08008808      0x100 src\APP\maxtrixApp.o
                0x08008808                num1
 .rodata.num2   0x08008908      0x100 src\APP\maxtrixApp.o
                0x08008908                num2
 .rodata.num3   0x08008a08      0x100 src\APP\maxtrixApp.o
                0x08008a08                num3
 .rodata.num4   0x08008b08      0x100 src\APP\maxtrixApp.o
                0x08008b08                num4
 .rodata.num5   0x08008c08      0x100 src\APP\maxtrixApp.o
                0x08008c08                num5
 .rodata.num6   0x08008d08      0x100 src\APP\maxtrixApp.o
                0x08008d08                num6
 .rodata.num7   0x08008e08      0x100 src\APP\maxtrixApp.o
                0x08008e08                num7
 .rodata.num8   0x08008f08      0x100 src\APP\maxtrixApp.o
                0x08008f08                num8
 .rodata.num9   0x08009008      0x100 src\APP\maxtrixApp.o
                0x08009008                num9
 .rodata.waits  0x08009108       0x20 src\HARDWARE\RGBMatrix.o
                0x08009108                waits
 .rodata.key    0x08009128       0x38 src\HARDWARE\keyDetect.o
 .rodata.pow.str1.1
                0x08009160        0x4 c:/program files (x86)/atollic/truestudio for stm32 9.0.1/armtools/bin/../lib/gcc/arm-atollic-eabi/6.3.1/../../../../arm-atollic-eabi/lib/armv7-m\libm.a(lib_a-w_pow.o)
 .rodata.__ieee754_pow.str1.1
                0x08009164        0x4 c:/program files (x86)/atollic/truestudio for stm32 9.0.1/armtools/bin/../lib/gcc/arm-atollic-eabi/6.3.1/../../../../arm-atollic-eabi/lib/armv7-m\libm.a(lib_a-e_pow.o)
                                  0x1 (size before relaxing)
 *fill*         0x08009164        0x4 
 .rodata.bp     0x08009168       0x10 c:/program files (x86)/atollic/truestudio for stm32 9.0.1/armtools/bin/../lib/gcc/arm-atollic-eabi/6.3.1/../../../../arm-atollic-eabi/lib/armv7-m\libm.a(lib_a-e_pow.o)
 .rodata.dp_h   0x08009178       0x10 c:/program files (x86)/atollic/truestudio for stm32 9.0.1/armtools/bin/../lib/gcc/arm-atollic-eabi/6.3.1/../../../../arm-atollic-eabi/lib/armv7-m\libm.a(lib_a-e_pow.o)
 .rodata.dp_l   0x08009188       0x10 c:/program files (x86)/atollic/truestudio for stm32 9.0.1/armtools/bin/../lib/gcc/arm-atollic-eabi/6.3.1/../../../../arm-atollic-eabi/lib/armv7-m\libm.a(lib_a-e_pow.o)
 .rodata.TWO52  0x08009198       0x10 c:/program files (x86)/atollic/truestudio for stm32 9.0.1/armtools/bin/../lib/gcc/arm-atollic-eabi/6.3.1/../../../../arm-atollic-eabi/lib/armv7-m\libm.a(lib_a-s_rint.o)
                0x080091a8                . = ALIGN (0x4)

.rel.dyn        0x080091a8        0x0
 .rel.iplt      0x080091a8        0x0 c:/program files (x86)/atollic/truestudio for stm32 9.0.1/armtools/bin/../lib/gcc/arm-atollic-eabi/6.3.1/armv7-m/crtbegin.o

.ARM.extab
 *(.ARM.extab* .gnu.linkonce.armextab.*)

.ARM            0x080091a8        0x0
                0x080091a8                __exidx_start = .
 *(.ARM.exidx*)
                0x080091a8                __exidx_end = .

.preinit_array  0x080091a8        0x0
                0x080091a8                PROVIDE (__preinit_array_start, .)
 *(.preinit_array*)
                0x080091a8                PROVIDE (__preinit_array_end, .)

.init_array     0x080091a8        0x4
                0x080091a8                PROVIDE (__init_array_start, .)
 *(SORT(.init_array.*))
 *(.init_array*)
 .init_array    0x080091a8        0x4 c:/program files (x86)/atollic/truestudio for stm32 9.0.1/armtools/bin/../lib/gcc/arm-atollic-eabi/6.3.1/armv7-m/crtbegin.o
                0x080091ac                PROVIDE (__init_array_end, .)

.fini_array     0x080091ac        0x4
                [!provide]                PROVIDE (__fini_array_start, .)
 *(SORT(.fini_array.*))
 *(.fini_array*)
 .fini_array    0x080091ac        0x4 c:/program files (x86)/atollic/truestudio for stm32 9.0.1/armtools/bin/../lib/gcc/arm-atollic-eabi/6.3.1/armv7-m/crtbegin.o
                [!provide]                PROVIDE (__fini_array_end, .)
                0x080091b0                _sidata = LOADADDR (.data)

.data           0x20000000      0x1a8 load address 0x080091b0
                0x20000000                . = ALIGN (0x4)
                0x20000000                _sdata = .
 *(.data)
 *(.data*)
 .data.gGameLevel
                0x20000000        0x1 src\APP\maxtrixApp.o
 .data.gGameMode
                0x20000001        0x1 src\APP\maxtrixApp.o
 *fill*         0x20000002        0x2 
 .data.pNumber  0x20000004       0x28 src\APP\maxtrixApp.o
                0x20000004                pNumber
 .data.keyStatus
                0x2000002c       0x70 src\HARDWARE\keyDetect.o
 .data.pCanController
                0x2000009c        0x4 src\SYSTEM\can.o
 .data.randtbl  0x200000a0       0x80 src\SYSTEM\rand.o
 .data.unsafe_state
                0x20000120       0x1c src\SYSTEM\rand.o
 .data.uxCriticalNesting
                0x2000013c        0x4 src\freertos\Source\portable\GCC\ARM_CM3\port.o
 .data.__fdlib_version
                0x20000140        0x1 c:/program files (x86)/atollic/truestudio for stm32 9.0.1/armtools/bin/../lib/gcc/arm-atollic-eabi/6.3.1/../../../../arm-atollic-eabi/lib/armv7-m\libm.a(lib_a-s_lib_ver.o)
                0x20000140                __fdlib_version
 *fill*         0x20000141        0x3 
 .data._impure_ptr
                0x20000144        0x4 c:/program files (x86)/atollic/truestudio for stm32 9.0.1/armtools/bin/../lib/gcc/arm-atollic-eabi/6.3.1/../../../../arm-atollic-eabi/lib/armv7-m\libc_nano.a(lib_a-impure.o)
                0x20000144                _impure_ptr
 .data.impure_data
                0x20000148       0x60 c:/program files (x86)/atollic/truestudio for stm32 9.0.1/armtools/bin/../lib/gcc/arm-atollic-eabi/6.3.1/../../../../arm-atollic-eabi/lib/armv7-m\libc_nano.a(lib_a-impure.o)
                0x200001a8                . = ALIGN (0x4)
                0x200001a8                _edata = .

.igot.plt       0x200001a8        0x0 load address 0x08009358
 .igot.plt      0x200001a8        0x0 c:/program files (x86)/atollic/truestudio for stm32 9.0.1/armtools/bin/../lib/gcc/arm-atollic-eabi/6.3.1/armv7-m/crtbegin.o
                0x200001a8                . = ALIGN (0x4)

.bss            0x200001a8     0x5ec4 load address 0x08009358
                0x200001a8                _sbss = .
                0x200001a8                __bss_start__ = _sbss
 *(.bss)
 .bss           0x200001a8       0x1c c:/program files (x86)/atollic/truestudio for stm32 9.0.1/armtools/bin/../lib/gcc/arm-atollic-eabi/6.3.1/armv7-m/crtbegin.o
 *(.bss*)
 .bss.xQueue    0x200001c4        0x4 src\APP\CanApp.o
 .bss.xSemphore
                0x200001c8        0x4 src\APP\CanApp.o
 .bss.selfId    0x200001cc        0x4 src\APP\CanApp.o
 .bss.gGameStatus
                0x200001d0        0x1 src\APP\maxtrixApp.o
 *fill*         0x200001d1        0x3 
 .bss.gScore    0x200001d4        0x2 src\APP\maxtrixApp.o
 .bss.showMode  0x200001d6        0x1 src\APP\maxtrixApp.o
 *fill*         0x200001d7        0x1 
 .bss.xTimers   0x200001d8        0x4 src\APP\maxtrixApp.o
 .bss.xTimers   0x200001dc        0x4 src\HARDWARE\keyDetect.o
 .bss.handler   0x200001e0       0x18 src\SYSTEM\can.o
 .bss.next_factor
                0x200001f8        0x4 src\SYSTEM\rand.o
 .bss.ucHeap    0x200001fc     0x4400 src\freertos\Source\portable\MemMang\heap_4.o
 .bss.xStart    0x200045fc        0x8 src\freertos\Source\portable\MemMang\heap_4.o
 .bss.pxEnd     0x20004604        0x4 src\freertos\Source\portable\MemMang\heap_4.o
 .bss.xFreeBytesRemaining
                0x20004608        0x4 src\freertos\Source\portable\MemMang\heap_4.o
 .bss.xMinimumEverFreeBytesRemaining
                0x2000460c        0x4 src\freertos\Source\portable\MemMang\heap_4.o
 .bss.xBlockAllocatedBit
                0x20004610        0x4 src\freertos\Source\portable\MemMang\heap_4.o
 .bss.pxCurrentTCB
                0x20004614        0x4 src\freertos\Source\tasks.o
                0x20004614                pxCurrentTCB
 .bss.pxReadyTasksLists
                0x20004618       0x64 src\freertos\Source\tasks.o
 .bss.xDelayedTaskList1
                0x2000467c       0x14 src\freertos\Source\tasks.o
 .bss.xDelayedTaskList2
                0x20004690       0x14 src\freertos\Source\tasks.o
 .bss.pxDelayedTaskList
                0x200046a4        0x4 src\freertos\Source\tasks.o
 .bss.pxOverflowDelayedTaskList
                0x200046a8        0x4 src\freertos\Source\tasks.o
 .bss.xPendingReadyList
                0x200046ac       0x14 src\freertos\Source\tasks.o
 .bss.xTasksWaitingTermination
                0x200046c0       0x14 src\freertos\Source\tasks.o
 .bss.uxDeletedTasksWaitingCleanUp
                0x200046d4        0x4 src\freertos\Source\tasks.o
 .bss.xSuspendedTaskList
                0x200046d8       0x14 src\freertos\Source\tasks.o
 .bss.uxCurrentNumberOfTasks
                0x200046ec        0x4 src\freertos\Source\tasks.o
 .bss.xTickCount
                0x200046f0        0x4 src\freertos\Source\tasks.o
 .bss.uxTopReadyPriority
                0x200046f4        0x4 src\freertos\Source\tasks.o
 .bss.xSchedulerRunning
                0x200046f8        0x4 src\freertos\Source\tasks.o
 .bss.uxPendedTicks
                0x200046fc        0x4 src\freertos\Source\tasks.o
 .bss.xYieldPending
                0x20004700        0x4 src\freertos\Source\tasks.o
 .bss.xNumOfOverflows
                0x20004704        0x4 src\freertos\Source\tasks.o
 .bss.uxTaskNumber
                0x20004708        0x4 src\freertos\Source\tasks.o
 .bss.xNextTaskUnblockTime
                0x2000470c        0x4 src\freertos\Source\tasks.o
 .bss.xIdleTaskHandle
                0x20004710        0x4 src\freertos\Source\tasks.o
 .bss.uxSchedulerSuspended
                0x20004714        0x4 src\freertos\Source\tasks.o
 .bss.xActiveTimerList1
                0x20004718       0x14 src\freertos\Source\timers.o
 .bss.xActiveTimerList2
                0x2000472c       0x14 src\freertos\Source\timers.o
 .bss.pxCurrentTimerList
                0x20004740        0x4 src\freertos\Source\timers.o
 .bss.pxOverflowTimerList
                0x20004744        0x4 src\freertos\Source\timers.o
 .bss.xTimerQueue
                0x20004748        0x4 src\freertos\Source\timers.o
 .bss.xTimerTaskHandle
                0x2000474c        0x4 src\freertos\Source\timers.o
 .bss.xLastTime.5392
                0x20004750        0x4 src\freertos\Source\timers.o
 .bss.xQueue    0x20004754        0x4 src\task\displayTask.o
 *(COMMON)
 COMMON         0x20004758     0x1914 src\HARDWARE\RGBMatrix.o
                0x20004758                birthRate
                0x2000475c                gammaTable
                0x2000485c                RGB
                0x2000605c                textWidth
                0x2000605e                textlen
                0x20006060                Scroll_Y
                0x20006064                ScrolbgColor
                0x20006068                ScrolColor
                0x2000606c                . = ALIGN (0x4)
                0x2000606c                _ebss = .
                0x2000606c                __bss_end__ = _ebss

._user_heap_stack
                0x2000606c      0x200 load address 0x08009358
                0x2000606c                . = ALIGN (0x4)
                [!provide]                PROVIDE (end, .)
                [!provide]                PROVIDE (_end, .)
                0x2000606c                . = (. + _Min_Heap_Size)
                0x2000626c                . = (. + _Min_Stack_Size)
 *fill*         0x2000606c      0x200 
                0x2000626c                . = ALIGN (0x4)

.memory_b1_text
 *(.mb1text)
 *(.mb1text*)
 *(.mb1rodata)
 *(.mb1rodata*)

/DISCARD/
 libc.a(*)
 libm.a(*)
 libgcc.a(*)

.ARM.attributes
                0x00000000       0x29
 *(.ARM.attributes)
 .ARM.attributes
                0x00000000       0x1d c:/program files (x86)/atollic/truestudio for stm32 9.0.1/armtools/bin/../lib/gcc/arm-atollic-eabi/6.3.1/armv7-m/crti.o
 .ARM.attributes
                0x0000001d       0x2d c:/program files (x86)/atollic/truestudio for stm32 9.0.1/armtools/bin/../lib/gcc/arm-atollic-eabi/6.3.1/armv7-m/crtbegin.o
 .ARM.attributes
                0x0000004a       0x33 Libraries\STM32F10x_StdPeriph_Driver\src\misc.o
 .ARM.attributes
                0x0000007d       0x33 Libraries\STM32F10x_StdPeriph_Driver\src\stm32f10x_can.o
 .ARM.attributes
                0x000000b0       0x33 Libraries\STM32F10x_StdPeriph_Driver\src\stm32f10x_gpio.o
 .ARM.attributes
                0x000000e3       0x33 Libraries\STM32F10x_StdPeriph_Driver\src\stm32f10x_rcc.o
 .ARM.attributes
                0x00000116       0x33 src\APP\CanApp.o
 .ARM.attributes
                0x00000149       0x33 src\APP\FreeRTOSHook.o
 .ARM.attributes
                0x0000017c       0x33 src\APP\main.o
 .ARM.attributes
                0x000001af       0x33 src\APP\maxtrixApp.o
 .ARM.attributes
                0x000001e2       0x33 src\APP\stm32f10x_it.o
 .ARM.attributes
                0x00000215       0x33 src\HARDWARE\RGBMatrix.o
 .ARM.attributes
                0x00000248       0x33 src\HARDWARE\keyDetect.o
 .ARM.attributes
                0x0000027b       0x33 src\SYSTEM\can.o
 .ARM.attributes
                0x000002ae       0x33 src\SYSTEM\gpioInit.o
 .ARM.attributes
                0x000002e1       0x33 src\SYSTEM\rand.o
 .ARM.attributes
                0x00000314       0x33 src\SYSTEM\sysclock.o
 .ARM.attributes
                0x00000347       0x33 src\freertos\Source\list.o
 .ARM.attributes
                0x0000037a       0x33 src\freertos\Source\portable\GCC\ARM_CM3\port.o
 .ARM.attributes
                0x000003ad       0x33 src\freertos\Source\portable\MemMang\heap_4.o
 .ARM.attributes
                0x000003e0       0x33 src\freertos\Source\queue.o
 .ARM.attributes
                0x00000413       0x33 src\freertos\Source\tasks.o
 .ARM.attributes
                0x00000446       0x33 src\freertos\Source\timers.o
 .ARM.attributes
                0x00000479       0x21 src\startup_stm32f10x_cl.o
 .ARM.attributes
                0x0000049a       0x33 src\system_stm32f10x.o
 .ARM.attributes
                0x000004cd       0x33 src\task\displayTask.o
 .ARM.attributes
                0x00000500       0x2d c:/program files (x86)/atollic/truestudio for stm32 9.0.1/armtools/bin/../lib/gcc/arm-atollic-eabi/6.3.1/../../../../arm-atollic-eabi/lib/armv7-m\libc_nano.a(lib_a-init.o)
 .ARM.attributes
                0x0000052d       0x2d c:/program files (x86)/atollic/truestudio for stm32 9.0.1/armtools/bin/../lib/gcc/arm-atollic-eabi/6.3.1/../../../../arm-atollic-eabi/lib/armv7-m\libc_nano.a(lib_a-memcpy-stub.o)
 .ARM.attributes
                0x0000055a       0x2d c:/program files (x86)/atollic/truestudio for stm32 9.0.1/armtools/bin/../lib/gcc/arm-atollic-eabi/6.3.1/../../../../arm-atollic-eabi/lib/armv7-m\libm.a(lib_a-w_pow.o)
 .ARM.attributes
                0x00000587       0x2d c:/program files (x86)/atollic/truestudio for stm32 9.0.1/armtools/bin/../lib/gcc/arm-atollic-eabi/6.3.1/../../../../arm-atollic-eabi/lib/armv7-m\libm.a(lib_a-e_pow.o)
 .ARM.attributes
                0x000005b4       0x2d c:/program files (x86)/atollic/truestudio for stm32 9.0.1/armtools/bin/../lib/gcc/arm-atollic-eabi/6.3.1/../../../../arm-atollic-eabi/lib/armv7-m\libm.a(lib_a-e_sqrt.o)
 .ARM.attributes
                0x000005e1       0x2d c:/program files (x86)/atollic/truestudio for stm32 9.0.1/armtools/bin/../lib/gcc/arm-atollic-eabi/6.3.1/../../../../arm-atollic-eabi/lib/armv7-m\libm.a(lib_a-s_fabs.o)
 .ARM.attributes
                0x0000060e       0x2d c:/program files (x86)/atollic/truestudio for stm32 9.0.1/armtools/bin/../lib/gcc/arm-atollic-eabi/6.3.1/../../../../arm-atollic-eabi/lib/armv7-m\libm.a(lib_a-s_finite.o)
 .ARM.attributes
                0x0000063b       0x2d c:/program files (x86)/atollic/truestudio for stm32 9.0.1/armtools/bin/../lib/gcc/arm-atollic-eabi/6.3.1/../../../../arm-atollic-eabi/lib/armv7-m\libm.a(lib_a-s_lib_ver.o)
 .ARM.attributes
                0x00000668       0x2d c:/program files (x86)/atollic/truestudio for stm32 9.0.1/armtools/bin/../lib/gcc/arm-atollic-eabi/6.3.1/../../../../arm-atollic-eabi/lib/armv7-m\libm.a(lib_a-s_matherr.o)
 .ARM.attributes
                0x00000695       0x2d c:/program files (x86)/atollic/truestudio for stm32 9.0.1/armtools/bin/../lib/gcc/arm-atollic-eabi/6.3.1/../../../../arm-atollic-eabi/lib/armv7-m\libm.a(lib_a-s_nan.o)
 .ARM.attributes
                0x000006c2       0x2d c:/program files (x86)/atollic/truestudio for stm32 9.0.1/armtools/bin/../lib/gcc/arm-atollic-eabi/6.3.1/../../../../arm-atollic-eabi/lib/armv7-m\libm.a(lib_a-s_rint.o)
 .ARM.attributes
                0x000006ef       0x2d c:/program files (x86)/atollic/truestudio for stm32 9.0.1/armtools/bin/../lib/gcc/arm-atollic-eabi/6.3.1/../../../../arm-atollic-eabi/lib/armv7-m\libm.a(lib_a-s_scalbn.o)
 .ARM.attributes
                0x0000071c       0x2d c:/program files (x86)/atollic/truestudio for stm32 9.0.1/armtools/bin/../lib/gcc/arm-atollic-eabi/6.3.1/../../../../arm-atollic-eabi/lib/armv7-m\libm.a(lib_a-s_copysign.o)
 .ARM.attributes
                0x00000749       0x2d c:/program files (x86)/atollic/truestudio for stm32 9.0.1/armtools/bin/../lib/gcc/arm-atollic-eabi/6.3.1/../../../../arm-atollic-eabi/lib/armv7-m\libc_nano.a(lib_a-errno.o)
 .ARM.attributes
                0x00000776       0x2d c:/program files (x86)/atollic/truestudio for stm32 9.0.1/armtools/bin/../lib/gcc/arm-atollic-eabi/6.3.1/../../../../arm-atollic-eabi/lib/armv7-m\libc_nano.a(lib_a-impure.o)
 .ARM.attributes
                0x000007a3       0x1d c:/program files (x86)/atollic/truestudio for stm32 9.0.1/armtools/bin/../lib/gcc/arm-atollic-eabi/6.3.1/armv7-m\libgcc.a(_arm_addsubdf3.o)
 .ARM.attributes
                0x000007c0       0x1d c:/program files (x86)/atollic/truestudio for stm32 9.0.1/armtools/bin/../lib/gcc/arm-atollic-eabi/6.3.1/armv7-m\libgcc.a(_arm_muldivdf3.o)
 .ARM.attributes
                0x000007dd       0x1d c:/program files (x86)/atollic/truestudio for stm32 9.0.1/armtools/bin/../lib/gcc/arm-atollic-eabi/6.3.1/armv7-m\libgcc.a(_arm_cmpdf2.o)
 .ARM.attributes
                0x000007fa       0x1d c:/program files (x86)/atollic/truestudio for stm32 9.0.1/armtools/bin/../lib/gcc/arm-atollic-eabi/6.3.1/armv7-m\libgcc.a(_arm_unorddf2.o)
 .ARM.attributes
                0x00000817       0x1d c:/program files (x86)/atollic/truestudio for stm32 9.0.1/armtools/bin/../lib/gcc/arm-atollic-eabi/6.3.1/armv7-m\libgcc.a(_arm_fixunsdfsi.o)
 .ARM.attributes
                0x00000834       0x1d c:/program files (x86)/atollic/truestudio for stm32 9.0.1/armtools/bin/../lib/gcc/arm-atollic-eabi/6.3.1/armv7-m/crtn.o
OUTPUT(master.elf elf32-littlearm)

.debug_info     0x00000000     0xf80a
 .debug_info    0x00000000      0x54d Libraries\STM32F10x_StdPeriph_Driver\src\misc.o
 .debug_info    0x0000054d      0xbaf Libraries\STM32F10x_StdPeriph_Driver\src\stm32f10x_can.o
 .debug_info    0x000010fc      0x701 Libraries\STM32F10x_StdPeriph_Driver\src\stm32f10x_gpio.o
 .debug_info    0x000017fd      0xab8 Libraries\STM32F10x_StdPeriph_Driver\src\stm32f10x_rcc.o
 .debug_info    0x000022b5      0x54c src\APP\CanApp.o
 .debug_info    0x00002801      0x944 src\APP\FreeRTOSHook.o
 .debug_info    0x00003145      0x8e2 src\APP\main.o
 .debug_info    0x00003a27     0x1044 src\APP\maxtrixApp.o
 .debug_info    0x00004a6b      0x121 src\APP\stm32f10x_it.o
 .debug_info    0x00004b8c     0x12c6 src\HARDWARE\RGBMatrix.o
 .debug_info    0x00005e52      0xbe2 src\HARDWARE\keyDetect.o
 .debug_info    0x00006a34     0x1490 src\SYSTEM\can.o
 .debug_info    0x00007ec4      0x2fd src\SYSTEM\gpioInit.o
 .debug_info    0x000081c1      0xa56 src\SYSTEM\rand.o
 .debug_info    0x00008c17       0xf7 src\SYSTEM\sysclock.o
 .debug_info    0x00008d0e      0xabd src\freertos\Source\list.o
 .debug_info    0x000097cb      0x2e2 src\freertos\Source\portable\GCC\ARM_CM3\port.o
 .debug_info    0x00009aad      0xafb src\freertos\Source\portable\MemMang\heap_4.o
 .debug_info    0x0000a5a8     0x156a src\freertos\Source\queue.o
 .debug_info    0x0000bb12     0x1c83 src\freertos\Source\tasks.o
 .debug_info    0x0000d795     0x1169 src\freertos\Source\timers.o
 .debug_info    0x0000e8fe       0x75 src\startup_stm32f10x_cl.o
 .debug_info    0x0000e973      0x4fd src\system_stm32f10x.o
 .debug_info    0x0000ee70      0x99a src\task\displayTask.o

.debug_abbrev   0x00000000     0x2d65
 .debug_abbrev  0x00000000      0x172 Libraries\STM32F10x_StdPeriph_Driver\src\misc.o
 .debug_abbrev  0x00000172      0x206 Libraries\STM32F10x_StdPeriph_Driver\src\stm32f10x_can.o
 .debug_abbrev  0x00000378      0x1dd Libraries\STM32F10x_StdPeriph_Driver\src\stm32f10x_gpio.o
 .debug_abbrev  0x00000555      0x1cf Libraries\STM32F10x_StdPeriph_Driver\src\stm32f10x_rcc.o
 .debug_abbrev  0x00000724      0x1c2 src\APP\CanApp.o
 .debug_abbrev  0x000008e6      0x195 src\APP\FreeRTOSHook.o
 .debug_abbrev  0x00000a7b      0x176 src\APP\main.o
 .debug_abbrev  0x00000bf1      0x2f2 src\APP\maxtrixApp.o
 .debug_abbrev  0x00000ee3       0x78 src\APP\stm32f10x_it.o
 .debug_abbrev  0x00000f5b      0x349 src\HARDWARE\RGBMatrix.o
 .debug_abbrev  0x000012a4      0x229 src\HARDWARE\keyDetect.o
 .debug_abbrev  0x000014cd      0x2f1 src\SYSTEM\can.o
 .debug_abbrev  0x000017be      0x174 src\SYSTEM\gpioInit.o
 .debug_abbrev  0x00001932      0x1e8 src\SYSTEM\rand.o
 .debug_abbrev  0x00001b1a       0x90 src\SYSTEM\sysclock.o
 .debug_abbrev  0x00001baa      0x1cc src\freertos\Source\list.o
 .debug_abbrev  0x00001d76      0x1c8 src\freertos\Source\portable\GCC\ARM_CM3\port.o
 .debug_abbrev  0x00001f3e      0x23a src\freertos\Source\portable\MemMang\heap_4.o
 .debug_abbrev  0x00002178      0x2c3 src\freertos\Source\queue.o
 .debug_abbrev  0x0000243b      0x344 src\freertos\Source\tasks.o
 .debug_abbrev  0x0000277f      0x28f src\freertos\Source\timers.o
 .debug_abbrev  0x00002a0e       0x12 src\startup_stm32f10x_cl.o
 .debug_abbrev  0x00002a20      0x16e src\system_stm32f10x.o
 .debug_abbrev  0x00002b8e      0x1d7 src\task\displayTask.o

.debug_aranges  0x00000000      0xb90
 .debug_aranges
                0x00000000       0x40 Libraries\STM32F10x_StdPeriph_Driver\src\misc.o
 .debug_aranges
                0x00000040       0xe0 Libraries\STM32F10x_StdPeriph_Driver\src\stm32f10x_can.o
 .debug_aranges
                0x00000120       0xa8 Libraries\STM32F10x_StdPeriph_Driver\src\stm32f10x_gpio.o
 .debug_aranges
                0x000001c8      0x160 Libraries\STM32F10x_StdPeriph_Driver\src\stm32f10x_rcc.o
 .debug_aranges
                0x00000328       0x50 src\APP\CanApp.o
 .debug_aranges
                0x00000378       0x30 src\APP\FreeRTOSHook.o
 .debug_aranges
                0x000003a8       0x20 src\APP\main.o
 .debug_aranges
                0x000003c8       0x98 src\APP\maxtrixApp.o
 .debug_aranges
                0x00000460       0x48 src\APP\stm32f10x_it.o
 .debug_aranges
                0x000004a8       0xa8 src\HARDWARE\RGBMatrix.o
 .debug_aranges
                0x00000550       0x58 src\HARDWARE\keyDetect.o
 .debug_aranges
                0x000005a8       0x80 src\SYSTEM\can.o
 .debug_aranges
                0x00000628       0x68 src\SYSTEM\gpioInit.o
 .debug_aranges
                0x00000690       0x30 src\SYSTEM\rand.o
 .debug_aranges
                0x000006c0       0x28 src\SYSTEM\sysclock.o
 .debug_aranges
                0x000006e8       0x40 src\freertos\Source\list.o
 .debug_aranges
                0x00000728       0x70 src\freertos\Source\portable\GCC\ARM_CM3\port.o
 .debug_aranges
                0x00000798       0x50 src\freertos\Source\portable\MemMang\heap_4.o
 .debug_aranges
                0x000007e8       0xd0 src\freertos\Source\queue.o
 .debug_aranges
                0x000008b8      0x190 src\freertos\Source\tasks.o
 .debug_aranges
                0x00000a48       0xb8 src\freertos\Source\timers.o
 .debug_aranges
                0x00000b00       0x28 src\startup_stm32f10x_cl.o
 .debug_aranges
                0x00000b28       0x38 src\system_stm32f10x.o
 .debug_aranges
                0x00000b60       0x30 src\task\displayTask.o

.debug_ranges   0x00000000      0xa58
 .debug_ranges  0x00000000       0x30 Libraries\STM32F10x_StdPeriph_Driver\src\misc.o
 .debug_ranges  0x00000030       0xd0 Libraries\STM32F10x_StdPeriph_Driver\src\stm32f10x_can.o
 .debug_ranges  0x00000100       0x98 Libraries\STM32F10x_StdPeriph_Driver\src\stm32f10x_gpio.o
 .debug_ranges  0x00000198      0x150 Libraries\STM32F10x_StdPeriph_Driver\src\stm32f10x_rcc.o
 .debug_ranges  0x000002e8       0x40 src\APP\CanApp.o
 .debug_ranges  0x00000328       0x20 src\APP\FreeRTOSHook.o
 .debug_ranges  0x00000348       0x10 src\APP\main.o
 .debug_ranges  0x00000358       0xc8 src\APP\maxtrixApp.o
 .debug_ranges  0x00000420       0x38 src\APP\stm32f10x_it.o
 .debug_ranges  0x00000458       0x98 src\HARDWARE\RGBMatrix.o
 .debug_ranges  0x000004f0       0x48 src\HARDWARE\keyDetect.o
 .debug_ranges  0x00000538       0x70 src\SYSTEM\can.o
 .debug_ranges  0x000005a8       0x58 src\SYSTEM\gpioInit.o
 .debug_ranges  0x00000600       0x20 src\SYSTEM\rand.o
 .debug_ranges  0x00000620       0x18 src\SYSTEM\sysclock.o
 .debug_ranges  0x00000638       0x30 src\freertos\Source\list.o
 .debug_ranges  0x00000668       0x60 src\freertos\Source\portable\GCC\ARM_CM3\port.o
 .debug_ranges  0x000006c8       0x40 src\freertos\Source\portable\MemMang\heap_4.o
 .debug_ranges  0x00000708       0xc0 src\freertos\Source\queue.o
 .debug_ranges  0x000007c8      0x180 src\freertos\Source\tasks.o
 .debug_ranges  0x00000948       0xa8 src\freertos\Source\timers.o
 .debug_ranges  0x000009f0       0x20 src\startup_stm32f10x_cl.o
 .debug_ranges  0x00000a10       0x28 src\system_stm32f10x.o
 .debug_ranges  0x00000a38       0x20 src\task\displayTask.o

.debug_line     0x00000000     0x5a59
 .debug_line    0x00000000      0x25c Libraries\STM32F10x_StdPeriph_Driver\src\misc.o
 .debug_line    0x0000025c      0x583 Libraries\STM32F10x_StdPeriph_Driver\src\stm32f10x_can.o
 .debug_line    0x000007df      0x3e9 Libraries\STM32F10x_StdPeriph_Driver\src\stm32f10x_gpio.o
 .debug_line    0x00000bc8      0x5a0 Libraries\STM32F10x_StdPeriph_Driver\src\stm32f10x_rcc.o
 .debug_line    0x00001168      0x2ad src\APP\CanApp.o
 .debug_line    0x00001415      0x26c src\APP\FreeRTOSHook.o
 .debug_line    0x00001681      0x1c0 src\APP\main.o
 .debug_line    0x00001841      0x7db src\APP\maxtrixApp.o
 .debug_line    0x0000201c      0x1fe src\APP\stm32f10x_it.o
 .debug_line    0x0000221a      0x67c src\HARDWARE\RGBMatrix.o
 .debug_line    0x00002896      0x387 src\HARDWARE\keyDetect.o
 .debug_line    0x00002c1d      0x407 src\SYSTEM\can.o
 .debug_line    0x00003024      0x2a2 src\SYSTEM\gpioInit.o
 .debug_line    0x000032c6      0x204 src\SYSTEM\rand.o
 .debug_line    0x000034ca      0x1c1 src\SYSTEM\sysclock.o
 .debug_line    0x0000368b      0x30a src\freertos\Source\list.o
 .debug_line    0x00003995      0x29b src\freertos\Source\portable\GCC\ARM_CM3\port.o
 .debug_line    0x00003c30      0x323 src\freertos\Source\portable\MemMang\heap_4.o
 .debug_line    0x00003f53      0x6ac src\freertos\Source\queue.o
 .debug_line    0x000045ff      0xa37 src\freertos\Source\tasks.o
 .debug_line    0x00005036      0x4dc src\freertos\Source\timers.o
 .debug_line    0x00005512       0x7e src\startup_stm32f10x_cl.o
 .debug_line    0x00005590      0x25a src\system_stm32f10x.o
 .debug_line    0x000057ea      0x26f src\task\displayTask.o

.debug_str      0x00000000     0x3f57
 .debug_str     0x00000000      0x3df Libraries\STM32F10x_StdPeriph_Driver\src\misc.o
                                0x42c (size before relaxing)
 .debug_str     0x000003df      0x534 Libraries\STM32F10x_StdPeriph_Driver\src\stm32f10x_can.o
                                0x79c (size before relaxing)
 .debug_str     0x00000913      0x37e Libraries\STM32F10x_StdPeriph_Driver\src\stm32f10x_gpio.o
                                0x587 (size before relaxing)
 .debug_str     0x00000c91      0x595 Libraries\STM32F10x_StdPeriph_Driver\src\stm32f10x_rcc.o
                                0x7d0 (size before relaxing)
 .debug_str     0x00001226      0x2f5 src\APP\CanApp.o
                                0x4ca (size before relaxing)
 .debug_str     0x0000151b      0x44d src\APP\FreeRTOSHook.o
                                0x65b (size before relaxing)
 .debug_str     0x00001968       0x1d src\APP\main.o
                                0x5c9 (size before relaxing)
 .debug_str     0x00001985      0x2e6 src\APP\maxtrixApp.o
                                0x992 (size before relaxing)
 .debug_str     0x00001c6b       0x7f src\APP\stm32f10x_it.o
                                0x226 (size before relaxing)
 .debug_str     0x00001cea      0x36d src\HARDWARE\RGBMatrix.o
                                0xad9 (size before relaxing)
 .debug_str     0x00002057      0x175 src\HARDWARE\keyDetect.o
                                0x80d (size before relaxing)
 .debug_str     0x000021cc      0x52f src\SYSTEM\can.o
                                0xf8e (size before relaxing)
 .debug_str     0x000026fb       0x84 src\SYSTEM\gpioInit.o
                                0x37e (size before relaxing)
 .debug_str     0x0000277f       0x88 src\SYSTEM\rand.o
                                0x658 (size before relaxing)
 .debug_str     0x00002807       0x36 src\SYSTEM\sysclock.o
                                0x1ec (size before relaxing)
 .debug_str     0x0000283d      0x134 src\freertos\Source\list.o
                                0x70c (size before relaxing)
 .debug_str     0x00002971      0x193 src\freertos\Source\portable\GCC\ARM_CM3\port.o
                                0x33e (size before relaxing)
 .debug_str     0x00002b04      0x1eb src\freertos\Source\portable\MemMang\heap_4.o
                                0x7a3 (size before relaxing)
 .debug_str     0x00002cef      0x416 src\freertos\Source\queue.o
                                0xb04 (size before relaxing)
 .debug_str     0x00003105      0x94f src\freertos\Source\tasks.o
                               0x1151 (size before relaxing)
 .debug_str     0x00003a54      0x409 src\freertos\Source\timers.o
                                0xb4d (size before relaxing)
 .debug_str     0x00003e5d       0x7b src\system_stm32f10x.o
                                0x36a (size before relaxing)
 .debug_str     0x00003ed8       0x7f src\task\displayTask.o
                                0x668 (size before relaxing)

.comment        0x00000000       0x7c
 .comment       0x00000000       0x7c Libraries\STM32F10x_StdPeriph_Driver\src\misc.o
                                 0x7d (size before relaxing)
 .comment       0x0000007c       0x7d Libraries\STM32F10x_StdPeriph_Driver\src\stm32f10x_can.o
 .comment       0x0000007c       0x7d Libraries\STM32F10x_StdPeriph_Driver\src\stm32f10x_gpio.o
 .comment       0x0000007c       0x7d Libraries\STM32F10x_StdPeriph_Driver\src\stm32f10x_rcc.o
 .comment       0x0000007c       0x7d src\APP\CanApp.o
 .comment       0x0000007c       0x7d src\APP\FreeRTOSHook.o
 .comment       0x0000007c       0x7d src\APP\main.o
 .comment       0x0000007c       0x7d src\APP\maxtrixApp.o
 .comment       0x0000007c       0x7d src\APP\stm32f10x_it.o
 .comment       0x0000007c       0x7d src\HARDWARE\RGBMatrix.o
 .comment       0x0000007c       0x7d src\HARDWARE\keyDetect.o
 .comment       0x0000007c       0x7d src\SYSTEM\can.o
 .comment       0x0000007c       0x7d src\SYSTEM\gpioInit.o
 .comment       0x0000007c       0x7d src\SYSTEM\rand.o
 .comment       0x0000007c       0x7d src\SYSTEM\sysclock.o
 .comment       0x0000007c       0x7d src\freertos\Source\list.o
 .comment       0x0000007c       0x7d src\freertos\Source\portable\GCC\ARM_CM3\port.o
 .comment       0x0000007c       0x7d src\freertos\Source\portable\MemMang\heap_4.o
 .comment       0x0000007c       0x7d src\freertos\Source\queue.o
 .comment       0x0000007c       0x7d src\freertos\Source\tasks.o
 .comment       0x0000007c       0x7d src\freertos\Source\timers.o
 .comment       0x0000007c       0x7d src\system_stm32f10x.o
 .comment       0x0000007c       0x7d src\task\displayTask.o

.debug_frame    0x00000000     0x2fdc
 .debug_frame   0x00000000       0xd8 Libraries\STM32F10x_StdPeriph_Driver\src\misc.o
 .debug_frame   0x000000d8      0x3f0 Libraries\STM32F10x_StdPeriph_Driver\src\stm32f10x_can.o
 .debug_frame   0x000004c8      0x2d0 Libraries\STM32F10x_StdPeriph_Driver\src\stm32f10x_gpio.o
 .debug_frame   0x00000798      0x65c Libraries\STM32F10x_StdPeriph_Driver\src\stm32f10x_rcc.o
 .debug_frame   0x00000df4       0xf8 src\APP\CanApp.o
 .debug_frame   0x00000eec       0x68 src\APP\FreeRTOSHook.o
 .debug_frame   0x00000f54       0x2c src\APP\main.o
 .debug_frame   0x00000f80      0x244 src\APP\maxtrixApp.o
 .debug_frame   0x000011c4       0xb0 src\APP\stm32f10x_it.o
 .debug_frame   0x00001274      0x2c4 src\HARDWARE\RGBMatrix.o
 .debug_frame   0x00001538      0x110 src\HARDWARE\keyDetect.o
 .debug_frame   0x00001648      0x1c8 src\SYSTEM\can.o
 .debug_frame   0x00001810      0x158 src\SYSTEM\gpioInit.o
 .debug_frame   0x00001968       0x84 src\SYSTEM\rand.o
 .debug_frame   0x000019ec       0x48 src\SYSTEM\sysclock.o
 .debug_frame   0x00001a34       0xd8 src\freertos\Source\list.o
 .debug_frame   0x00001b0c      0x160 src\freertos\Source\portable\GCC\ARM_CM3\port.o
 .debug_frame   0x00001c6c      0x108 src\freertos\Source\portable\MemMang\heap_4.o
 .debug_frame   0x00001d74      0x358 src\freertos\Source\queue.o
 .debug_frame   0x000020cc      0x6c8 src\freertos\Source\tasks.o
 .debug_frame   0x00002794      0x2e8 src\freertos\Source\timers.o
 .debug_frame   0x00002a7c       0x98 src\system_stm32f10x.o
 .debug_frame   0x00002b14       0x78 src\task\displayTask.o
 .debug_frame   0x00002b8c       0x2c c:/program files (x86)/atollic/truestudio for stm32 9.0.1/armtools/bin/../lib/gcc/arm-atollic-eabi/6.3.1/../../../../arm-atollic-eabi/lib/armv7-m\libc_nano.a(lib_a-init.o)
 .debug_frame   0x00002bb8       0x28 c:/program files (x86)/atollic/truestudio for stm32 9.0.1/armtools/bin/../lib/gcc/arm-atollic-eabi/6.3.1/../../../../arm-atollic-eabi/lib/armv7-m\libc_nano.a(lib_a-memcpy-stub.o)
 .debug_frame   0x00002be0       0x40 c:/program files (x86)/atollic/truestudio for stm32 9.0.1/armtools/bin/../lib/gcc/arm-atollic-eabi/6.3.1/../../../../arm-atollic-eabi/lib/armv7-m\libm.a(lib_a-w_pow.o)
 .debug_frame   0x00002c20       0x64 c:/program files (x86)/atollic/truestudio for stm32 9.0.1/armtools/bin/../lib/gcc/arm-atollic-eabi/6.3.1/../../../../arm-atollic-eabi/lib/armv7-m\libm.a(lib_a-e_pow.o)
 .debug_frame   0x00002c84       0x30 c:/program files (x86)/atollic/truestudio for stm32 9.0.1/armtools/bin/../lib/gcc/arm-atollic-eabi/6.3.1/../../../../arm-atollic-eabi/lib/armv7-m\libm.a(lib_a-e_sqrt.o)
 .debug_frame   0x00002cb4       0x20 c:/program files (x86)/atollic/truestudio for stm32 9.0.1/armtools/bin/../lib/gcc/arm-atollic-eabi/6.3.1/../../../../arm-atollic-eabi/lib/armv7-m\libm.a(lib_a-s_fabs.o)
 .debug_frame   0x00002cd4       0x20 c:/program files (x86)/atollic/truestudio for stm32 9.0.1/armtools/bin/../lib/gcc/arm-atollic-eabi/6.3.1/../../../../arm-atollic-eabi/lib/armv7-m\libm.a(lib_a-s_finite.o)
 .debug_frame   0x00002cf4       0x20 c:/program files (x86)/atollic/truestudio for stm32 9.0.1/armtools/bin/../lib/gcc/arm-atollic-eabi/6.3.1/../../../../arm-atollic-eabi/lib/armv7-m\libm.a(lib_a-s_matherr.o)
 .debug_frame   0x00002d14       0x20 c:/program files (x86)/atollic/truestudio for stm32 9.0.1/armtools/bin/../lib/gcc/arm-atollic-eabi/6.3.1/../../../../arm-atollic-eabi/lib/armv7-m\libm.a(lib_a-s_nan.o)
 .debug_frame   0x00002d34       0x34 c:/program files (x86)/atollic/truestudio for stm32 9.0.1/armtools/bin/../lib/gcc/arm-atollic-eabi/6.3.1/../../../../arm-atollic-eabi/lib/armv7-m\libm.a(lib_a-s_rint.o)
 .debug_frame   0x00002d68       0x30 c:/program files (x86)/atollic/truestudio for stm32 9.0.1/armtools/bin/../lib/gcc/arm-atollic-eabi/6.3.1/../../../../arm-atollic-eabi/lib/armv7-m\libm.a(lib_a-s_scalbn.o)
 .debug_frame   0x00002d98       0x20 c:/program files (x86)/atollic/truestudio for stm32 9.0.1/armtools/bin/../lib/gcc/arm-atollic-eabi/6.3.1/../../../../arm-atollic-eabi/lib/armv7-m\libm.a(lib_a-s_copysign.o)
 .debug_frame   0x00002db8       0x20 c:/program files (x86)/atollic/truestudio for stm32 9.0.1/armtools/bin/../lib/gcc/arm-atollic-eabi/6.3.1/../../../../arm-atollic-eabi/lib/armv7-m\libc_nano.a(lib_a-errno.o)
 .debug_frame   0x00002dd8       0xac c:/program files (x86)/atollic/truestudio for stm32 9.0.1/armtools/bin/../lib/gcc/arm-atollic-eabi/6.3.1/armv7-m\libgcc.a(_arm_addsubdf3.o)
 .debug_frame   0x00002e84       0x50 c:/program files (x86)/atollic/truestudio for stm32 9.0.1/armtools/bin/../lib/gcc/arm-atollic-eabi/6.3.1/armv7-m\libgcc.a(_arm_muldivdf3.o)
 .debug_frame   0x00002ed4       0xc4 c:/program files (x86)/atollic/truestudio for stm32 9.0.1/armtools/bin/../lib/gcc/arm-atollic-eabi/6.3.1/armv7-m\libgcc.a(_arm_cmpdf2.o)
 .debug_frame   0x00002f98       0x20 c:/program files (x86)/atollic/truestudio for stm32 9.0.1/armtools/bin/../lib/gcc/arm-atollic-eabi/6.3.1/armv7-m\libgcc.a(_arm_unorddf2.o)
 .debug_frame   0x00002fb8       0x24 c:/program files (x86)/atollic/truestudio for stm32 9.0.1/armtools/bin/../lib/gcc/arm-atollic-eabi/6.3.1/armv7-m\libgcc.a(_arm_fixunsdfsi.o)

Cross Reference Table

Symbol                                            File
ADC1_2_IRQHandler                                 src\startup_stm32f10x_cl.o
ADC_AnalogWatchdogCmd                             Libraries\STM32F10x_StdPeriph_Driver\src\stm32f10x_adc.o
ADC_AnalogWatchdogSingleChannelConfig             Libraries\STM32F10x_StdPeriph_Driver\src\stm32f10x_adc.o
ADC_AnalogWatchdogThresholdsConfig                Libraries\STM32F10x_StdPeriph_Driver\src\stm32f10x_adc.o
ADC_AutoInjectedConvCmd                           Libraries\STM32F10x_StdPeriph_Driver\src\stm32f10x_adc.o
ADC_ClearFlag                                     Libraries\STM32F10x_StdPeriph_Driver\src\stm32f10x_adc.o
ADC_ClearITPendingBit                             Libraries\STM32F10x_StdPeriph_Driver\src\stm32f10x_adc.o
ADC_Cmd                                           Libraries\STM32F10x_StdPeriph_Driver\src\stm32f10x_adc.o
ADC_DMACmd                                        Libraries\STM32F10x_StdPeriph_Driver\src\stm32f10x_adc.o
ADC_DeInit                                        Libraries\STM32F10x_StdPeriph_Driver\src\stm32f10x_adc.o
ADC_DiscModeChannelCountConfig                    Libraries\STM32F10x_StdPeriph_Driver\src\stm32f10x_adc.o
ADC_DiscModeCmd                                   Libraries\STM32F10x_StdPeriph_Driver\src\stm32f10x_adc.o
ADC_ExternalTrigConvCmd                           Libraries\STM32F10x_StdPeriph_Driver\src\stm32f10x_adc.o
ADC_ExternalTrigInjectedConvCmd                   Libraries\STM32F10x_StdPeriph_Driver\src\stm32f10x_adc.o
ADC_ExternalTrigInjectedConvConfig                Libraries\STM32F10x_StdPeriph_Driver\src\stm32f10x_adc.o
ADC_GetCalibrationStatus                          Libraries\STM32F10x_StdPeriph_Driver\src\stm32f10x_adc.o
ADC_GetConversionValue                            Libraries\STM32F10x_StdPeriph_Driver\src\stm32f10x_adc.o
ADC_GetDualModeConversionValue                    Libraries\STM32F10x_StdPeriph_Driver\src\stm32f10x_adc.o
ADC_GetFlagStatus                                 Libraries\STM32F10x_StdPeriph_Driver\src\stm32f10x_adc.o
ADC_GetITStatus                                   Libraries\STM32F10x_StdPeriph_Driver\src\stm32f10x_adc.o
ADC_GetInjectedConversionValue                    Libraries\STM32F10x_StdPeriph_Driver\src\stm32f10x_adc.o
ADC_GetResetCalibrationStatus                     Libraries\STM32F10x_StdPeriph_Driver\src\stm32f10x_adc.o
ADC_GetSoftwareStartConvStatus                    Libraries\STM32F10x_StdPeriph_Driver\src\stm32f10x_adc.o
ADC_GetSoftwareStartInjectedConvCmdStatus         Libraries\STM32F10x_StdPeriph_Driver\src\stm32f10x_adc.o
ADC_ITConfig                                      Libraries\STM32F10x_StdPeriph_Driver\src\stm32f10x_adc.o
ADC_Init                                          Libraries\STM32F10x_StdPeriph_Driver\src\stm32f10x_adc.o
ADC_InjectedChannelConfig                         Libraries\STM32F10x_StdPeriph_Driver\src\stm32f10x_adc.o
ADC_InjectedDiscModeCmd                           Libraries\STM32F10x_StdPeriph_Driver\src\stm32f10x_adc.o
ADC_InjectedSequencerLengthConfig                 Libraries\STM32F10x_StdPeriph_Driver\src\stm32f10x_adc.o
ADC_RegularChannelConfig                          Libraries\STM32F10x_StdPeriph_Driver\src\stm32f10x_adc.o
ADC_ResetCalibration                              Libraries\STM32F10x_StdPeriph_Driver\src\stm32f10x_adc.o
ADC_SetInjectedOffset                             Libraries\STM32F10x_StdPeriph_Driver\src\stm32f10x_adc.o
ADC_SoftwareStartConvCmd                          Libraries\STM32F10x_StdPeriph_Driver\src\stm32f10x_adc.o
ADC_SoftwareStartInjectedConvCmd                  Libraries\STM32F10x_StdPeriph_Driver\src\stm32f10x_adc.o
ADC_StartCalibration                              Libraries\STM32F10x_StdPeriph_Driver\src\stm32f10x_adc.o
ADC_StructInit                                    Libraries\STM32F10x_StdPeriph_Driver\src\stm32f10x_adc.o
ADC_TempSensorVrefintCmd                          Libraries\STM32F10x_StdPeriph_Driver\src\stm32f10x_adc.o
AHBPrescTable                                     src\system_stm32f10x.o
BKP_ClearFlag                                     Libraries\STM32F10x_StdPeriph_Driver\src\stm32f10x_bkp.o
BKP_ClearITPendingBit                             Libraries\STM32F10x_StdPeriph_Driver\src\stm32f10x_bkp.o
BKP_DeInit                                        Libraries\STM32F10x_StdPeriph_Driver\src\stm32f10x_bkp.o
BKP_GetFlagStatus                                 Libraries\STM32F10x_StdPeriph_Driver\src\stm32f10x_bkp.o
BKP_GetITStatus                                   Libraries\STM32F10x_StdPeriph_Driver\src\stm32f10x_bkp.o
BKP_ITConfig                                      Libraries\STM32F10x_StdPeriph_Driver\src\stm32f10x_bkp.o
BKP_RTCOutputConfig                               Libraries\STM32F10x_StdPeriph_Driver\src\stm32f10x_bkp.o
BKP_ReadBackupRegister                            Libraries\STM32F10x_StdPeriph_Driver\src\stm32f10x_bkp.o
BKP_SetRTCCalibrationValue                        Libraries\STM32F10x_StdPeriph_Driver\src\stm32f10x_bkp.o
BKP_TamperPinCmd                                  Libraries\STM32F10x_StdPeriph_Driver\src\stm32f10x_bkp.o
BKP_TamperPinLevelConfig                          Libraries\STM32F10x_StdPeriph_Driver\src\stm32f10x_bkp.o
BKP_WriteBackupRegister                           Libraries\STM32F10x_StdPeriph_Driver\src\stm32f10x_bkp.o
BusFault_Handler                                  src\APP\stm32f10x_it.o
CAN1_RX0_IRQHandler                               src\SYSTEM\can.o
CAN1_RX1_IRQHandler                               src\SYSTEM\can.o
CAN1_SCE_IRQHandler                               src\SYSTEM\can.o
CAN1_TX_IRQHandler                                src\SYSTEM\can.o
CAN2_RX0_IRQHandler                               src\SYSTEM\can.o
CAN2_RX1_IRQHandler                               src\SYSTEM\can.o
CAN2_SCE_IRQHandler                               src\SYSTEM\can.o
CAN2_TX_IRQHandler                                src\SYSTEM\can.o
CAN_CancelTransmit                                Libraries\STM32F10x_StdPeriph_Driver\src\stm32f10x_can.o
CAN_ClearFlag                                     Libraries\STM32F10x_StdPeriph_Driver\src\stm32f10x_can.o
CAN_ClearITPendingBit                             Libraries\STM32F10x_StdPeriph_Driver\src\stm32f10x_can.o
                                                  src\SYSTEM\can.o
CAN_DBGFreeze                                     Libraries\STM32F10x_StdPeriph_Driver\src\stm32f10x_can.o
CAN_DeInit                                        Libraries\STM32F10x_StdPeriph_Driver\src\stm32f10x_can.o
CAN_FIFORelease                                   Libraries\STM32F10x_StdPeriph_Driver\src\stm32f10x_can.o
CAN_FilterInit                                    Libraries\STM32F10x_StdPeriph_Driver\src\stm32f10x_can.o
                                                  src\SYSTEM\can.o
CAN_GetFlagStatus                                 Libraries\STM32F10x_StdPeriph_Driver\src\stm32f10x_can.o
CAN_GetITStatus                                   Libraries\STM32F10x_StdPeriph_Driver\src\stm32f10x_can.o
                                                  src\SYSTEM\can.o
CAN_GetLSBTransmitErrorCounter                    Libraries\STM32F10x_StdPeriph_Driver\src\stm32f10x_can.o
CAN_GetLastErrorCode                              Libraries\STM32F10x_StdPeriph_Driver\src\stm32f10x_can.o
CAN_GetReceiveErrorCounter                        Libraries\STM32F10x_StdPeriph_Driver\src\stm32f10x_can.o
CAN_ITConfig                                      Libraries\STM32F10x_StdPeriph_Driver\src\stm32f10x_can.o
                                                  src\SYSTEM\can.o
CAN_Init                                          Libraries\STM32F10x_StdPeriph_Driver\src\stm32f10x_can.o
                                                  src\SYSTEM\can.o
CAN_MessagePending                                Libraries\STM32F10x_StdPeriph_Driver\src\stm32f10x_can.o
CAN_OperatingModeRequest                          Libraries\STM32F10x_StdPeriph_Driver\src\stm32f10x_can.o
CAN_Receive                                       Libraries\STM32F10x_StdPeriph_Driver\src\stm32f10x_can.o
                                                  src\SYSTEM\can.o
CAN_SlaveStartBank                                Libraries\STM32F10x_StdPeriph_Driver\src\stm32f10x_can.o
CAN_Sleep                                         Libraries\STM32F10x_StdPeriph_Driver\src\stm32f10x_can.o
CAN_StructInit                                    Libraries\STM32F10x_StdPeriph_Driver\src\stm32f10x_can.o
CAN_TTComModeCmd                                  Libraries\STM32F10x_StdPeriph_Driver\src\stm32f10x_can.o
CAN_Transmit                                      Libraries\STM32F10x_StdPeriph_Driver\src\stm32f10x_can.o
                                                  src\SYSTEM\can.o
CAN_TransmitStatus                                Libraries\STM32F10x_StdPeriph_Driver\src\stm32f10x_can.o
CAN_WakeUp                                        Libraries\STM32F10x_StdPeriph_Driver\src\stm32f10x_can.o
CEC_ClearFlag                                     Libraries\STM32F10x_StdPeriph_Driver\src\stm32f10x_cec.o
CEC_ClearITPendingBit                             Libraries\STM32F10x_StdPeriph_Driver\src\stm32f10x_cec.o
CEC_Cmd                                           Libraries\STM32F10x_StdPeriph_Driver\src\stm32f10x_cec.o
CEC_DeInit                                        Libraries\STM32F10x_StdPeriph_Driver\src\stm32f10x_cec.o
CEC_EndOfMessageCmd                               Libraries\STM32F10x_StdPeriph_Driver\src\stm32f10x_cec.o
CEC_GetFlagStatus                                 Libraries\STM32F10x_StdPeriph_Driver\src\stm32f10x_cec.o
CEC_GetITStatus                                   Libraries\STM32F10x_StdPeriph_Driver\src\stm32f10x_cec.o
CEC_ITConfig                                      Libraries\STM32F10x_StdPeriph_Driver\src\stm32f10x_cec.o
CEC_Init                                          Libraries\STM32F10x_StdPeriph_Driver\src\stm32f10x_cec.o
CEC_OwnAddressConfig                              Libraries\STM32F10x_StdPeriph_Driver\src\stm32f10x_cec.o
CEC_ReceiveDataByte                               Libraries\STM32F10x_StdPeriph_Driver\src\stm32f10x_cec.o
CEC_SendDataByte                                  Libraries\STM32F10x_StdPeriph_Driver\src\stm32f10x_cec.o
CEC_SetPrescaler                                  Libraries\STM32F10x_StdPeriph_Driver\src\stm32f10x_cec.o
CEC_StartOfMessage                                Libraries\STM32F10x_StdPeriph_Driver\src\stm32f10x_cec.o
CRC_CalcBlockCRC                                  Libraries\STM32F10x_StdPeriph_Driver\src\stm32f10x_crc.o
CRC_CalcCRC                                       Libraries\STM32F10x_StdPeriph_Driver\src\stm32f10x_crc.o
CRC_GetCRC                                        Libraries\STM32F10x_StdPeriph_Driver\src\stm32f10x_crc.o
CRC_GetIDRegister                                 Libraries\STM32F10x_StdPeriph_Driver\src\stm32f10x_crc.o
CRC_ResetDR                                       Libraries\STM32F10x_StdPeriph_Driver\src\stm32f10x_crc.o
CRC_SetIDRegister                                 Libraries\STM32F10x_StdPeriph_Driver\src\stm32f10x_crc.o
CanAppHandler                                     src\APP\CanApp.o
CanAppInit                                        src\APP\CanApp.o
                                                  src\APP\FreeRTOSHook.o
CanAppSendMsg                                     src\APP\CanApp.o
                                                  src\APP\maxtrixApp.o
CanDeinit                                         src\SYSTEM\can.o
                                                  src\APP\CanApp.o
CanGet_MSG                                        src\SYSTEM\can.o
                                                  src\APP\CanApp.o
CanInit                                           src\SYSTEM\can.o
                                                  src\APP\CanApp.o
CanSend_MSG                                       src\SYSTEM\can.o
                                                  src\APP\CanApp.o
CreateDisplayTask                                 src\task\displayTask.o
                                                  src\APP\FreeRTOSHook.o
DAC_Cmd                                           Libraries\STM32F10x_StdPeriph_Driver\src\stm32f10x_dac.o
DAC_DMACmd                                        Libraries\STM32F10x_StdPeriph_Driver\src\stm32f10x_dac.o
DAC_DeInit                                        Libraries\STM32F10x_StdPeriph_Driver\src\stm32f10x_dac.o
DAC_DualSoftwareTriggerCmd                        Libraries\STM32F10x_StdPeriph_Driver\src\stm32f10x_dac.o
DAC_GetDataOutputValue                            Libraries\STM32F10x_StdPeriph_Driver\src\stm32f10x_dac.o
DAC_Init                                          Libraries\STM32F10x_StdPeriph_Driver\src\stm32f10x_dac.o
DAC_SetChannel1Data                               Libraries\STM32F10x_StdPeriph_Driver\src\stm32f10x_dac.o
DAC_SetChannel2Data                               Libraries\STM32F10x_StdPeriph_Driver\src\stm32f10x_dac.o
DAC_SetDualChannelData                            Libraries\STM32F10x_StdPeriph_Driver\src\stm32f10x_dac.o
DAC_SoftwareTriggerCmd                            Libraries\STM32F10x_StdPeriph_Driver\src\stm32f10x_dac.o
DAC_StructInit                                    Libraries\STM32F10x_StdPeriph_Driver\src\stm32f10x_dac.o
DAC_WaveGenerationCmd                             Libraries\STM32F10x_StdPeriph_Driver\src\stm32f10x_dac.o
DBGMCU_Config                                     Libraries\STM32F10x_StdPeriph_Driver\src\stm32f10x_dbgmcu.o
DBGMCU_GetDEVID                                   Libraries\STM32F10x_StdPeriph_Driver\src\stm32f10x_dbgmcu.o
DBGMCU_GetREVID                                   Libraries\STM32F10x_StdPeriph_Driver\src\stm32f10x_dbgmcu.o
DMA1_Channel1_IRQHandler                          src\startup_stm32f10x_cl.o
DMA1_Channel2_IRQHandler                          src\startup_stm32f10x_cl.o
DMA1_Channel3_IRQHandler                          src\startup_stm32f10x_cl.o
DMA1_Channel4_IRQHandler                          src\startup_stm32f10x_cl.o
DMA1_Channel5_IRQHandler                          src\startup_stm32f10x_cl.o
DMA1_Channel6_IRQHandler                          src\startup_stm32f10x_cl.o
DMA1_Channel7_IRQHandler                          src\startup_stm32f10x_cl.o
DMA2_Channel1_IRQHandler                          src\startup_stm32f10x_cl.o
DMA2_Channel2_IRQHandler                          src\startup_stm32f10x_cl.o
DMA2_Channel3_IRQHandler                          src\startup_stm32f10x_cl.o
DMA2_Channel4_IRQHandler                          src\startup_stm32f10x_cl.o
DMA2_Channel5_IRQHandler                          src\startup_stm32f10x_cl.o
DMA_ClearFlag                                     Libraries\STM32F10x_StdPeriph_Driver\src\stm32f10x_dma.o
DMA_ClearITPendingBit                             Libraries\STM32F10x_StdPeriph_Driver\src\stm32f10x_dma.o
DMA_Cmd                                           Libraries\STM32F10x_StdPeriph_Driver\src\stm32f10x_dma.o
DMA_DeInit                                        Libraries\STM32F10x_StdPeriph_Driver\src\stm32f10x_dma.o
DMA_GetCurrDataCounter                            Libraries\STM32F10x_StdPeriph_Driver\src\stm32f10x_dma.o
DMA_GetFlagStatus                                 Libraries\STM32F10x_StdPeriph_Driver\src\stm32f10x_dma.o
DMA_GetITStatus                                   Libraries\STM32F10x_StdPeriph_Driver\src\stm32f10x_dma.o
DMA_ITConfig                                      Libraries\STM32F10x_StdPeriph_Driver\src\stm32f10x_dma.o