port.c:172:14:pxPortInitialiseStack	24	static
port.c:288:12:xPortStartScheduler	8	static
port.c:391:6:vPortEndScheduler	4	static
port.c:606:6:vPortStoreTaskMPUSettings	32	static
port.c:501:13:prvSetupMPU	16	static
port.c:564:17:prvGetMPURegionSizeSetting	24	static
port.c:424:6:PendSV_Handler	0	static
port.c:468:6:SysTick_Handler	8	static
port.c:199:6:SVC_Handler	0	static
port.c:256:13:prvRestoreContextOfFirstTask	0	static
port.c:218:13:prvSVCHandler	24	static
port.c:399:6:vPortEnterCritical	24	static
port.c:410:6:vPortExitCritical	24	static
port.c:489:30:vPortSetupTimerInterrupt	4	static
port.c:588:12:xPortRaisePrivilege	0	static
