Archive member included to satisfy reference by file (symbol)

c:/program files (x86)/atollic/truestudio for stm32 9.0.1/armtools/bin/../lib/gcc/arm-atollic-eabi/6.3.1/../../../../arm-atollic-eabi/lib/armv7-m\libc_nano.a(lib_a-init.o)
                              src\startup_stm32f10x_cl.o (__libc_init_array)
c:/program files (x86)/atollic/truestudio for stm32 9.0.1/armtools/bin/../lib/gcc/arm-atollic-eabi/6.3.1/../../../../arm-atollic-eabi/lib/armv7-m\libc_nano.a(lib_a-memcpy-stub.o)
                              src\SYSTEM\can.o (memcpy)
c:/program files (x86)/atollic/truestudio for stm32 9.0.1/armtools/bin/../lib/gcc/arm-atollic-eabi/6.3.1/../../../../arm-atollic-eabi/lib/armv7-m\libc_nano.a(lib_a-memset.o)
                              src\HARDWARE\eeprom.o (memset)

Allocating common symbols
Common symbol       size              file

leds                0x30              src\HARDWARE\ws2812b.o

Discarded input sections

 .text          0x00000000        0x0 c:/program files (x86)/atollic/truestudio for stm32 9.0.1/armtools/bin/../lib/gcc/arm-atollic-eabi/6.3.1/armv7-m/crti.o
 .data          0x00000000        0x0 c:/program files (x86)/atollic/truestudio for stm32 9.0.1/armtools/bin/../lib/gcc/arm-atollic-eabi/6.3.1/armv7-m/crti.o
 .bss           0x00000000        0x0 c:/program files (x86)/atollic/truestudio for stm32 9.0.1/armtools/bin/../lib/gcc/arm-atollic-eabi/6.3.1/armv7-m/crti.o
 .data          0x00000000        0x4 c:/program files (x86)/atollic/truestudio for stm32 9.0.1/armtools/bin/../lib/gcc/arm-atollic-eabi/6.3.1/armv7-m/crtbegin.o
 .text          0x00000000        0x0 Libraries\STM32F10x_StdPeriph_Driver\src\misc.o
 .data          0x00000000        0x0 Libraries\STM32F10x_StdPeriph_Driver\src\misc.o
 .bss           0x00000000        0x0 Libraries\STM32F10x_StdPeriph_Driver\src\misc.o
 .text.NVIC_PriorityGroupConfig
                0x00000000       0x24 Libraries\STM32F10x_StdPeriph_Driver\src\misc.o
 .text.NVIC_SetVectorTable
                0x00000000       0x2c Libraries\STM32F10x_StdPeriph_Driver\src\misc.o
 .text.NVIC_SystemLPConfig
                0x00000000       0x40 Libraries\STM32F10x_StdPeriph_Driver\src\misc.o
 .text.SysTick_CLKSourceConfig
                0x00000000       0x38 Libraries\STM32F10x_StdPeriph_Driver\src\misc.o
 .text          0x00000000        0x0 Libraries\STM32F10x_StdPeriph_Driver\src\stm32f10x_adc.o
 .data          0x00000000        0x0 Libraries\STM32F10x_StdPeriph_Driver\src\stm32f10x_adc.o
 .bss           0x00000000        0x0 Libraries\STM32F10x_StdPeriph_Driver\src\stm32f10x_adc.o
 .text.ADC_DeInit
                0x00000000       0x74 Libraries\STM32F10x_StdPeriph_Driver\src\stm32f10x_adc.o
 .text.ADC_Init
                0x00000000       0xa4 Libraries\STM32F10x_StdPeriph_Driver\src\stm32f10x_adc.o
 .text.ADC_StructInit
                0x00000000       0x36 Libraries\STM32F10x_StdPeriph_Driver\src\stm32f10x_adc.o
 .text.ADC_Cmd  0x00000000       0x36 Libraries\STM32F10x_StdPeriph_Driver\src\stm32f10x_adc.o
 .text.ADC_DMACmd
                0x00000000       0x36 Libraries\STM32F10x_StdPeriph_Driver\src\stm32f10x_adc.o
 .text.ADC_ITConfig
                0x00000000       0x44 Libraries\STM32F10x_StdPeriph_Driver\src\stm32f10x_adc.o
 .text.ADC_ResetCalibration
                0x00000000       0x1e Libraries\STM32F10x_StdPeriph_Driver\src\stm32f10x_adc.o
 .text.ADC_GetResetCalibrationStatus
                0x00000000       0x2e Libraries\STM32F10x_StdPeriph_Driver\src\stm32f10x_adc.o
 .text.ADC_StartCalibration
                0x00000000       0x1e Libraries\STM32F10x_StdPeriph_Driver\src\stm32f10x_adc.o
 .text.ADC_GetCalibrationStatus
                0x00000000       0x2e Libraries\STM32F10x_StdPeriph_Driver\src\stm32f10x_adc.o
 .text.ADC_SoftwareStartConvCmd
                0x00000000       0x36 Libraries\STM32F10x_StdPeriph_Driver\src\stm32f10x_adc.o
 .text.ADC_GetSoftwareStartConvStatus
                0x00000000       0x2e Libraries\STM32F10x_StdPeriph_Driver\src\stm32f10x_adc.o
 .text.ADC_DiscModeChannelCountConfig
                0x00000000       0x42 Libraries\STM32F10x_StdPeriph_Driver\src\stm32f10x_adc.o
 .text.ADC_DiscModeCmd
                0x00000000       0x36 Libraries\STM32F10x_StdPeriph_Driver\src\stm32f10x_adc.o
 .text.ADC_RegularChannelConfig
                0x00000000      0x192 Libraries\STM32F10x_StdPeriph_Driver\src\stm32f10x_adc.o
 .text.ADC_ExternalTrigConvCmd
                0x00000000       0x36 Libraries\STM32F10x_StdPeriph_Driver\src\stm32f10x_adc.o
 .text.ADC_GetConversionValue
                0x00000000       0x18 Libraries\STM32F10x_StdPeriph_Driver\src\stm32f10x_adc.o
 .text.ADC_GetDualModeConversionValue
                0x00000000       0x14 Libraries\STM32F10x_StdPeriph_Driver\src\stm32f10x_adc.o
 .text.ADC_AutoInjectedConvCmd
                0x00000000       0x36 Libraries\STM32F10x_StdPeriph_Driver\src\stm32f10x_adc.o
[...]
Memory Configuration

Name             Origin             Length             Attributes
FLASH            0x08000000         0x00040000         xr
RAM              0x20000000         0x00010000         xrw
MEMORY_B1        0x60000000         0x00000000         xr
*default*        0x00000000         0xffffffff

Linker script and memory map

LOAD c:/program files (x86)/atollic/truestudio for stm32 9.0.1/armtools/bin/../lib/gcc/arm-atollic-eabi/6.3.1/armv7-m/crti.o
LOAD c:/program files (x86)/atollic/truestudio for stm32 9.0.1/armtools/bin/../lib/gcc/arm-atollic-eabi/6.3.1/armv7-m/crtbegin.o
LOAD Libraries\STM32F10x_StdPeriph_Driver\src\misc.o
LOAD Libraries\STM32F10x_StdPeriph_Driver\src\stm32f10x_adc.o
LOAD Libraries\STM32F10x_StdPeriph_Driver\src\stm32f10x_bkp.o
LOAD Libraries\STM32F10x_StdPeriph_Driver\src\stm32f10x_can.o
LOAD Libraries\STM32F10x_StdPeriph_Driver\src\stm32f10x_cec.o
LOAD Libraries\STM32F10x_StdPeriph_Driver\src\stm32f10x_crc.o
LOAD Libraries\STM32F10x_StdPeriph_Driver\src\stm32f10x_dac.o
LOAD Libraries\STM32F10x_StdPeriph_Driver\src\stm32f10x_dbgmcu.o
LOAD Libraries\STM32F10x_StdPeriph_Driver\src\stm32f10x_dma.o
LOAD Libraries\STM32F10x_StdPeriph_Driver\src\stm32f10x_exti.o
LOAD Libraries\STM32F10x_StdPeriph_Driver\src\stm32f10x_flash.o
LOAD Libraries\STM32F10x_StdPeriph_Driver\src\stm32f10x_fsmc.o
LOAD Libraries\STM32F10x_StdPeriph_Driver\src\stm32f10x_gpio.o
LOAD Libraries\STM32F10x_StdPeriph_Driver\src\stm32f10x_i2c.o
LOAD Libraries\STM32F10x_StdPeriph_Driver\src\stm32f10x_iwdg.o
LOAD Libraries\STM32F10x_StdPeriph_Driver\src\stm32f10x_pwr.o
LOAD Libraries\STM32F10x_StdPeriph_Driver\src\stm32f10x_rcc.o
LOAD Libraries\STM32F10x_StdPeriph_Driver\src\stm32f10x_rtc.o
LOAD Libraries\STM32F10x_StdPeriph_Driver\src\stm32f10x_sdio.o
LOAD Libraries\STM32F10x_StdPeriph_Driver\src\stm32f10x_spi.o
LOAD Libraries\STM32F10x_StdPeriph_Driver\src\stm32f10x_tim.o
LOAD Libraries\STM32F10x_StdPeriph_Driver\src\stm32f10x_usart.o
LOAD Libraries\STM32F10x_StdPeriph_Driver\src\stm32f10x_wwdg.o
LOAD src\APP\CanApp.o
LOAD src\APP\FreeRTOSHook.o
LOAD src\APP\main.o
LOAD src\APP\stm32f10x_it.o
LOAD src\HARDWARE\at24qtxx.o
LOAD src\HARDWARE\bitmap.o
LOAD src\HARDWARE\eeprom.o
LOAD src\HARDWARE\led.o
LOAD src\HARDWARE\ws2812b.o
LOAD src\SYSTEM\can.o
LOAD src\SYSTEM\delay.o
LOAD src\SYSTEM\gpioInit.o
LOAD src\SYSTEM\iic.o
LOAD src\SYSTEM\iwdog.o
LOAD src\SYSTEM\rand.o
LOAD src\SYSTEM\sys.o
LOAD src\SYSTEM\sysclock.o
LOAD src\SYSTEM\wwdog.o
LOAD src\freertos\Source\croutine.o
LOAD src\freertos\Source\event_groups.o
LOAD src\freertos\Source\list.o
LOAD src\freertos\Source\portable\GCC\ARM_CM3\port.o
LOAD src\freertos\Source\portable\MemMang\heap_4.o
LOAD src\freertos\Source\queue.o
LOAD src\freertos\Source\stream_buffer.o
LOAD src\freertos\Source\tasks.o
LOAD src\freertos\Source\timers.o
LOAD src\startup_stm32f10x_cl.o
LOAD src\system_stm32f10x.o
LOAD src\task\peridic.o
                0x00000080                malloc_getpagesize_P = 0x80
START GROUP
LOAD c:/program files (x86)/atollic/truestudio for stm32 9.0.1/armtools/bin/../lib/gcc/arm-atollic-eabi/6.3.1/../../../../arm-atollic-eabi/lib/armv7-m\libc_nano.a
LOAD c:/program files (x86)/atollic/truestudio for stm32 9.0.1/armtools/bin/../lib/gcc/arm-atollic-eabi/6.3.1/../../../../arm-atollic-eabi/lib/armv7-m\libm.a
END GROUP
START GROUP
LOAD c:/program files (x86)/atollic/truestudio for stm32 9.0.1/armtools/bin/../lib/gcc/arm-atollic-eabi/6.3.1/armv7-m\libgcc.a
LOAD c:/program files (x86)/atollic/truestudio for stm32 9.0.1/armtools/bin/../lib/gcc/arm-atollic-eabi/6.3.1/../../../../arm-atollic-eabi/lib/armv7-m\libc_nano.a
END GROUP
START GROUP
LOAD c:/program files (x86)/atollic/truestudio for stm32 9.0.1/armtools/bin/../lib/gcc/arm-atollic-eabi/6.3.1/armv7-m\libgcc.a
LOAD c:/program files (x86)/atollic/truestudio for stm32 9.0.1/armtools/bin/../lib/gcc/arm-atollic-eabi/6.3.1/../../../../arm-atollic-eabi/lib/armv7-m\libc_nano.a
LOAD c:/program files (x86)/atollic/truestudio for stm32 9.0.1/armtools/bin/../lib/gcc/arm-atollic-eabi/6.3.1/../../../../arm-atollic-eabi/lib/armv7-m\libnosys.a
END GROUP
START GROUP
LOAD c:/program files (x86)/atollic/truestudio for stm32 9.0.1/armtools/bin/../lib/gcc/arm-atollic-eabi/6.3.1/armv7-m\libgcc.a
LOAD c:/program files (x86)/atollic/truestudio for stm32 9.0.1/armtools/bin/../lib/gcc/arm-atollic-eabi/6.3.1/../../../../arm-atollic-eabi/lib/armv7-m\libc_nano.a
LOAD c:/program files (x86)/atollic/truestudio for stm32 9.0.1/armtools/bin/../lib/gcc/arm-atollic-eabi/6.3.1/../../../../arm-atollic-eabi/lib/armv7-m\libnosys.a
END GROUP
LOAD c:/program files (x86)/atollic/truestudio for stm32 9.0.1/armtools/bin/../lib/gcc/arm-atollic-eabi/6.3.1/armv7-m/crtend.o
LOAD c:/program files (x86)/atollic/truestudio for stm32 9.0.1/armtools/bin/../lib/gcc/arm-atollic-eabi/6.3.1/armv7-m/crtn.o
                0x20010000                _estack = 0x20010000
                0x00000000                _Min_Heap_Size = 0x0
                0x00000200                _Min_Stack_Size = 0x200

.isr_vector     0x08000000      0x1e4
                0x08000000                . = ALIGN (0x4)
 *(.isr_vector)
 .isr_vector    0x08000000      0x1e4 src\startup_stm32f10x_cl.o
                0x08000000                g_pfnVectors
                0x080001e4                . = ALIGN (0x4)

.text           0x080001f0     0x3f00
                0x080001f0                . = ALIGN (0x4)
 *(.text)
 .text          0x080001f0       0x40 c:/program files (x86)/atollic/truestudio for stm32 9.0.1/armtools/bin/../lib/gcc/arm-atollic-eabi/6.3.1/armv7-m/crtbegin.o
 *(.text*)
 .text.NVIC_Init
                0x08000230       0xc4 Libraries\STM32F10x_StdPeriph_Driver\src\misc.o
                0x08000230                NVIC_Init
 .text.CAN_Init
                0x080002f4      0x1a0 Libraries\STM32F10x_StdPeriph_Driver\src\stm32f10x_can.o
                0x080002f4                CAN_Init
 .text.CAN_FilterInit
                0x08000494      0x174 Libraries\STM32F10x_StdPeriph_Driver\src\stm32f10x_can.o
                0x08000494                CAN_FilterInit
 .text.CAN_Receive
                0x08000608      0x17a Libraries\STM32F10x_StdPeriph_Driver\src\stm32f10x_can.o
                0x08000608                CAN_Receive
 .text.CAN_ITConfig
                0x08000782       0x3a Libraries\STM32F10x_StdPeriph_Driver\src\stm32f10x_can.o
                0x08000782                CAN_ITConfig
 .text.CAN_GetITStatus
                0x080007bc      0x194 Libraries\STM32F10x_StdPeriph_Driver\src\stm32f10x_can.o
                0x080007bc                CAN_GetITStatus
 .text.CAN_ClearITPendingBit
                0x08000950       0xdc Libraries\STM32F10x_StdPeriph_Driver\src\stm32f10x_can.o
                0x08000950                CAN_ClearITPendingBit
 .text.CheckITStatus
                0x08000a2c       0x2e Libraries\STM32F10x_StdPeriph_Driver\src\stm32f10x_can.o
 .text.DMA_Init
                0x08000a5a       0x7c Libraries\STM32F10x_StdPeriph_Driver\src\stm32f10x_dma.o
                0x08000a5a                DMA_Init
 .text.DMA_Cmd  0x08000ad6       0x38 Libraries\STM32F10x_StdPeriph_Driver\src\stm32f10x_dma.o
                0x08000ad6                DMA_Cmd
 .text.DMA_ITConfig
                0x08000b0e       0x3a Libraries\STM32F10x_StdPeriph_Driver\src\stm32f10x_dma.o
                0x08000b0e                DMA_ITConfig
 .text.DMA_SetCurrDataCounter
                0x08000b48       0x1c Libraries\STM32F10x_StdPeriph_Driver\src\stm32f10x_dma.o
                0x08000b48                DMA_SetCurrDataCounter
 .text.DMA_GetITStatus
                0x08000b64       0x50 Libraries\STM32F10x_StdPeriph_Driver\src\stm32f10x_dma.o
                0x08000b64                DMA_GetITStatus
 .text.DMA_ClearITPendingBit
                0x08000bb4       0x34 Libraries\STM32F10x_StdPeriph_Driver\src\stm32f10x_dma.o
                0x08000bb4                DMA_ClearITPendingBit
 .text.GPIO_Init
                0x08000be8      0x178 Libraries\STM32F10x_StdPeriph_Driver\src\stm32f10x_gpio.o
                0x08000be8                GPIO_Init
 .text.GPIO_ReadInputDataBit
                0x08000d60       0x32 Libraries\STM32F10x_StdPeriph_Driver\src\stm32f10x_gpio.o
                0x08000d60                GPIO_ReadInputDataBit
 .text.GPIO_SetBits
                0x08000d92       0x1c Libraries\STM32F10x_StdPeriph_Driver\src\stm32f10x_gpio.o
                0x08000d92                GPIO_SetBits
 *fill*         0x08000dae        0x2 
 .text.GPIO_PinRemapConfig
                0x08000db0       0xe0 Libraries\STM32F10x_StdPeriph_Driver\src\stm32f10x_gpio.o
                0x08000db0                GPIO_PinRemapConfig
 .text.RCC_AHBPeriphClockCmd
                0x08000e90       0x3c Libraries\STM32F10x_StdPeriph_Driver\src\stm32f10x_rcc.o
                0x08000e90                RCC_AHBPeriphClockCmd
 .text.RCC_APB2PeriphClockCmd
                0x08000ecc       0x3c Libraries\STM32F10x_StdPeriph_Driver\src\stm32f10x_rcc.o
                0x08000ecc                RCC_APB2PeriphClockCmd
 .text.RCC_APB1PeriphClockCmd
                0x08000f08       0x3c Libraries\STM32F10x_StdPeriph_Driver\src\stm32f10x_rcc.o
                0x08000f08                RCC_APB1PeriphClockCmd
 .text.RCC_APB1PeriphResetCmd
                0x08000f44       0x3c Libraries\STM32F10x_StdPeriph_Driver\src\stm32f10x_rcc.o
                0x08000f44                RCC_APB1PeriphResetCmd
 .text.TIM_TimeBaseInit
                0x08000f80       0xf8 Libraries\STM32F10x_StdPeriph_Driver\src\stm32f10x_tim.o
                0x08000f80                TIM_TimeBaseInit
 .text.TIM_OC4Init
                0x08001078       0xd0 Libraries\STM32F10x_StdPeriph_Driver\src\stm32f10x_tim.o
                0x08001078                TIM_OC4Init
 .text.TIM_Cmd  0x08001148       0x3e Libraries\STM32F10x_StdPeriph_Driver\src\stm32f10x_tim.o
                0x08001148                TIM_Cmd
 .text.TIM_DMACmd
                0x08001186       0x46 Libraries\STM32F10x_StdPeriph_Driver\src\stm32f10x_tim.o
                0x08001186                TIM_DMACmd
 .text.TIM_OC4PreloadConfig
                0x080011cc       0x3a Libraries\STM32F10x_StdPeriph_Driver\src\stm32f10x_tim.o
                0x080011cc                TIM_OC4PreloadConfig
 *fill*         0x08001206        0x2 
 .text.CanAppReceiveMsgHandler
                0x08001208       0x8c src\APP\CanApp.o
 .text.CanAppTxCompleteHalder
                0x08001294       0x18 src\APP\CanApp.o
 .text.CanAppBuffOffHanlder
                0x080012ac       0x24 src\APP\CanApp.o
 .text.canAppCb
                0x080012d0       0x60 src\APP\CanApp.o
 .text.xTask    0x08001330       0x40 src\APP\CanApp.o
 .text.CanAppInit
                0x08001370       0xac src\APP\CanApp.o
                0x08001370                CanAppInit
 .text.vApplicationDaemonTaskStartupHook
                0x0800141c       0x1c src\APP\FreeRTOSHook.o
                0x0800141c                vApplicationDaemonTaskStartupHook
 .text.vApplicationIdleHook
                0x08001438        0xc src\APP\FreeRTOSHook.o
                0x08001438                vApplicationIdleHook
 .text.vApplicationTickHook
                0x08001444        0xc src\APP\FreeRTOSHook.o
                0x08001444                vApplicationTickHook
 .text.main     0x08001450        0xe src\APP\main.o
                0x08001450                main
 .text.NMI_Handler
                0x0800145e        0xc src\APP\stm32f10x_it.o
                0x0800145e                NMI_Handler
 .text.HardFault_Handler
                0x0800146a        0x6 src\APP\stm32f10x_it.o
                0x0800146a                HardFault_Handler
 .text.MemManage_Handler
                0x08001470        0x6 src\APP\stm32f10x_it.o
                0x08001470                MemManage_Handler
 .text.BusFault_Handler
                0x08001476        0x6 src\APP\stm32f10x_it.o
                0x08001476                BusFault_Handler
 .text.UsageFault_Handler
                0x0800147c        0x6 src\APP\stm32f10x_it.o
                0x0800147c                UsageFault_Handler
 .text.DebugMon_Handler
                0x08001482        0xc src\APP\stm32f10x_it.o
                0x08001482                DebugMon_Handler
 *fill*         0x0800148e        0x2 
 .text.vTimerCallback
                0x08001490      0x174 src\HARDWARE\at24qtxx.o
 .text.at24qt_intit
                0x08001604       0x48 src\HARDWARE\at24qtxx.o
                0x08001604                at24qt_intit
 .text.LEDGamma
                0x0800164c       0x20 src\HARDWARE\ws2812b.o
 .text.SrcFilterNull
                0x0800166c       0x40 src\HARDWARE\ws2812b.o
 .text.RGB2PWM  0x080016ac       0xaa src\HARDWARE\ws2812b.o
 .text.SrcFilterRGB
                0x08001756       0x5c src\HARDWARE\ws2812b.o
 *fill*         0x080017b2        0x2 
 .text.DMASend  0x080017b4       0xd8 src\HARDWARE\ws2812b.o
 .text.DMASendNext
                0x0800188c       0xc0 src\HARDWARE\ws2812b.o
 .text.DMA1_Channel7_IRQHandler
                0x0800194c       0x50 src\HARDWARE\ws2812b.o
                0x0800194c                DMA1_Channel7_IRQHandler
 .text.ws2812b_Init
                0x0800199c       0xf0 src\HARDWARE\ws2812b.o
                0x0800199c                ws2812b_Init
 .text.ws2812b_IsReady
                0x08001a8c       0x20 src\HARDWARE\ws2812b.o
                0x08001a8c                ws2812b_IsReady
 .text.ws2812b_SendRGB
                0x08001aac       0x20 src\HARDWARE\ws2812b.o
                0x08001aac                ws2812b_SendRGB
 .text.filterConfig
                0x08001acc       0xa6 src\SYSTEM\can.o
 *fill*         0x08001b72        0x2 
 .text.CanInit  0x08001b74      0x100 src\SYSTEM\can.o
                0x08001b74                CanInit
 .text.CanDeinit
                0x08001c74       0x70 src\SYSTEM\can.o
                0x08001c74                CanDeinit
 .text.CanGet_MSG
                0x08001ce4       0x70 src\SYSTEM\can.o
                0x08001ce4                CanGet_MSG
 .text.CAN1_RX0_IRQHandler
                0x08001d54       0xc0 src\SYSTEM\can.o
                0x08001d54                CAN1_RX0_IRQHandler
 .text.CAN1_TX_IRQHandler
                0x08001e14       0x38 src\SYSTEM\can.o
                0x08001e14                CAN1_TX_IRQHandler
 .text.CAN1_RX1_IRQHandler
                0x08001e4c        0xc src\SYSTEM\can.o
                0x08001e4c                CAN1_RX1_IRQHandler
 .text.CAN1_SCE_IRQHandler
                0x08001e58       0x44 src\SYSTEM\can.o
                0x08001e58                CAN1_SCE_IRQHandler
 .text.CAN2_TX_IRQHandler
                0x08001e9c        0xc src\SYSTEM\can.o
                0x08001e9c                CAN2_TX_IRQHandler
 .text.CAN2_RX0_IRQHandler
                0x08001ea8        0xc src\SYSTEM\can.o
                0x08001ea8                CAN2_RX0_IRQHandler
 .text.CAN2_RX1_IRQHandler
                0x08001eb4        0xc src\SYSTEM\can.o
                0x08001eb4                CAN2_RX1_IRQHandler
 .text.CAN2_SCE_IRQHandler
                0x08001ec0        0xc src\SYSTEM\can.o
                0x08001ec0                CAN2_SCE_IRQHandler
 .text.gpioInit_A
                0x08001ecc       0x2c src\SYSTEM\gpioInit.o
 .text.gpioInit_B
                0x08001ef8       0x34 src\SYSTEM\gpioInit.o
 .text.gpioInit_C
                0x08001f2c       0x40 src\SYSTEM\gpioInit.o
 .text.gpioInit_D
                0x08001f6c       0x50 src\SYSTEM\gpioInit.o
 .text.gpioInit_E
                0x08001fbc        0xc src\SYSTEM\gpioInit.o
 .text.gpioInit_F
                0x08001fc8        0xc src\SYSTEM\gpioInit.o
 .text.gpioInit_G
                0x08001fd4        0xc src\SYSTEM\gpioInit.o
 .text.gpioRemap
                0x08001fe0       0x20 src\SYSTEM\gpioInit.o
 .text.gpioInit
                0x08002000       0x28 src\SYSTEM\gpioInit.o
                0x08002000                gpioInit
 .text.sysclock_init
                0x08002028       0x28 src\SYSTEM\sysclock.o
                0x08002028                sysclock_init
 .text.vListInitialise
                0x08002050       0x3e src\freertos\Source\list.o
                0x08002050                vListInitialise
 .text.vListInitialiseItem
                0x0800208e       0x18 src\freertos\Source\list.o
                0x0800208e                vListInitialiseItem
 .text.vListInsertEnd
                0x080020a6       0x46 src\freertos\Source\list.o
                0x080020a6                vListInsertEnd
 .text.vListInsert
                0x080020ec       0x70 src\freertos\Source\list.o
                0x080020ec                vListInsert
 .text.uxListRemove
                0x0800215c       0x52 src\freertos\Source\list.o
                0x0800215c                uxListRemove
 *fill*         0x080021ae        0x2 
 .text.pxPortInitialiseStack
                0x080021b0       0x58 src\freertos\Source\portable\GCC\ARM_CM3\port.o
                0x080021b0                pxPortInitialiseStack
 .text.prvTaskExitError
                0x08002208       0x2e src\freertos\Source\portable\GCC\ARM_CM3\port.o
 *fill*         0x08002236        0xa 
 .text.SVC_Handler
                0x08002240       0x28 src\freertos\Source\portable\GCC\ARM_CM3\port.o
                0x08002240                SVC_Handler
 .text.prvPortStartFirstTask
                0x08002268       0x20 src\freertos\Source\portable\GCC\ARM_CM3\port.o
 .text.xPortStartScheduler
                0x08002288       0x40 src\freertos\Source\portable\GCC\ARM_CM3\port.o
                0x08002288                xPortStartScheduler
 .text.vPortEnterCritical
                0x080022c8       0x30 src\freertos\Source\portable\GCC\ARM_CM3\port.o
                0x080022c8                vPortEnterCritical
 .text.vPortExitCritical
                0x080022f8       0x30 src\freertos\Source\portable\GCC\ARM_CM3\port.o
                0x080022f8                vPortExitCritical
 *fill*         0x08002328        0x8 
 .text.PendSV_Handler
                0x08002330       0x48 src\freertos\Source\portable\GCC\ARM_CM3\port.o
                0x08002330                PendSV_Handler
 .text.SysTick_Handler
                0x08002378       0x40 src\freertos\Source\portable\GCC\ARM_CM3\port.o
                0x08002378                SysTick_Handler
 .text.vPortSetupTimerInterrupt
                0x080023b8       0x34 src\freertos\Source\portable\GCC\ARM_CM3\port.o
                0x080023b8                vPortSetupTimerInterrupt
 .text.pvPortMalloc
                0x080023ec      0x128 src\freertos\Source\portable\MemMang\heap_4.o
                0x080023ec                pvPortMalloc
 .text.vPortFree
                0x08002514       0x74 src\freertos\Source\portable\MemMang\heap_4.o
                0x08002514                vPortFree
 .text.prvHeapInit
                0x08002588       0xc4 src\freertos\Source\portable\MemMang\heap_4.o
 .text.prvInsertBlockIntoFreeList
                0x0800264c       0xb0 src\freertos\Source\portable\MemMang\heap_4.o
 .text.xQueueGenericReset
                0x080026fc       0xb4 src\freertos\Source\queue.o
                0x080026fc                xQueueGenericReset
 .text.xQueueGenericCreate
                0x080027b0       0x58 src\freertos\Source\queue.o
                0x080027b0                xQueueGenericCreate
 .text.prvInitialiseNewQueue
                0x08002808       0x3e src\freertos\Source\queue.o
 *fill*         0x08002846        0x2 
 .text.xQueueGenericSend
                0x08002848      0x154 src\freertos\Source\queue.o
                0x08002848                xQueueGenericSend
 .text.xQueueGenericSendFromISR
                0x0800299c       0xb2 src\freertos\Source\queue.o
                0x0800299c                xQueueGenericSendFromISR
 .text.xQueueGiveFromISR
                0x08002a4e       0xa6 src\freertos\Source\queue.o
                0x08002a4e                xQueueGiveFromISR
 .text.xQueueReceive
                0x08002af4      0x144 src\freertos\Source\queue.o
                0x08002af4                xQueueReceive
 .text.prvCopyDataToQueue
                0x08002c38       0xb8 src\freertos\Source\queue.o
 .text.prvCopyDataFromQueue
                0x08002cf0       0x4c src\freertos\Source\queue.o
 .text.prvUnlockQueue
                0x08002d3c       0xa4 src\freertos\Source\queue.o
 .text.prvIsQueueEmpty
                0x08002de0       0x2c src\freertos\Source\queue.o
 .text.prvIsQueueFull
                0x08002e0c       0x30 src\freertos\Source\queue.o
 .text.vQueueWaitForMessageRestricted
                0x08002e3c       0x68 src\freertos\Source\queue.o
                0x08002e3c                vQueueWaitForMessageRestricted
 .text.xTaskCreate
                0x08002ea4       0x82 src\freertos\Source\tasks.o
                0x08002ea4                xTaskCreate
 .text.prvInitialiseNewTask
                0x08002f26       0xd2 src\freertos\Source\tasks.o
 .text.prvAddNewTaskToReadyList
                0x08002ff8       0xd4 src\freertos\Source\tasks.o
 .text.vTaskStartScheduler
                0x080030cc       0x78 src\freertos\Source\tasks.o
                0x080030cc                vTaskStartScheduler
 .text.vTaskSuspendAll
                0x08003144       0x1c src\freertos\Source\tasks.o
                0x08003144                vTaskSuspendAll
 .text.xTaskResumeAll
                0x08003160      0x11c src\freertos\Source\tasks.o
                0x08003160                xTaskResumeAll
 .text.xTaskGetTickCount
                0x0800327c       0x1c src\freertos\Source\tasks.o
                0x0800327c                xTaskGetTickCount
 .text.xTaskIncrementTick
                0x08003298      0x16c src\freertos\Source\tasks.o
                0x08003298                xTaskIncrementTick
 .text.vTaskSwitchContext
                0x08003404       0x8c src\freertos\Source\tasks.o
                0x08003404                vTaskSwitchContext
 .text.vTaskPlaceOnEventList
                0x08003490       0x2c src\freertos\Source\tasks.o
                0x08003490                vTaskPlaceOnEventList
 .text.vTaskPlaceOnEventListRestricted
                0x080034bc       0x3c src\freertos\Source\tasks.o
                0x080034bc                vTaskPlaceOnEventListRestricted
 .text.xTaskRemoveFromEventList
                0x080034f8       0xa8 src\freertos\Source\tasks.o
                0x080034f8                xTaskRemoveFromEventList
 .text.vTaskInternalSetTimeOutState
                0x080035a0       0x2c src\freertos\Source\tasks.o
                0x080035a0                vTaskInternalSetTimeOutState
 .text.xTaskCheckForTimeOut
                0x080035cc       0x8c src\freertos\Source\tasks.o
                0x080035cc                xTaskCheckForTimeOut
 .text.vTaskMissedYield
                0x08003658       0x18 src\freertos\Source\tasks.o
                0x08003658                vTaskMissedYield
 .text.prvIdleTask
                0x08003670       0x34 src\freertos\Source\tasks.o
 .text.prvInitialiseTaskLists
                0x080036a4       0x80 src\freertos\Source\tasks.o
 .text.prvCheckTasksWaitingTermination
                0x08003724       0x58 src\freertos\Source\tasks.o
 .text.prvDeleteTCB
                0x0800377c       0x20 src\freertos\Source\tasks.o
 .text.prvResetNextTaskUnblockTime
                0x0800379c       0x48 src\freertos\Source\tasks.o
 .text.xTaskGetSchedulerState
                0x080037e4       0x3c src\freertos\Source\tasks.o
                0x080037e4                xTaskGetSchedulerState
 .text.prvAddCurrentTaskToDelayedList
                0x08003820       0xcc src\freertos\Source\tasks.o
 .text.xTimerCreateTimerTask
                0x080038ec       0x48 src\freertos\Source\timers.o
                0x080038ec                xTimerCreateTimerTask
 .text.xTimerCreate
                0x08003934       0x3a src\freertos\Source\timers.o
                0x08003934                xTimerCreate
 .text.prvInitialiseNewTimer
                0x0800396e       0x48 src\freertos\Source\timers.o
 *fill*         0x080039b6        0x2 
 .text.xTimerGenericCommand
                0x080039b8       0x80 src\freertos\Source\timers.o
                0x080039b8                xTimerGenericCommand
 .text.prvProcessExpiredTimer
                0x08003a38       0x64 src\freertos\Source\timers.o
 .text.prvTimerTask
                0x08003a9c       0x28 src\freertos\Source\timers.o
 .text.prvProcessTimerOrBlockTask
                0x08003ac4       0x9c src\freertos\Source\timers.o
 .text.prvGetNextExpireTime
                0x08003b60       0x48 src\freertos\Source\timers.o
 .text.prvSampleTimeNow
                0x08003ba8       0x40 src\freertos\Source\timers.o
 .text.prvInsertTimerInActiveList
                0x08003be8       0x84 src\freertos\Source\timers.o
 .text.prvProcessReceivedCommands
                0x08003c6c       0xec src\freertos\Source\timers.o
 .text.prvSwitchTimerLists
                0x08003d58       0xa8 src\freertos\Source\timers.o
 .text.prvCheckForValidListAndQueue
                0x08003e00       0x54 src\freertos\Source\timers.o
 .text.Reset_Handler
                0x08003e54       0x50 src\startup_stm32f10x_cl.o
                0x08003e54                Reset_Handler
 .text.Default_Handler
                0x08003ea4        0x2 src\startup_stm32f10x_cl.o
                0x08003ea4                EXTI2_IRQHandler
                0x08003ea4                TIM1_CC_IRQHandler
                0x08003ea4                TIM6_IRQHandler
                0x08003ea4                PVD_IRQHandler
                0x08003ea4                EXTI3_IRQHandler
                0x08003ea4                EXTI0_IRQHandler
                0x08003ea4                I2C2_EV_IRQHandler
                0x08003ea4                ADC1_2_IRQHandler
                0x08003ea4                SPI1_IRQHandler
                0x08003ea4                TAMPER_IRQHandler
                0x08003ea4                DMA2_Channel2_IRQHandler
                0x08003ea4                DMA1_Channel4_IRQHandler
                0x08003ea4                USART3_IRQHandler
                0x08003ea4                RTC_IRQHandler
                0x08003ea4                UART5_IRQHandler
                0x08003ea4                TIM4_IRQHandler
                0x08003ea4                DMA2_Channel1_IRQHandler
                0x08003ea4                I2C1_EV_IRQHandler
                0x08003ea4                DMA1_Channel6_IRQHandler
                0x08003ea4                UART4_IRQHandler
                0x08003ea4                DMA2_Channel4_IRQHandler
                0x08003ea4                TIM3_IRQHandler
                0x08003ea4                RCC_IRQHandler
                0x08003ea4                TIM1_TRG_COM_IRQHandler
                0x08003ea4                DMA1_Channel1_IRQHandler
                0x08003ea4                Default_Handler
                0x08003ea4                EXTI15_10_IRQHandler
                0x08003ea4                TIM7_IRQHandler
                0x08003ea4                TIM5_IRQHandler
                0x08003ea4                EXTI9_5_IRQHandler
                0x08003ea4                ETH_WKUP_IRQHandler
                0x08003ea4                SPI2_IRQHandler
                0x08003ea4                DMA2_Channel5_IRQHandler
                0x08003ea4                DMA1_Channel5_IRQHandler
                0x08003ea4                EXTI4_IRQHandler
                0x08003ea4                DMA1_Channel3_IRQHandler
                0x08003ea4                ETH_IRQHandler
                0x08003ea4                TIM1_UP_IRQHandler
                0x08003ea4                WWDG_IRQHandler
                0x08003ea4                TIM2_IRQHandler
                0x08003ea4                OTG_FS_WKUP_IRQHandler
                0x08003ea4                TIM1_BRK_IRQHandler
                0x08003ea4                EXTI1_IRQHandler
                0x08003ea4                RTCAlarm_IRQHandler
                0x08003ea4                USART2_IRQHandler
                0x08003ea4                I2C2_ER_IRQHandler
                0x08003ea4                DMA1_Channel2_IRQHandler
                0x08003ea4                FLASH_IRQHandler
                0x08003ea4                USART1_IRQHandler
                0x08003ea4                OTG_FS_IRQHandler
                0x08003ea4                SPI3_IRQHandler
                0x08003ea4                I2C1_ER_IRQHandler
                0x08003ea4                DMA2_Channel3_IRQHandler
 *fill*         0x08003ea6        0x2 
 .text.SystemInit
                0x08003ea8       0x7c src\system_stm32f10x.o
                0x08003ea8                SystemInit
 .text.SetSysClock
                0x08003f24        0xc src\system_stm32f10x.o
 .text.SetSysClockTo72
                0x08003f30      0x138 src\system_stm32f10x.o
 .text.__libc_init_array
                0x08004068       0x48 c:/program files (x86)/atollic/truestudio for stm32 9.0.1/armtools/bin/../lib/gcc/arm-atollic-eabi/6.3.1/../../../../arm-atollic-eabi/lib/armv7-m\libc_nano.a(lib_a-init.o)
                0x08004068                __libc_init_array
 .text.memcpy   0x080040b0       0x16 c:/program files (x86)/atollic/truestudio for stm32 9.0.1/armtools/bin/../lib/gcc/arm-atollic-eabi/6.3.1/../../../../arm-atollic-eabi/lib/armv7-m\libc_nano.a(lib_a-memcpy-stub.o)
                0x080040b0                memcpy
 .text.memset   0x080040c6       0x10 c:/program files (x86)/atollic/truestudio for stm32 9.0.1/armtools/bin/../lib/gcc/arm-atollic-eabi/6.3.1/../../../../arm-atollic-eabi/lib/armv7-m\libc_nano.a(lib_a-memset.o)
                0x080040c6                memset
 *(.glue_7)
 .glue_7        0x080040d6        0x0 linker stubs
 *(.glue_7t)
 .glue_7t       0x080040d6        0x0 linker stubs
 *(.eh_frame)
 *fill*         0x080040d6        0x2 
 .eh_frame      0x080040d8        0x0 c:/program files (x86)/atollic/truestudio for stm32 9.0.1/armtools/bin/../lib/gcc/arm-atollic-eabi/6.3.1/armv7-m/crtbegin.o
 *(.init)
 .init          0x080040d8        0x4 c:/program files (x86)/atollic/truestudio for stm32 9.0.1/armtools/bin/../lib/gcc/arm-atollic-eabi/6.3.1/armv7-m/crti.o
                0x080040d8                _init
 .init          0x080040dc        0x8 c:/program files (x86)/atollic/truestudio for stm32 9.0.1/armtools/bin/../lib/gcc/arm-atollic-eabi/6.3.1/armv7-m/crtn.o
 *(.fini)
 .fini          0x080040e4        0x4 c:/program files (x86)/atollic/truestudio for stm32 9.0.1/armtools/bin/../lib/gcc/arm-atollic-eabi/6.3.1/armv7-m/crti.o
                0x080040e4                _fini
 .fini          0x080040e8        0x8 c:/program files (x86)/atollic/truestudio for stm32 9.0.1/armtools/bin/../lib/gcc/arm-atollic-eabi/6.3.1/armv7-m/crtn.o
                0x080040f0                . = ALIGN (0x4)
                0x080040f0                _etext = .

.vfp11_veneer   0x080040f0        0x0
 .vfp11_veneer  0x080040f0        0x0 linker stubs

.v4_bx          0x080040f0        0x0
 .v4_bx         0x080040f0        0x0 linker stubs

.iplt           0x080040f0        0x0
 .iplt          0x080040f0        0x0 c:/program files (x86)/atollic/truestudio for stm32 9.0.1/armtools/bin/../lib/gcc/arm-atollic-eabi/6.3.1/armv7-m/crtbegin.o

.rodata         0x080040f0      0x17c
                0x080040f0                . = ALIGN (0x4)
 *(.rodata)
 .rodata        0x080040f0        0x7 src\APP\CanApp.o
 *fill*         0x080040f7        0x1 
 .rodata        0x080040f8        0xe src\HARDWARE\at24qtxx.o
 *fill*         0x08004106        0x2 
 .rodata        0x08004108        0x5 src\freertos\Source\tasks.o
 *fill*         0x0800410d        0x3 
 .rodata        0x08004110        0x8 src\freertos\Source\timers.o
 *(.rodata*)
 .rodata.CanAppEvtHandler
                0x08004118        0xc src\APP\CanApp.o
 .rodata.canFirlter
                0x08004124       0x40 src\APP\CanApp.o
                0x08004124                canFirlter
 .rodata.firlterList
                0x08004164        0x8 src\APP\CanApp.o
                0x08004164                firlterList
 .rodata.LEDGammaTable
                0x0800416c      0x100 src\HARDWARE\ws2812b.o
                0x0800426c                . = ALIGN (0x4)

.rel.dyn        0x0800426c        0x0
 .rel.iplt      0x0800426c        0x0 c:/program files (x86)/atollic/truestudio for stm32 9.0.1/armtools/bin/../lib/gcc/arm-atollic-eabi/6.3.1/armv7-m/crtbegin.o

.ARM.extab
 *(.ARM.extab* .gnu.linkonce.armextab.*)

.ARM            0x0800426c        0x0
                0x0800426c                __exidx_start = .
 *(.ARM.exidx*)
                0x0800426c                __exidx_end = .

.preinit_array  0x0800426c        0x0
                0x0800426c                PROVIDE (__preinit_array_start, .)
 *(.preinit_array*)
                0x0800426c                PROVIDE (__preinit_array_end, .)

.init_array     0x0800426c        0x4
                0x0800426c                PROVIDE (__init_array_start, .)
 *(SORT(.init_array.*))
 *(.init_array*)
 .init_array    0x0800426c        0x4 c:/program files (x86)/atollic/truestudio for stm32 9.0.1/armtools/bin/../lib/gcc/arm-atollic-eabi/6.3.1/armv7-m/crtbegin.o
                0x08004270                PROVIDE (__init_array_end, .)

.fini_array     0x08004270        0x4
                [!provide]                PROVIDE (__fini_array_start, .)
 *(SORT(.fini_array.*))
 *(.fini_array*)
 .fini_array    0x08004270        0x4 c:/program files (x86)/atollic/truestudio for stm32 9.0.1/armtools/bin/../lib/gcc/arm-atollic-eabi/6.3.1/armv7-m/crtbegin.o
                [!provide]                PROVIDE (__fini_array_end, .)
                0x08004274                _sidata = LOADADDR (.data)

.data           0x20000000        0xc load address 0x08004274
                0x20000000                . = ALIGN (0x4)
                0x20000000                _sdata = .
 *(.data)
 *(.data*)
 .data.pCanController
                0x20000000        0x4 src\SYSTEM\can.o
 .data.uxCriticalNesting
                0x20000004        0x4 src\freertos\Source\portable\GCC\ARM_CM3\port.o
 .data.SystemCoreClock
                0x20000008        0x4 src\system_stm32f10x.o
                0x20000008                SystemCoreClock
                0x2000000c                . = ALIGN (0x4)
                0x2000000c                _edata = .

.igot.plt       0x2000000c        0x0 load address 0x08004280
 .igot.plt      0x2000000c        0x0 c:/program files (x86)/atollic/truestudio for stm32 9.0.1/armtools/bin/../lib/gcc/arm-atollic-eabi/6.3.1/armv7-m/crtbegin.o
                0x2000000c                . = ALIGN (0x4)

.bss            0x2000000c     0x5120 load address 0x08004280
                0x2000000c                _sbss = .
                0x2000000c                __bss_start__ = _sbss
 *(.bss)
 .bss           0x2000000c       0x1c c:/program files (x86)/atollic/truestudio for stm32 9.0.1/armtools/bin/../lib/gcc/arm-atollic-eabi/6.3.1/armv7-m/crtbegin.o
 *(.bss*)
 .bss.xQueue    0x20000028        0x4 src\APP\CanApp.o
 .bss.xSemphore
                0x2000002c        0x4 src\APP\CanApp.o
 .bss.selfId    0x20000030        0x4 src\APP\CanApp.o
 .bss.xTimers   0x20000034        0x4 src\HARDWARE\at24qtxx.o
 .bss.touchButtonSta
                0x20000038        0x1 src\HARDWARE\at24qtxx.o
 .bss.debouching.8197
                0x20000039        0x1 src\HARDWARE\at24qtxx.o
 .bss.count.8205
                0x2000003a        0x1 src\HARDWARE\at24qtxx.o
 *fill*         0x2000003b        0x1 
 .bss.DMABusy   0x2000003c        0x4 src\HARDWARE\ws2812b.o
 .bss.DMABuffer
                0x20000040      0xb40 src\HARDWARE\ws2812b.o
 .bss.DMAFilter
                0x20000b80        0x4 src\HARDWARE\ws2812b.o
 .bss.DMASrc    0x20000b84        0x4 src\HARDWARE\ws2812b.o
 .bss.DMACount  0x20000b88        0x4 src\HARDWARE\ws2812b.o
 .bss.handler   0x20000b8c       0x18 src\SYSTEM\can.o
 .bss.ucHeap    0x20000ba4     0x4400 src\freertos\Source\portable\MemMang\heap_4.o
 .bss.xStart    0x20004fa4        0x8 src\freertos\Source\portable\MemMang\heap_4.o
 .bss.pxEnd     0x20004fac        0x4 src\freertos\Source\portable\MemMang\heap_4.o
 .bss.xFreeBytesRemaining
                0x20004fb0        0x4 src\freertos\Source\portable\MemMang\heap_4.o
 .bss.xMinimumEverFreeBytesRemaining
                0x20004fb4        0x4 src\freertos\Source\portable\MemMang\heap_4.o
 .bss.xBlockAllocatedBit
                0x20004fb8        0x4 src\freertos\Source\portable\MemMang\heap_4.o
 .bss.pxCurrentTCB
                0x20004fbc        0x4 src\freertos\Source\tasks.o
                0x20004fbc                pxCurrentTCB
 .bss.pxReadyTasksLists
                0x20004fc0       0x64 src\freertos\Source\tasks.o
 .bss.xDelayedTaskList1
                0x20005024       0x14 src\freertos\Source\tasks.o
 .bss.xDelayedTaskList2
                0x20005038       0x14 src\freertos\Source\tasks.o
 .bss.pxDelayedTaskList
                0x2000504c        0x4 src\freertos\Source\tasks.o
 .bss.pxOverflowDelayedTaskList
                0x20005050        0x4 src\freertos\Source\tasks.o
 .bss.xPendingReadyList
                0x20005054       0x14 src\freertos\Source\tasks.o
 .bss.xTasksWaitingTermination
                0x20005068       0x14 src\freertos\Source\tasks.o
 .bss.uxDeletedTasksWaitingCleanUp
                0x2000507c        0x4 src\freertos\Source\tasks.o
 .bss.xSuspendedTaskList
                0x20005080       0x14 src\freertos\Source\tasks.o
 .bss.uxCurrentNumberOfTasks
                0x20005094        0x4 src\freertos\Source\tasks.o
 .bss.xTickCount
                0x20005098        0x4 src\freertos\Source\tasks.o
 .bss.uxTopReadyPriority
                0x2000509c        0x4 src\freertos\Source\tasks.o
 .bss.xSchedulerRunning
                0x200050a0        0x4 src\freertos\Source\tasks.o
 .bss.uxPendedTicks
                0x200050a4        0x4 src\freertos\Source\tasks.o
 .bss.xYieldPending
                0x200050a8        0x4 src\freertos\Source\tasks.o
 .bss.xNumOfOverflows
                0x200050ac        0x4 src\freertos\Source\tasks.o
 .bss.uxTaskNumber
                0x200050b0        0x4 src\freertos\Source\tasks.o
 .bss.xNextTaskUnblockTime
                0x200050b4        0x4 src\freertos\Source\tasks.o
 .bss.xIdleTaskHandle
                0x200050b8        0x4 src\freertos\Source\tasks.o
 .bss.uxSchedulerSuspended
                0x200050bc        0x4 src\freertos\Source\tasks.o
 .bss.xActiveTimerList1
                0x200050c0       0x14 src\freertos\Source\timers.o
 .bss.xActiveTimerList2
                0x200050d4       0x14 src\freertos\Source\timers.o
 .bss.pxCurrentTimerList
                0x200050e8        0x4 src\freertos\Source\timers.o
 .bss.pxOverflowTimerList
                0x200050ec        0x4 src\freertos\Source\timers.o
 .bss.xTimerQueue
                0x200050f0        0x4 src\freertos\Source\timers.o
 .bss.xTimerTaskHandle
                0x200050f4        0x4 src\freertos\Source\timers.o
 .bss.xLastTime.5392
                0x200050f8        0x4 src\freertos\Source\timers.o
 *(COMMON)
 COMMON         0x200050fc       0x30 src\HARDWARE\ws2812b.o
                0x200050fc                leds
                0x2000512c                . = ALIGN (0x4)
                0x2000512c                _ebss = .
                0x2000512c                __bss_end__ = _ebss

._user_heap_stack
                0x2000512c      0x200 load address 0x08004280
                0x2000512c                . = ALIGN (0x4)
                [!provide]                PROVIDE (end, .)
                [!provide]                PROVIDE (_end, .)
                0x2000512c                . = (. + _Min_Heap_Size)
                0x2000532c                . = (. + _Min_Stack_Size)
 *fill*         0x2000512c      0x200 
                0x2000532c                . = ALIGN (0x4)

.memory_b1_text
 *(.mb1text)
 *(.mb1text*)
 *(.mb1rodata)
 *(.mb1rodata*)

/DISCARD/
 libc.a(*)
 libm.a(*)
 libgcc.a(*)

.ARM.attributes
                0x00000000       0x29
 *(.ARM.attributes)
 .ARM.attributes
                0x00000000       0x1d c:/program files (x86)/atollic/truestudio for stm32 9.0.1/armtools/bin/../lib/gcc/arm-atollic-eabi/6.3.1/armv7-m/crti.o
 .ARM.attributes
                0x0000001d       0x2d c:/program files (x86)/atollic/truestudio for stm32 9.0.1/armtools/bin/../lib/gcc/arm-atollic-eabi/6.3.1/armv7-m/crtbegin.o
 .ARM.attributes
                0x0000004a       0x33 Libraries\STM32F10x_StdPeriph_Driver\src\misc.o
 .ARM.attributes
                0x0000007d       0x33 Libraries\STM32F10x_StdPeriph_Driver\src\stm32f10x_can.o
 .ARM.attributes
                0x000000b0       0x33 Libraries\STM32F10x_StdPeriph_Driver\src\stm32f10x_dma.o
 .ARM.attributes
                0x000000e3       0x33 Libraries\STM32F10x_StdPeriph_Driver\src\stm32f10x_gpio.o
 .ARM.attributes
                0x00000116       0x33 Libraries\STM32F10x_StdPeriph_Driver\src\stm32f10x_rcc.o
 .ARM.attributes
                0x00000149       0x33 Libraries\STM32F10x_StdPeriph_Driver\src\stm32f10x_tim.o
 .ARM.attributes
                0x0000017c       0x33 src\APP\CanApp.o
 .ARM.attributes
                0x000001af       0x33 src\APP\FreeRTOSHook.o
 .ARM.attributes
                0x000001e2       0x33 src\APP\main.o
 .ARM.attributes
                0x00000215       0x33 src\APP\stm32f10x_it.o
 .ARM.attributes
                0x00000248       0x33 src\HARDWARE\at24qtxx.o
 .ARM.attributes
                0x0000027b       0x33 src\HARDWARE\ws2812b.o
 .ARM.attributes
                0x000002ae       0x33 src\SYSTEM\can.o
 .ARM.attributes
                0x000002e1       0x33 src\SYSTEM\gpioInit.o
 .ARM.attributes
                0x00000314       0x33 src\SYSTEM\sysclock.o
 .ARM.attributes
                0x00000347       0x33 src\freertos\Source\list.o
 .ARM.attributes
                0x0000037a       0x33 src\freertos\Source\portable\GCC\ARM_CM3\port.o
 .ARM.attributes
                0x000003ad       0x33 src\freertos\Source\portable\MemMang\heap_4.o
 .ARM.attributes
                0x000003e0       0x33 src\freertos\Source\queue.o
 .ARM.attributes
                0x00000413       0x33 src\freertos\Source\tasks.o
 .ARM.attributes
                0x00000446       0x33 src\freertos\Source\timers.o
 .ARM.attributes
                0x00000479       0x21 src\startup_stm32f10x_cl.o
 .ARM.attributes
                0x0000049a       0x33 src\system_stm32f10x.o
 .ARM.attributes
                0x000004cd       0x2d c:/program files (x86)/atollic/truestudio for stm32 9.0.1/armtools/bin/../lib/gcc/arm-atollic-eabi/6.3.1/../../../../arm-atollic-eabi/lib/armv7-m\libc_nano.a(lib_a-init.o)
 .ARM.attributes
                0x000004fa       0x2d c:/program files (x86)/atollic/truestudio for stm32 9.0.1/armtools/bin/../lib/gcc/arm-atollic-eabi/6.3.1/../../../../arm-atollic-eabi/lib/armv7-m\libc_nano.a(lib_a-memcpy-stub.o)
 .ARM.attributes
                0x00000527       0x2d c:/program files (x86)/atollic/truestudio for stm32 9.0.1/armtools/bin/../lib/gcc/arm-atollic-eabi/6.3.1/../../../../arm-atollic-eabi/lib/armv7-m\libc_nano.a(lib_a-memset.o)
 .ARM.attributes
                0x00000554       0x1d c:/program files (x86)/atollic/truestudio for stm32 9.0.1/armtools/bin/../lib/gcc/arm-atollic-eabi/6.3.1/armv7-m/crtn.o
OUTPUT(salver.elf elf32-littlearm)

.debug_info     0x00000000     0xe589
 .debug_info    0x00000000      0x54d Libraries\STM32F10x_StdPeriph_Driver\src\misc.o
 .debug_info    0x0000054d      0xbaf Libraries\STM32F10x_StdPeriph_Driver\src\stm32f10x_can.o
 .debug_info    0x000010fc      0x486 Libraries\STM32F10x_StdPeriph_Driver\src\stm32f10x_dma.o
 .debug_info    0x00001582      0x701 Libraries\STM32F10x_StdPeriph_Driver\src\stm32f10x_gpio.o
 .debug_info    0x00001c83      0xab8 Libraries\STM32F10x_StdPeriph_Driver\src\stm32f10x_rcc.o
 .debug_info    0x0000273b     0x1c6b Libraries\STM32F10x_StdPeriph_Driver\src\stm32f10x_tim.o
 .debug_info    0x000043a6      0x596 src\APP\CanApp.o
 .debug_info    0x0000493c      0x165 src\APP\FreeRTOSHook.o
 .debug_info    0x00004aa1       0x96 src\APP\main.o
 .debug_info    0x00004b37      0x121 src\APP\stm32f10x_it.o
 .debug_info    0x00004c58      0xae6 src\HARDWARE\at24qtxx.o
 .debug_info    0x0000573e     0x1459 src\HARDWARE\ws2812b.o
 .debug_info    0x00006b97     0x1490 src\SYSTEM\can.o
 .debug_info    0x00008027      0x2fd src\SYSTEM\gpioInit.o
 .debug_info    0x00008324       0xf7 src\SYSTEM\sysclock.o
 .debug_info    0x0000841b      0xabd src\freertos\Source\list.o
 .debug_info    0x00008ed8      0x2e2 src\freertos\Source\portable\GCC\ARM_CM3\port.o
 .debug_info    0x000091ba      0xafb src\freertos\Source\portable\MemMang\heap_4.o
 .debug_info    0x00009cb5     0x156a src\freertos\Source\queue.o
 .debug_info    0x0000b21f     0x1c83 src\freertos\Source\tasks.o
 .debug_info    0x0000cea2     0x1169 src\freertos\Source\timers.o
 .debug_info    0x0000e00b       0x81 src\startup_stm32f10x_cl.o
 .debug_info    0x0000e08c      0x4fd src\system_stm32f10x.o

.debug_abbrev   0x00000000     0x2790
 .debug_abbrev  0x00000000      0x172 Libraries\STM32F10x_StdPeriph_Driver\src\misc.o
 .debug_abbrev  0x00000172      0x206 Libraries\STM32F10x_StdPeriph_Driver\src\stm32f10x_can.o
 .debug_abbrev  0x00000378      0x182 Libraries\STM32F10x_StdPeriph_Driver\src\stm32f10x_dma.o
 .debug_abbrev  0x000004fa      0x1dd Libraries\STM32F10x_StdPeriph_Driver\src\stm32f10x_gpio.o
 .debug_abbrev  0x000006d7      0x1cf Libraries\STM32F10x_StdPeriph_Driver\src\stm32f10x_rcc.o
 .debug_abbrev  0x000008a6      0x1c3 Libraries\STM32F10x_StdPeriph_Driver\src\stm32f10x_tim.o
 .debug_abbrev  0x00000a69      0x1d6 src\APP\CanApp.o
 .debug_abbrev  0x00000c3f       0xbc src\APP\FreeRTOSHook.o
 .debug_abbrev  0x00000cfb       0x42 src\APP\main.o
 .debug_abbrev  0x00000d3d       0x78 src\APP\stm32f10x_it.o
 .debug_abbrev  0x00000db5      0x231 src\HARDWARE\at24qtxx.o
 .debug_abbrev  0x00000fe6      0x2d1 src\HARDWARE\ws2812b.o
 .debug_abbrev  0x000012b7      0x2f1 src\SYSTEM\can.o
 .debug_abbrev  0x000015a8      0x174 src\SYSTEM\gpioInit.o
 .debug_abbrev  0x0000171c       0x90 src\SYSTEM\sysclock.o
 .debug_abbrev  0x000017ac      0x1cc src\freertos\Source\list.o
 .debug_abbrev  0x00001978      0x1c8 src\freertos\Source\portable\GCC\ARM_CM3\port.o
 .debug_abbrev  0x00001b40      0x23a src\freertos\Source\portable\MemMang\heap_4.o
 .debug_abbrev  0x00001d7a      0x2c3 src\freertos\Source\queue.o
 .debug_abbrev  0x0000203d      0x344 src\freertos\Source\tasks.o
 .debug_abbrev  0x00002381      0x28f src\freertos\Source\timers.o
 .debug_abbrev  0x00002610       0x12 src\startup_stm32f10x_cl.o
 .debug_abbrev  0x00002622      0x16e src\system_stm32f10x.o

.debug_aranges  0x00000000      0xda8
 .debug_aranges
                0x00000000       0x40 Libraries\STM32F10x_StdPeriph_Driver\src\misc.o
 .debug_aranges
                0x00000040       0xe0 Libraries\STM32F10x_StdPeriph_Driver\src\stm32f10x_can.o
 .debug_aranges
                0x00000120       0x70 Libraries\STM32F10x_StdPeriph_Driver\src\stm32f10x_dma.o
 .debug_aranges
                0x00000190       0xa8 Libraries\STM32F10x_StdPeriph_Driver\src\stm32f10x_gpio.o
 .debug_aranges
                0x00000238      0x160 Libraries\STM32F10x_StdPeriph_Driver\src\stm32f10x_rcc.o
 .debug_aranges
                0x00000398      0x2f0 Libraries\STM32F10x_StdPeriph_Driver\src\stm32f10x_tim.o
 .debug_aranges
                0x00000688       0x50 src\APP\CanApp.o
 .debug_aranges
                0x000006d8       0x30 src\APP\FreeRTOSHook.o
 .debug_aranges
                0x00000708       0x20 src\APP\main.o
 .debug_aranges
                0x00000728       0x48 src\APP\stm32f10x_it.o
 .debug_aranges
                0x00000770       0x38 src\HARDWARE\at24qtxx.o
 .debug_aranges
                0x000007a8       0x78 src\HARDWARE\ws2812b.o
 .debug_aranges
                0x00000820       0x80 src\SYSTEM\can.o
 .debug_aranges
                0x000008a0       0x68 src\SYSTEM\gpioInit.o
 .debug_aranges
                0x00000908       0x28 src\SYSTEM\sysclock.o
 .debug_aranges
                0x00000930       0x40 src\freertos\Source\list.o
 .debug_aranges
                0x00000970       0x70 src\freertos\Source\portable\GCC\ARM_CM3\port.o
 .debug_aranges
                0x000009e0       0x50 src\freertos\Source\portable\MemMang\heap_4.o
 .debug_aranges
                0x00000a30       0xd0 src\freertos\Source\queue.o
 .debug_aranges
                0x00000b00      0x190 src\freertos\Source\tasks.o
 .debug_aranges
                0x00000c90       0xb8 src\freertos\Source\timers.o
 .debug_aranges
                0x00000d48       0x28 src\startup_stm32f10x_cl.o
 .debug_aranges
                0x00000d70       0x38 src\system_stm32f10x.o

.debug_ranges   0x00000000      0xc40
 .debug_ranges  0x00000000       0x30 Libraries\STM32F10x_StdPeriph_Driver\src\misc.o
 .debug_ranges  0x00000030       0xd0 Libraries\STM32F10x_StdPeriph_Driver\src\stm32f10x_can.o
 .debug_ranges  0x00000100       0x60 Libraries\STM32F10x_StdPeriph_Driver\src\stm32f10x_dma.o
 .debug_ranges  0x00000160       0x98 Libraries\STM32F10x_StdPeriph_Driver\src\stm32f10x_gpio.o
 .debug_ranges  0x000001f8      0x150 Libraries\STM32F10x_StdPeriph_Driver\src\stm32f10x_rcc.o
 .debug_ranges  0x00000348      0x2e0 Libraries\STM32F10x_StdPeriph_Driver\src\stm32f10x_tim.o
 .debug_ranges  0x00000628       0x40 src\APP\CanApp.o
 .debug_ranges  0x00000668       0x20 src\APP\FreeRTOSHook.o
 .debug_ranges  0x00000688       0x10 src\APP\main.o
 .debug_ranges  0x00000698       0x38 src\APP\stm32f10x_it.o
 .debug_ranges  0x000006d0       0x28 src\HARDWARE\at24qtxx.o
 .debug_ranges  0x000006f8       0x68 src\HARDWARE\ws2812b.o
 .debug_ranges  0x00000760       0x70 src\SYSTEM\can.o
 .debug_ranges  0x000007d0       0x58 src\SYSTEM\gpioInit.o
 .debug_ranges  0x00000828       0x18 src\SYSTEM\sysclock.o
 .debug_ranges  0x00000840       0x30 src\freertos\Source\list.o
 .debug_ranges  0x00000870       0x60 src\freertos\Source\portable\GCC\ARM_CM3\port.o
 .debug_ranges  0x000008d0       0x40 src\freertos\Source\portable\MemMang\heap_4.o
 .debug_ranges  0x00000910       0xc0 src\freertos\Source\queue.o
 .debug_ranges  0x000009d0      0x180 src\freertos\Source\tasks.o
 .debug_ranges  0x00000b50       0xa8 src\freertos\Source\timers.o
 .debug_ranges  0x00000bf8       0x20 src\startup_stm32f10x_cl.o
 .debug_ranges  0x00000c18       0x28 src\system_stm32f10x.o

.debug_line     0x00000000     0x58a8
 .debug_line    0x00000000      0x25c Libraries\STM32F10x_StdPeriph_Driver\src\misc.o
 .debug_line    0x0000025c      0x583 Libraries\STM32F10x_StdPeriph_Driver\src\stm32f10x_can.o
 .debug_line    0x000007df      0x351 Libraries\STM32F10x_StdPeriph_Driver\src\stm32f10x_dma.o
 .debug_line    0x00000b30      0x3e9 Libraries\STM32F10x_StdPeriph_Driver\src\stm32f10x_gpio.o
 .debug_line    0x00000f19      0x5a0 Libraries\STM32F10x_StdPeriph_Driver\src\stm32f10x_rcc.o
 .debug_line    0x000014b9      0xb69 Libraries\STM32F10x_StdPeriph_Driver\src\stm32f10x_tim.o
 .debug_line    0x00002022      0x2ff src\APP\CanApp.o
 .debug_line    0x00002321      0x1eb src\APP\FreeRTOSHook.o
 .debug_line    0x0000250c       0x42 src\APP\main.o
 .debug_line    0x0000254e      0x1fe src\APP\stm32f10x_it.o
 .debug_line    0x0000274c      0x36c src\HARDWARE\at24qtxx.o
 .debug_line    0x00002ab8      0x429 src\HARDWARE\ws2812b.o
 .debug_line    0x00002ee1      0x407 src\SYSTEM\can.o
 .debug_line    0x000032e8      0x2a0 src\SYSTEM\gpioInit.o
 .debug_line    0x00003588      0x1c1 src\SYSTEM\sysclock.o
 .debug_line    0x00003749      0x30a src\freertos\Source\list.o
 .debug_line    0x00003a53      0x29b src\freertos\Source\portable\GCC\ARM_CM3\port.o
 .debug_line    0x00003cee      0x323 src\freertos\Source\portable\MemMang\heap_4.o
 .debug_line    0x00004011      0x6ac src\freertos\Source\queue.o
 .debug_line    0x000046bd      0xa37 src\freertos\Source\tasks.o
 .debug_line    0x000050f4      0x4dc src\freertos\Source\timers.o
 .debug_line    0x000055d0       0x7e src\startup_stm32f10x_cl.o
 .debug_line    0x0000564e      0x25a src\system_stm32f10x.o

.debug_str      0x00000000     0x465f
 .debug_str     0x00000000      0x3eb Libraries\STM32F10x_StdPeriph_Driver\src\misc.o
                                0x438 (size before relaxing)
 .debug_str     0x000003eb      0x534 Libraries\STM32F10x_StdPeriph_Driver\src\stm32f10x_can.o
                                0x7a8 (size before relaxing)
 .debug_str     0x0000091f      0x21e Libraries\STM32F10x_StdPeriph_Driver\src\stm32f10x_dma.o
                                0x431 (size before relaxing)
 .debug_str     0x00000b3d      0x377 Libraries\STM32F10x_StdPeriph_Driver\src\stm32f10x_gpio.o
                                0x593 (size before relaxing)
 .debug_str     0x00000eb4      0x595 Libraries\STM32F10x_StdPeriph_Driver\src\stm32f10x_rcc.o
                                0x7dc (size before relaxing)
 .debug_str     0x00001449      0xb9e Libraries\STM32F10x_StdPeriph_Driver\src\stm32f10x_tim.o
                                0xe57 (size before relaxing)
 .debug_str     0x00001fe7      0x2f6 src\APP\CanApp.o
                                0x4d7 (size before relaxing)
 .debug_str     0x000022dd       0x66 src\APP\FreeRTOSHook.o
                                0x24d (size before relaxing)
 .debug_str     0x00002343       0x17 src\APP\main.o
                                0x198 (size before relaxing)
 .debug_str     0x0000235a       0x7f src\APP\stm32f10x_it.o
                                0x232 (size before relaxing)
 .debug_str     0x000023d9      0x4c5 src\HARDWARE\at24qtxx.o
                                0x731 (size before relaxing)
 .debug_str     0x0000289e      0x4d0 src\HARDWARE\ws2812b.o
                                0xec0 (size before relaxing)
 .debug_str     0x00002d6e      0x17f src\SYSTEM\can.o
                                0xf9a (size before relaxing)
 .debug_str     0x00002eed       0x97 src\SYSTEM\gpioInit.o
                                0x38a (size before relaxing)
 .debug_str     0x00002f84       0x36 src\SYSTEM\sysclock.o
                                0x1f8 (size before relaxing)
 .debug_str     0x00002fba      0x13e src\freertos\Source\list.o
                                0x718 (size before relaxing)
 .debug_str     0x000030f8      0x193 src\freertos\Source\portable\GCC\ARM_CM3\port.o
                                0x34a (size before relaxing)
 .debug_str     0x0000328b      0x1eb src\freertos\Source\portable\MemMang\heap_4.o
                                0x7af (size before relaxing)
 .debug_str     0x00003476      0x416 src\freertos\Source\queue.o
                                0xb10 (size before relaxing)
 .debug_str     0x0000388c      0x94f src\freertos\Source\tasks.o
                               0x115d (size before relaxing)
 .debug_str     0x000041db      0x409 src\freertos\Source\timers.o
                                0xb59 (size before relaxing)
 .debug_str     0x000045e4       0x7b src\system_stm32f10x.o
                                0x376 (size before relaxing)

.comment        0x00000000       0x7c
 .comment       0x00000000       0x7c Libraries\STM32F10x_StdPeriph_Driver\src\misc.o
                                 0x7d (size before relaxing)
 .comment       0x0000007c       0x7d Libraries\STM32F10x_StdPeriph_Driver\src\stm32f10x_can.o
 .comment       0x0000007c       0x7d Libraries\STM32F10x_StdPeriph_Driver\src\stm32f10x_dma.o
 .comment       0x0000007c       0x7d Libraries\STM32F10x_StdPeriph_Driver\src\stm32f10x_gpio.o
 .comment       0x0000007c       0x7d Libraries\STM32F10x_StdPeriph_Driver\src\stm32f10x_rcc.o
 .comment       0x0000007c       0x7d Libraries\STM32F10x_StdPeriph_Driver\src\stm32f10x_tim.o
 .comment       0x0000007c       0x7d src\APP\CanApp.o
 .comment       0x0000007c       0x7d src\APP\FreeRTOSHook.o
 .comment       0x0000007c       0x7d src\APP\main.o
 .comment       0x0000007c       0x7d src\APP\stm32f10x_it.o
 .comment       0x0000007c       0x7d src\HARDWARE\at24qtxx.o
 .comment       0x0000007c       0x7d src\HARDWARE\ws2812b.o
 .comment       0x0000007c       0x7d src\SYSTEM\can.o
 .comment       0x0000007c       0x7d src\SYSTEM\gpioInit.o
 .comment       0x0000007c       0x7d src\SYSTEM\sysclock.o
 .comment       0x0000007c       0x7d src\freertos\Source\list.o
 .comment       0x0000007c       0x7d src\freertos\Source\portable\GCC\ARM_CM3\port.o
 .comment       0x0000007c       0x7d src\freertos\Source\portable\MemMang\heap_4.o
 .comment       0x0000007c       0x7d src\freertos\Source\queue.o
 .comment       0x0000007c       0x7d src\freertos\Source\tasks.o
 .comment       0x0000007c       0x7d src\freertos\Source\timers.o
 .comment       0x0000007c       0x7d src\system_stm32f10x.o

.debug_frame    0x00000000     0x3748
 .debug_frame   0x00000000       0xd8 Libraries\STM32F10x_StdPeriph_Driver\src\misc.o
 .debug_frame   0x000000d8      0x3f0 Libraries\STM32F10x_StdPeriph_Driver\src\stm32f10x_can.o
 .debug_frame   0x000004c8      0x1c8 Libraries\STM32F10x_StdPeriph_Driver\src\stm32f10x_dma.o
 .debug_frame   0x00000690      0x2d0 Libraries\STM32F10x_StdPeriph_Driver\src\stm32f10x_gpio.o
 .debug_frame   0x00000960      0x65c Libraries\STM32F10x_StdPeriph_Driver\src\stm32f10x_rcc.o
 .debug_frame   0x00000fbc      0xe2c Libraries\STM32F10x_StdPeriph_Driver\src\stm32f10x_tim.o
 .debug_frame   0x00001de8       0xf8 src\APP\CanApp.o
 .debug_frame   0x00001ee0       0x6c src\APP\FreeRTOSHook.o
 .debug_frame   0x00001f4c       0x2c src\APP\main.o
 .debug_frame   0x00001f78       0xb0 src\APP\stm32f10x_it.o
 .debug_frame   0x00002028       0xa4 src\HARDWARE\at24qtxx.o
 .debug_frame   0x000020cc      0x1c0 src\HARDWARE\ws2812b.o
 .debug_frame   0x0000228c      0x1c8 src\SYSTEM\can.o
 .debug_frame   0x00002454      0x158 src\SYSTEM\gpioInit.o
 .debug_frame   0x000025ac       0x48 src\SYSTEM\sysclock.o
 .debug_frame   0x000025f4       0xd8 src\freertos\Source\list.o
 .debug_frame   0x000026cc      0x160 src\freertos\Source\portable\GCC\ARM_CM3\port.o
 .debug_frame   0x0000282c      0x108 src\freertos\Source\portable\MemMang\heap_4.o
 .debug_frame   0x00002934      0x358 src\freertos\Source\queue.o
 .debug_frame   0x00002c8c      0x6c8 src\freertos\Source\tasks.o
 .debug_frame   0x00003354      0x2e8 src\freertos\Source\timers.o
 .debug_frame   0x0000363c       0x98 src\system_stm32f10x.o
 .debug_frame   0x000036d4       0x2c c:/program files (x86)/atollic/truestudio for stm32 9.0.1/armtools/bin/../lib/gcc/arm-atollic-eabi/6.3.1/../../../../arm-atollic-eabi/lib/armv7-m\libc_nano.a(lib_a-init.o)
 .debug_frame   0x00003700       0x28 c:/program files (x86)/atollic/truestudio for stm32 9.0.1/armtools/bin/../lib/gcc/arm-atollic-eabi/6.3.1/../../../../arm-atollic-eabi/lib/armv7-m\libc_nano.a(lib_a-memcpy-stub.o)
 .debug_frame   0x00003728       0x20 c:/program files (x86)/atollic/truestudio for stm32 9.0.1/armtools/bin/../lib/gcc/arm-atollic-eabi/6.3.1/../../../../arm-atollic-eabi/lib/armv7-m\libc_nano.a(lib_a-memset.o)

Cross Reference Table

Symbol                                            File
ADC1_2_IRQHandler                                 src\startup_stm32f10x_cl.o
ADC_AnalogWatchdogCmd                             Libraries\STM32F10x_StdPeriph_Driver\src\stm32f10x_adc.o
ADC_AnalogWatchdogSingleChannelConfig             Libraries\STM32F10x_StdPeriph_Driver\src\stm32f10x_adc.o
ADC_AnalogWatchdogThresholdsConfig                Libraries\STM32F10x_StdPeriph_Driver\src\stm32f10x_adc.o
ADC_AutoInjectedConvCmd                           Libraries\STM32F10x_StdPeriph_Driver\src\stm32f10x_adc.o
ADC_ClearFlag                                     Libraries\STM32F10x_StdPeriph_Driver\src\stm32f10x_adc.o
ADC_ClearITPendingBit                             Libraries\STM32F10x_StdPeriph_Driver\src\stm32f10x_adc.o
ADC_Cmd                                           Libraries\STM32F10x_StdPeriph_Driver\src\stm32f10x_adc.o
ADC_DMACmd                                        Libraries\STM32F10x_StdPeriph_Driver\src\stm32f10x_adc.o
ADC_DeInit                                        Libraries\STM32F10x_StdPeriph_Driver\src\stm32f10x_adc.o
ADC_DiscModeChannelCountConfig                    Libraries\STM32F10x_StdPeriph_Driver\src\stm32f10x_adc.o
ADC_DiscModeCmd                                   Libraries\STM32F10x_StdPeriph_Driver\src\stm32f10x_adc.o
ADC_ExternalTrigConvCmd                           Libraries\STM32F10x_StdPeriph_Driver\src\stm32f10x_adc.o
ADC_ExternalTrigInjectedConvCmd                   Libraries\STM32F10x_StdPeriph_Driver\src\stm32f10x_adc.o
ADC_ExternalTrigInjectedConvConfig                Libraries\STM32F10x_StdPeriph_Driver\src\stm32f10x_adc.o
ADC_GetCalibrationStatus                          Libraries\STM32F10x_StdPeriph_Driver\src\stm32f10x_adc.o
ADC_GetConversionValue                            Libraries\STM32F10x_StdPeriph_Driver\src\stm32f10x_adc.o
ADC_GetDualModeConversionValue                    Libraries\STM32F10x_StdPeriph_Driver\src\stm32f10x_adc.o
ADC_GetFlagStatus                                 Libraries\STM32F10x_StdPeriph_Driver\src\stm32f10x_adc.o
ADC_GetITStatus                                   Libraries\STM32F10x_StdPeriph_Driver\src\stm32f10x_adc.o
ADC_GetInjectedConversionValue                    Libraries\STM32F10x_StdPeriph_Driver\src\stm32f10x_adc.o
ADC_GetResetCalibrationStatus                     Libraries\STM32F10x_StdPeriph_Driver\src\stm32f10x_adc.o
ADC_GetSoftwareStartConvStatus                    Libraries\STM32F10x_StdPeriph_Driver\src\stm32f10x_adc.o
ADC_GetSoftwareStartInjectedConvCmdStatus         Libraries\STM32F10x_StdPeriph_Driver\src\stm32f10x_adc.o
ADC_ITConfig                                      Libraries\STM32F10x_StdPeriph_Driver\src\stm32f10x_adc.o
ADC_Init                                          Libraries\STM32F10x_StdPeriph_Driver\src\stm32f10x_adc.o
ADC_InjectedChannelConfig                         Libraries\STM32F10x_StdPeriph_Driver\src\stm32f10x_adc.o
ADC_InjectedDiscModeCmd                           Libraries\STM32F10x_StdPeriph_Driver\src\stm32f10x_adc.o
ADC_InjectedSequencerLengthConfig                 Libraries\STM32F10x_StdPeriph_Driver\src\stm32f10x_adc.o
ADC_RegularChannelConfig                          Libraries\STM32F10x_StdPeriph_Driver\src\stm32f10x_adc.o
ADC_ResetCalibration                              Libraries\STM32F10x_StdPeriph_Driver\src\stm32f10x_adc.o
ADC_SetInjectedOffset                             Libraries\STM32F10x_StdPeriph_Driver\src\stm32f10x_adc.o
ADC_SoftwareStartConvCmd                          Libraries\STM32F10x_StdPeriph_Driver\src\stm32f10x_adc.o
ADC_SoftwareStartInjectedConvCmd                  Libraries\STM32F10x_StdPeriph_Driver\src\stm32f10x_adc.o
ADC_StartCalibration                              Libraries\STM32F10x_StdPeriph_Driver\src\stm32f10x_adc.o
ADC_StructInit                                    Libraries\STM32F10x_StdPeriph_Driver\src\stm32f10x_adc.o
ADC_TempSensorVrefintCmd                          Libraries\STM32F10x_StdPeriph_Driver\src\stm32f10x_adc.o
AHBPrescTable                                     src\system_stm32f10x.o
BKP_ClearFlag                                     Libraries\STM32F10x_StdPeriph_Driver\src\stm32f10x_bkp.o
BKP_ClearITPendingBit                             Libraries\STM32F10x_StdPeriph_Driver\src\stm32f10x_bkp.o
BKP_DeInit                                        Libraries\STM32F10x_StdPeriph_Driver\src\stm32f10x_bkp.o
BKP_GetFlagStatus                                 Libraries\STM32F10x_StdPeriph_Driver\src\stm32f10x_bkp.o
BKP_GetITStatus                                   Libraries\STM32F10x_StdPeriph_Driver\src\stm32f10x_bkp.o
BKP_ITConfig                                      Libraries\STM32F10x_StdPeriph_Driver\src\stm32f10x_bkp.o
BKP_RTCOutputConfig                               Libraries\STM32F10x_StdPeriph_Driver\src\stm32f10x_bkp.o
BKP_ReadBackupRegister                            Libraries\STM32F10x_StdPeriph_Driver\src\stm32f10x_bkp.o
BKP_SetRTCCalibrationValue                        Libraries\STM32F10x_StdPeriph_Driver\src\stm32f10x_bkp.o
BKP_TamperPinCmd                                  Libraries\STM32F10x_StdPeriph_Driver\src\stm32f10x_bkp.o
BKP_TamperPinLevelConfig                          Libraries\STM32F10x_StdPeriph_Driver\src\stm32f10x_bkp.o
BKP_WriteBackupRegister                           Libraries\STM32F10x_StdPeriph_Driver\src\stm32f10x_bkp.o
BusFault_Handler                                  src\APP\stm32f10x_it.o
CAN1_RX0_IRQHandler                               src\SYSTEM\can.o
CAN1_RX1_IRQHandler                               src\SYSTEM\can.o
CAN1_SCE_IRQHandler                               src\SYSTEM\can.o
CAN1_TX_IRQHandler                                src\SYSTEM\can.o
CAN2_RX0_IRQHandler                               src\SYSTEM\can.o
CAN2_RX1_IRQHandler                               src\SYSTEM\can.o
CAN2_SCE_IRQHandler                               src\SYSTEM\can.o
CAN2_TX_IRQHandler                                src\SYSTEM\can.o
CAN_CancelTransmit                                Libraries\STM32F10x_StdPeriph_Driver\src\stm32f10x_can.o
CAN_ClearFlag                                     Libraries\STM32F10x_StdPeriph_Driver\src\stm32f10x_can.o
CAN_ClearITPendingBit                             Libraries\STM32F10x_StdPeriph_Driver\src\stm32f10x_can.o
                                                  src\SYSTEM\can.o
CAN_DBGFreeze                                     Libraries\STM32F10x_StdPeriph_Driver\src\stm32f10x_can.o
CAN_DeInit                                        Libraries\STM32F10x_StdPeriph_Driver\src\stm32f10x_can.o
CAN_FIFORelease                                   Libraries\STM32F10x_StdPeriph_Driver\src\stm32f10x_can.o
CAN_FilterInit                                    Libraries\STM32F10x_StdPeriph_Driver\src\stm32f10x_can.o
                                                  src\SYSTEM\can.o
CAN_GetFlagStatus                                 Libraries\STM32F10x_StdPeriph_Driver\src\stm32f10x_can.o
CAN_GetITStatus                                   Libraries\STM32F10x_StdPeriph_Driver\src\stm32f10x_can.o
                                                  src\SYSTEM\can.o
CAN_GetLSBTransmitErrorCounter                    Libraries\STM32F10x_StdPeriph_Driver\src\stm32f10x_can.o
CAN_GetLastErrorCode                              Libraries\STM32F10x_StdPeriph_Driver\src\stm32f10x_can.o
CAN_GetReceiveErrorCounter                        Libraries\STM32F10x_StdPeriph_Driver\src\stm32f10x_can.o
CAN_ITConfig                                      Libraries\STM32F10x_StdPeriph_Driver\src\stm32f10x_can.o
                                                  src\SYSTEM\can.o
CAN_Init                                          Libraries\STM32F10x_StdPeriph_Driver\src\stm32f10x_can.o
                                                  src\SYSTEM\can.o
CAN_MessagePending                                Libraries\STM32F10x_StdPeriph_Driver\src\stm32f10x_can.o
CAN_OperatingModeRequest                          Libraries\STM32F10x_StdPeriph_Driver\src\stm32f10x_can.o
CAN_Receive                                       Libraries\STM32F10x_StdPeriph_Driver\src\stm32f10x_can.o
                                                  src\SYSTEM\can.o
CAN_SlaveStartBank                                Libraries\STM32F10x_StdPeriph_Driver\src\stm32f10x_can.o
CAN_Sleep                                         Libraries\STM32F10x_StdPeriph_Driver\src\stm32f10x_can.o
CAN_StructInit                                    Libraries\STM32F10x_StdPeriph_Driver\src\stm32f10x_can.o
CAN_TTComModeCmd                                  Libraries\STM32F10x_StdPeriph_Driver\src\stm32f10x_can.o
CAN_Transmit                                      Libraries\STM32F10x_StdPeriph_Driver\src\stm32f10x_can.o
                                                  src\SYSTEM\can.o
CAN_TransmitStatus                                Libraries\STM32F10x_StdPeriph_Driver\src\stm32f10x_can.o
CAN_WakeUp                                        Libraries\STM32F10x_StdPeriph_Driver\src\stm32f10x_can.o
CEC_ClearFlag                                     Libraries\STM32F10x_StdPeriph_Driver\src\stm32f10x_cec.o
CEC_ClearITPendingBit                             Libraries\STM32F10x_StdPeriph_Driver\src\stm32f10x_cec.o
CEC_Cmd                                           Libraries\STM32F10x_StdPeriph_Driver\src\stm32f10x_cec.o
CEC_DeInit                                        Libraries\STM32F10x_StdPeriph_Driver\src\stm32f10x_cec.o
CEC_EndOfMessageCmd                               Libraries\STM32F10x_StdPeriph_Driver\src\stm32f10x_cec.o
CEC_GetFlagStatus                                 Libraries\STM32F10x_StdPeriph_Driver\src\stm32f10x_cec.o
CEC_GetITStatus                                   Libraries\STM32F10x_StdPeriph_Driver\src\stm32f10x_cec.o
CEC_ITConfig                                      Libraries\STM32F10x_StdPeriph_Driver\src\stm32f10x_cec.o
CEC_Init                                          Libraries\STM32F10x_StdPeriph_Driver\src\stm32f10x_cec.o
CEC_OwnAddressConfig                              Libraries\STM32F10x_StdPeriph_Driver\src\stm32f10x_cec.o
CEC_ReceiveDataByte                               Libraries\STM32F10x_StdPeriph_Driver\src\stm32f10x_cec.o
CEC_SendDataByte                                  Libraries\STM32F10x_StdPeriph_Driver\src\stm32f10x_cec.o
CEC_SetPrescaler                                  Libraries\STM32F10x_StdPeriph_Driver\src\stm32f10x_cec.o
CEC_StartOfMessage                                Libraries\STM32F10x_StdPeriph_Driver\src\stm32f10x_cec.o
CRC_CalcBlockCRC                                  Libraries\STM32F10x_StdPeriph_Driver\src\stm32f10x_crc.o
CRC_CalcCRC                                       Libraries\STM32F10x_StdPeriph_Driver\src\stm32f10x_crc.o
CRC_GetCRC                                        Libraries\STM32F10x_StdPeriph_Driver\src\stm32f10x_crc.o
CRC_GetIDRegister                                 Libraries\STM32F10x_StdPeriph_Driver\src\stm32f10x_crc.o
CRC_ResetDR                                       Libraries\STM32F10x_StdPeriph_Driver\src\stm32f10x_crc.o
CRC_SetIDRegister                                 Libraries\STM32F10x_StdPeriph_Driver\src\stm32f10x_crc.o
CanAppHandler                                     src\APP\CanApp.o
CanAppInit                                        src\APP\CanApp.o
                                                  src\APP\FreeRTOSHook.o
CanAppSendMsg                                     src\APP\CanApp.o
CanDeinit                                         src\SYSTEM\can.o
                                                  src\APP\CanApp.o
CanGet_MSG                                        src\SYSTEM\can.o
                                                  src\APP\CanApp.o
CanInit                                           src\SYSTEM\can.o
                                                  src\APP\CanApp.o
CanSend_MSG                                       src\SYSTEM\can.o
                                                  src\APP\CanApp.o
DAC_Cmd                                           Libraries\STM32F10x_StdPeriph_Driver\src\stm32f10x_dac.o
DAC_DMACmd                                        Libraries\STM32F10x_StdPeriph_Driver\src\stm32f10x_dac.o
DAC_DeInit                                        Libraries\STM32F10x_StdPeriph_Driver\src\stm32f10x_dac.o
DAC_DualSoftwareTriggerCmd                        Libraries\STM32F10x_StdPeriph_Driver\src\stm32f10x_dac.o
DAC_GetDataOutputValue                            Libraries\STM32F10x_StdPeriph_Driver\src\stm32f10x_dac.o
DAC_Init                                          Libraries\STM32F10x_StdPeriph_Driver\src\stm32f10x_dac.o
DAC_SetChannel1Data                               Libraries\STM32F10x_StdPeriph_Driver\src\stm32f10x_dac.o
DAC_SetChannel2Data                               Libraries\STM32F10x_StdPeriph_Driver\src\stm32f10x_dac.o
DAC_SetDualChannelData                            Libraries\STM32F10x_StdPeriph_Driver\src\stm32f10x_dac.o
DAC_SoftwareTriggerCmd                            Libraries\STM32F10x_StdPeriph_Driver\src\stm32f10x_dac.o
DAC_StructInit                                    Libraries\STM32F10x_StdPeriph_Driver\src\stm32f10x_dac.o
DAC_WaveGenerationCmd                             Libraries\STM32F10x_StdPeriph_Driver\src\stm32f10x_dac.o
DBGMCU_Config                                     Libraries\STM32F10x_StdPeriph_Driver\src\stm32f10x_dbgmcu.o
DBGMCU_GetDEVID                                   Libraries\STM32F10x_StdPeriph_Driver\src\stm32f10x_dbgmcu.o
DBGMCU_GetREVID                                   Libraries\STM32F10x_StdPeriph_Driver\src\stm32f10x_dbgmcu.o
DMA1_Channel1_IRQHandler                          src\startup_stm32f10x_cl.o
DMA1_Channel2_IRQHandler                          src\startup_stm32f10x_cl.o
DMA1_Channel3_IRQHandler                          src\startup_stm32f10x_cl.o
DMA1_Channel4_IRQHandler                          src\startup_stm32f10x_cl.o
DMA1_Channel5_IRQHandler                          src\startup_stm32f10x_cl.o
DMA1_Channel6_IRQHandler                          src\startup_stm32f10x_cl.o
DMA1_Channel7_IRQHandler                          src\HARDWARE\ws2812b.o
DMA2_Channel1_IRQHandler                          src\startup_stm32f10x_cl.o
DMA2_Channel2_IRQHandler                          src\startup_stm32f10x_cl.o
DMA2_Channel3_IRQHandler                          src\startup_stm32f10x_cl.o
DMA2_Channel4_IRQHandler                          src\startup_stm32f10x_cl.o
DMA2_Channel5_IRQHandler                          src\startup_stm32f10x_cl.o
DMA_ClearFlag                                     Libraries\STM32F10x_StdPeriph_Driver\src\stm32f10x_dma.o
DMA_ClearITPendingBit                             Libraries\STM32F10x_StdPeriph_Driver\src\stm32f10x_dma.o
                                                  src\HARDWARE\ws2812b.o
DMA_Cmd                                           Libraries\STM32F10x_StdPeriph_Driver\src\stm32f10x_dma.o
                                                  src\HARDWARE\ws2812b.o
DMA_DeInit                                        Libraries\STM32F10x_StdPeriph_Driver\src\stm32f10x_dma.o
DMA_GetCurrDataCounter                            Libraries\STM32F10x_StdPeriph_Driver\src\stm32f10x_dma.o
DMA_GetFlagStatus                                 Libraries\STM32F10x_StdPeriph_Driver\src\stm32f10x_dma.o
DMA_GetITStatus                                   Libraries\STM32F10x_StdPeriph_Driver\src\stm32f10x_dma.o
                                                  src\HARDWARE\ws2812b.o
DMA_ITConfig                                      Libraries\STM32F10x_StdPeriph_Driver\src\stm32f10x_dma.o
                                                  src\HARDWARE\ws2812b.o
DMA_Init                                          Libraries\STM32F10x_StdPeriph_Driver\src\stm32f10x_dma.o
                                                  src\HARDWARE\ws2812b.o
DMA_SetCurrDataCounter                            Libraries\STM32F10x_StdPeriph_Driver\src\stm32f10x_dma.o
                                                  src\HARDWARE\ws2812b.o
DMA_StructInit                                    Libraries\STM32F10x_StdPeriph_Driver\src\stm32f10x_dma.o
DebugMon_Handler                                  src\APP\stm32f10x_it.o
Default_Handler                                   src\startup_stm32f10x_cl.o
Delay_ms                                          src\SYSTEM\delay.o
                                                  src\HARDWARE\eeprom.o
Delay_us                                          src\SYSTEM\delay.o
                                                  src\SYSTEM\iic.o
EE_Read_Byte                                      src\HARDWARE\eeprom.o
EE_Read_Data                                      src\HARDWARE\eeprom.o
EE_Write_Byte                                     src\HARDWARE\eeprom.o
EE_Write_Data                                     src\HARDWARE\eeprom.o
EE_uint_test                                      src\HARDWARE\eeprom.o
ETH_IRQHandler                                    src\startup_stm32f10x_cl.o
ETH_WKUP_IRQHandler                               src\startup_stm32f10x_cl.o
EXTI0_IRQHandler                                  src\startup_stm32f10x_cl.o
EXTI15_10_IRQHandler                              src\startup_stm32f10x_cl.o
EXTI1_IRQHandler                                  src\startup_stm32f10x_cl.o
EXTI2_IRQHandler                                  src\startup_stm32f10x_cl.o
EXTI3_IRQHandler                                  src\startup_stm32f10x_cl.o
EXTI4_IRQHandler                                  src\startup_stm32f10x_cl.o
EXTI9_5_IRQHandler                                src\startup_stm32f10x_cl.o
EXTI_ClearFlag                                    Libraries\STM32F10x_StdPeriph_Driver\src\stm32f10x_exti.o
EXTI_ClearITPendingBit                            Libraries\STM32F10x_StdPeriph_Driver\src\stm32f10x_exti.o
EXTI_DeInit                                       Libraries\STM32F10x_StdPeriph_Driver\src\stm32f10x_exti.o
EXTI_GenerateSWInterrupt                          Libraries\STM32F10x_StdPeriph_Driver\src\stm32f10x_exti.o
EXTI_GetFlagStatus                                Libraries\STM32F10x_StdPeriph_Driver\src\stm32f10x_exti.o
EXTI_GetITStatus                                  Libraries\STM32F10x_StdPeriph_Driver\src\stm32f10x_exti.o
EXTI_Init                                         Libraries\STM32F10x_StdPeriph_Driver\src\stm32f10x_exti.o
EXTI_StructInit                                   Libraries\STM32F10x_StdPeriph_Driver\src\stm32f10x_exti.o
FLASH_ClearFlag                                   Libraries\STM32F10x_StdPeriph_Driver\src\stm32f10x_flash.o
FLASH_EnableWriteProtection                       Libraries\STM32F10x_StdPeriph_Driver\src\stm32f10x_flash.o
FLASH_EraseAllBank1Pages                          Libraries\STM32F10x_StdPeriph_Driver\src\stm32f10x_flash.o
FLASH_EraseAllPages                               Libraries\STM32F10x_StdPeriph_Driver\src\stm32f10x_flash.o
FLASH_EraseOptionBytes                            Libraries\STM32F10x_StdPeriph_Driver\src\stm32f10x_flash.o
FLASH_ErasePage                                   Libraries\STM32F10x_StdPeriph_Driver\src\stm32f10x_flash.o
FLASH_GetBank1Status                              Libraries\STM32F10x_StdPeriph_Driver\src\stm32f10x_flash.o
FLASH_GetFlagStatus                               Libraries\STM32F10x_StdPeriph_Driver\src\stm32f10x_flash.o
FLASH_GetPrefetchBufferStatus                     Libraries\STM32F10x_StdPeriph_Driver\src\stm32f10x_flash.o
FLASH_GetReadOutProtectionStatus                  Libraries\STM32F10x_StdPeriph_Driver\src\stm32f10x_flash.o
FLASH_GetStatus                                   Libraries\STM32F10x_StdPeriph_Driver\src\stm32f10x_flash.o
FLASH_GetUserOptionByte                           Libraries\STM32F10x_StdPeriph_Driver\src\stm32f10x_flash.o
FLASH_GetWriteProtectionOptionByte                Libraries\STM32F10x_StdPeriph_Driver\src\stm32f10x_flash.o
FLASH_HalfCycleAccessCmd                          Libraries\STM32F10x_StdPeriph_Driver\src\stm32f10x_flash.o
FLASH_IRQHandler                                  src\startup_stm32f10x_cl.o
FLASH_ITConfig                                    Libraries\STM32F10x_StdPeriph_Driver\src\stm32f10x_flash.o
FLASH_Lock                                        Libraries\STM32F10x_StdPeriph_Driver\src\stm32f10x_flash.o
FLASH_LockBank1                                   Libraries\STM32F10x_StdPeriph_Driver\src\stm32f10x_flash.o
FLASH_PrefetchBufferCmd                           Libraries\STM32F10x_StdPeriph_Driver\src\stm32f10x_flash.o
FLASH_ProgramHalfWord                             Libraries\STM32F10x_StdPeriph_Driver\src\stm32f10x_flash.o
FLASH_ProgramOptionByteData                       Libraries\STM32F10x_StdPeriph_Driver\src\stm32f10x_flash.o
FLASH_ProgramWord                                 Libraries\STM32F10x_StdPeriph_Driver\src\stm32f10x_flash.o
FLASH_ReadOutProtection                           Libraries\STM32F10x_StdPeriph_Driver\src\stm32f10x_flash.o
FLASH_SetLatency                                  Libraries\STM32F10x_StdPeriph_Driver\src\stm32f10x_flash.o
FLASH_Unlock                                      Libraries\STM32F10x_StdPeriph_Driver\src\stm32f10x_flash.o
FLASH_UnlockBank1                                 Libraries\STM32F10x_StdPeriph_Driver\src\stm32f10x_flash.o
FLASH_UserOptionByteConfig                        Libraries\STM32F10x_StdPeriph_Driver\src\stm32f10x_flash.o
FLASH_WaitForLastBank1Operation                   Libraries\STM32F10x_StdPeriph_Driver\src\stm32f10x_flash.o
FLASH_WaitForLastOperation                        Libraries\STM32F10x_StdPeriph_Driver\src\stm32f10x_flash.o
FSMC_ClearFlag                                    Libraries\STM32F10x_StdPeriph_Driver\src\stm32f10x_fsmc.o
FSMC_ClearITPendingBit                            Libraries\STM32F10x_StdPeriph_Driver\src\stm32f10x_fsmc.o
FSMC_GetECC                                       Libraries\STM32F10x_StdPeriph_Driver\src\stm32f10x_fsmc.o
FSMC_GetFlagStatus                                Libraries\STM32F10x_StdPeriph_Driver\src\stm32f10x_fsmc.o
FSMC_GetITStatus                                  Libraries\STM32F10x_StdPeriph_Driver\src\stm32f10x_fsmc.o
FSMC_ITConfig                                     Libraries\STM32F10x_StdPeriph_Driver\src\stm32f10x_fsmc.o
FSMC_NANDCmd                                      Libraries\STM32F10x_StdPeriph_Driver\src\stm32f10x_fsmc.o
FSMC_NANDDeInit                                   Libraries\STM32F10x_StdPeriph_Driver\src\stm32f10x_fsmc.o
FSMC_NANDECCCmd                                   Libraries\STM32F10x_StdPeriph_Driver\src\stm32f10x_fsmc.o
FSMC_NANDInit                                     Libraries\STM32F10x_StdPeriph_Driver\src\stm32f10x_fsmc.o
FSMC_NANDStructInit                               Libraries\STM32F10x_StdPeriph_Driver\src\stm32f10x_fsmc.o
FSMC_NORSRAMCmd                                   Libraries\STM32F10x_StdPeriph_Driver\src\stm32f10x_fsmc.o
FSMC_NORSRAMDeInit                                Libraries\STM32F10x_StdPeriph_Driver\src\stm32f10x_fsmc.o
FSMC_NORSRAMInit                                  Libraries\STM32F10x_StdPeriph_Driver\src\stm32f10x_fsmc.o
FSMC_NORSRAMStructInit                            Libraries\STM32F10x_StdPeriph_Driver\src\stm32f10x_fsmc.o
FSMC_PCCARDCmd                                    Libraries\STM32F10x_StdPeriph_Driver\src\stm32f10x_fsmc.o
FSMC_PCCARDDeInit                                 Libraries\STM32F10x_StdPeriph_Driver\src\stm32f10x_fsmc.o
FSMC_PCCARDInit                                   Libraries\STM32F10x_StdPeriph_Driver\src\stm32f10x_fsmc.o
FSMC_PCCARDStructInit                             Libraries\STM32F10x_StdPeriph_Driver\src\stm32f10x_fsmc.o
GPIO_AFIODeInit                                   Libraries\STM32F10x_StdPeriph_Driver\src\stm32f10x_gpio.o
GPIO_DeInit                                       Libraries\STM32F10x_StdPeriph_Driver\src\stm32f10x_gpio.o
GPIO_ETH_MediaInterfaceConfig                     Libraries\STM32F10x_StdPeriph_Driver\src\stm32f10x_gpio.o
GPIO_EXTILineConfig                               Libraries\STM32F10x_StdPeriph_Driver\src\stm32f10x_gpio.o
GPIO_EventOutputCmd                               Libraries\STM32F10x_StdPeriph_Driver\src\stm32f10x_gpio.o
GPIO_EventOutputConfig                            Libraries\STM32F10x_StdPeriph_Driver\src\stm32f10x_gpio.o
GPIO_Init                                         Libraries\STM32F10x_StdPeriph_Driver\src\stm32f10x_gpio.o
                                                  src\SYSTEM\iic.o
                                                  src\SYSTEM\gpioInit.o
                                                  src\HARDWARE\led.o
GPIO_PinLockConfig                                Libraries\STM32F10x_StdPeriph_Driver\src\stm32f10x_gpio.o
GPIO_PinRemapConfig                               Libraries\STM32F10x_StdPeriph_Driver\src\stm32f10x_gpio.o
                                                  src\SYSTEM\gpioInit.o
GPIO_ReadInputData                                Libraries\STM32F10x_StdPeriph_Driver\src\stm32f10x_gpio.o
GPIO_ReadInputDataBit                             Libraries\STM32F10x_StdPeriph_Driver\src\stm32f10x_gpio.o
                                                  src\HARDWARE\at24qtxx.o
GPIO_ReadOutputData                               Libraries\STM32F10x_StdPeriph_Driver\src\stm32f10x_gpio.o
GPIO_ReadOutputDataBit                            Libraries\STM32F10x_StdPeriph_Driver\src\stm32f10x_gpio.o
GPIO_ResetBits                                    Libraries\STM32F10x_StdPeriph_Driver\src\stm32f10x_gpio.o
GPIO_SetBits                                      Libraries\STM32F10x_StdPeriph_Driver\src\stm32f10x_gpio.o
                                                  src\SYSTEM\iic.o
                                                  src\SYSTEM\gpioInit.o
                                                  src\HARDWARE\led.o
GPIO_StructInit                                   Libraries\STM32F10x_StdPeriph_Driver\src\stm32f10x_gpio.o
GPIO_Write                                        Libraries\STM32F10x_StdPeriph_Driver\src\stm32f10x_gpio.o
GPIO_WriteBit                                     Libraries\STM32F10x_StdPeriph_Driver\src\stm32f10x_gpio.o
HSV2RGB                                           src\HARDWARE\bitmap.o
                                                  src\HARDWARE\ws2812b.o
HardFault_Handler                                 src\APP\stm32f10x_it.o
I2C1_ER_IRQHandler                                src\startup_stm32f10x_cl.o
I2C1_EV_IRQHandler                                src\startup_stm32f10x_cl.o
I2C2_ER_IRQHandler                                src\startup_stm32f10x_cl.o
I2C2_EV_IRQHandler                                src\startup_stm32f10x_cl.o
I2C_ARPCmd                                        Libraries\STM32F10x_StdPeriph_Driver\src\stm32f10x_i2c.o
I2C_AcknowledgeConfig                             Libraries\STM32F10x_StdPeriph_Driver\src\stm32f10x_i2c.o
I2C_CalculatePEC                                  Libraries\STM32F10x_StdPeriph_Driver\src\stm32f10x_i2c.o
I2C_CheckEvent                                    Libraries\STM32F10x_StdPeriph_Driver\src\stm32f10x_i2c.o
I2C_ClearFlag                                     Libraries\STM32F10x_StdPeriph_Driver\src\stm32f10x_i2c.o
I2C_ClearITPendingBit                             Libraries\STM32F10x_StdPeriph_Driver\src\stm32f10x_i2c.o
I2C_Cmd                                           Libraries\STM32F10x_StdPeriph_Driver\src\stm32f10x_i2c.o
I2C_DMACmd                                        Libraries\STM32F10x_StdPeriph_Driver\src\stm32f10x_i2c.o
I2C_DMALastTransferCmd                            Libraries\STM32F10x_StdPeriph_Driver\src\stm32f10x_i2c.o
I2C_DeInit                                        Libraries\STM32F10x_StdPeriph_Driver\src\stm32f10x_i2c.o
I2C_DualAddressCmd                                Libraries\STM32F10x_StdPeriph_Driver\src\stm32f10x_i2c.o
I2C_FastModeDutyCycleConfig                       Libraries\STM32F10x_StdPeriph_Driver\src\stm32f10x_i2c.o
I2C_GeneralCallCmd                                Libraries\STM32F10x_StdPeriph_Driver\src\stm32f10x_i2c.o
I2C_GenerateSTART                                 Libraries\STM32F10x_StdPeriph_Driver\src\stm32f10x_i2c.o
I2C_GenerateSTOP                                  Libraries\STM32F10x_StdPeriph_Driver\src\stm32f10x_i2c.o
I2C_GetFlagStatus                                 Libraries\STM32F10x_StdPeriph_Driver\src\stm32f10x_i2c.o
I2C_GetITStatus                                   Libraries\STM32F10x_StdPeriph_Driver\src\stm32f10x_i2c.o
I2C_GetLastEvent                                  Libraries\STM32F10x_StdPeriph_Driver\src\stm32f10x_i2c.o
I2C_GetPEC                                        Libraries\STM32F10x_StdPeriph_Driver\src\stm32f10x_i2c.o
I2C_ITConfig                                      Libraries\STM32F10x_StdPeriph_Driver\src\stm32f10x_i2c.o
I2C_Init                                          Libraries\STM32F10x_StdPeriph_Driver\src\stm32f10x_i2c.o
I2C_NACKPositionConfig                            Libraries\STM32F10x_StdPeriph_Driver\src\stm32f10x_i2c.o
I2C_OwnAddress2Config                             Libraries\STM32F10x_StdPeriph_Driver\src\stm32f10x_i2c.o
I2C_PECPositionConfig                             Libraries\STM32F10x_StdPeriph_Driver\src\stm32f10x_i2c.o
I2C_ReadRegister                                  Libraries\STM32F10x_StdPeriph_Driver\src\stm32f10x_i2c.o
I2C_ReceiveData                                   Libraries\STM32F10x_StdPeriph_Driver\src\stm32f10x_i2c.o
I2C_SMBusAlertConfig                              Libraries\STM32F10x_StdPeriph_Driver\src\stm32f10x_i2c.o
I2C_Send7bitAddress                               Libraries\STM32F10x_StdPeriph_Driver\src\stm32f10x_i2c.o
I2C_SendData                                      Libraries\STM32F10x_StdPeriph_Driver\src\stm32f10x_i2c.o
I2C_SoftwareResetCmd                              Libraries\STM32F10x_StdPeriph_Driver\src\stm32f10x_i2c.o
I2C_StretchClockCmd                               Libraries\STM32F10x_StdPeriph_Driver\src\stm32f10x_i2c.o
I2C_StructInit                                    Libraries\STM32F10x_StdPeriph_Driver\src\stm32f10x_i2c.o
I2C_TransmitPEC                                   Libraries\STM32F10x_StdPeriph_Driver\src\stm32f10x_i2c.o
I2S_Cmd                                           Libraries\STM32F10x_StdPeriph_Driver\src\stm32f10x_spi.o
I2S_Init                                          Libraries\STM32F10x_StdPeriph_Driver\src\stm32f10x_spi.o
I2S_StructInit                                    Libraries\STM32F10x_StdPeriph_Driver\src\stm32f10x_spi.o
IIC_Ack                                           src\SYSTEM\iic.o
IIC_Init                                          src\SYSTEM\iic.o
IIC_NAck                                          src\SYSTEM\iic.o
IIC_Read_Byte                                     src\SYSTEM\iic.o
                                                  src\HARDWARE\eeprom.o
IIC_Send_Byte                                     src\SYSTEM\iic.o
                                                  src\HARDWARE\eeprom.o
IIC_Start                                         src\SYSTEM\iic.o
                                                  src\HARDWARE\eeprom.o
IIC_Stop                                          src\SYSTEM\iic.o
                                                  src\HARDWARE\eeprom.o
IIC_Wait_Ack                                      src\SYSTEM\iic.o
                                                  src\HARDWARE\eeprom.o
INTX_DISABLE                                      src\SYSTEM\sys.o
INTX_ENABLE                                       src\SYSTEM\sys.o
IWDG_Enable                                       Libraries\STM32F10x_StdPeriph_Driver\src\stm32f10x_iwdg.o
                                                  src\SYSTEM\iwdog.o
IWDG_GetFlagStatus                                Libraries\STM32F10x_StdPeriph_Driver\src\stm32f10x_iwdg.o
IWDG_ReloadCounter                                Libraries\STM32F10x_StdPeriph_Driver\src\stm32f10x_iwdg.o
                                                  src\SYSTEM\iwdog.o
IWDG_SetPrescaler                                 Libraries\STM32F10x_StdPeriph_Driver\src\stm32f10x_iwdg.o
                                                  src\SYSTEM\iwdog.o
IWDG_SetReload                                    Libraries\STM32F10x_StdPeriph_Driver\src\stm32f10x_iwdg.o
                                                  src\SYSTEM\iwdog.o
IWDG_WriteAccessCmd                               Libraries\STM32F10x_StdPeriph_Driver\src\stm32f10x_iwdg.o
                                                  src\SYSTEM\iwdog.o
IWdog_Feed                                        src\SYSTEM\iwdog.o
IWdog_Init                                        src\SYSTEM\iwdog.o
LED_Init                                          src\HARDWARE\led.o
LsiFreq                                           src\SYSTEM\iwdog.o
MSR_MSP                                           src\SYSTEM\sys.o
MemManage_Handler                                 src\APP\stm32f10x_it.o
NMI_Handler                                       src\APP\stm32f10x_it.o
NVIC_Init                                         Libraries\STM32F10x_StdPeriph_Driver\src\misc.o
                                                  src\SYSTEM\can.o
                                                  src\HARDWARE\ws2812b.o
NVIC_PriorityGroupConfig                          Libraries\STM32F10x_StdPeriph_Driver\src\misc.o
NVIC_SetVectorTable                               Libraries\STM32F10x_StdPeriph_Driver\src\misc.o
NVIC_SystemLPConfig                               Libraries\STM32F10x_StdPeriph_Driver\src\misc.o
OTG_FS_IRQHandler                                 src\startup_stm32f10x_cl.o
OTG_FS_WKUP_IRQHandler                            src\startup_stm32f10x_cl.o
PVD_IRQHandler                                    src\startup_stm32f10x_cl.o
PWR_BackupAccessCmd                               Libraries\STM32F10x_StdPeriph_Driver\src\stm32f10x_pwr.o
PWR_ClearFlag                                     Libraries\STM32F10x_StdPeriph_Driver\src\stm32f10x_pwr.o
PWR_DeInit                                        Libraries\STM32F10x_StdPeriph_Driver\src\stm32f10x_pwr.o
PWR_EnterSTANDBYMode                              Libraries\STM32F10x_StdPeriph_Driver\src\stm32f10x_pwr.o
PWR_EnterSTOPMode                                 Libraries\STM32F10x_StdPeriph_Driver\src\stm32f10x_pwr.o