queue.c:247:12:xQueueGenericReset	24	static
queue.c:358:16:xQueueGenericCreate	48	static
queue.c:408:13:prvInitialiseNewQueue	24	static
queue.c:725:12:xQueueGenericSend	48	static
queue.c:923:12:xQueueGenericSendFromISR	56	static
queue.c:1074:12:xQueueGiveFromISR	48	static
queue.c:1239:12:xQueueReceive	48	static
queue.c:1381:12:xQueueSemaphoreTake	40	static
queue.c:1600:12:xQueuePeek	48	static
queue.c:1750:12:xQueueReceiveFromISR	56	static
queue.c:1841:12:xQueuePeekFromISR	48	static
queue.c:1895:13:uxQueueMessagesWaiting	24	static
queue.c:1911:13:uxQueueSpacesAvailable	24	static
queue.c:1929:13:uxQueueMessagesWaitingFromISR	24	static
queue.c:1941:6:vQueueDelete	24	static
queue.c:2040:19:prvCopyDataToQueue	32	static
queue.c:2119:13:prvCopyDataFromQueue	16	static
queue.c:2137:13:prvUnlockQueue	24	static
queue.c:2257:19:prvIsQueueEmpty	24	static
queue.c:2278:12:xQueueIsQueueEmptyFromISR	24	static
queue.c:2296:19:prvIsQueueFull	24	static
queue.c:2317:12:xQueueIsQueueFullFromISR	24	static
queue.c:2701:7:vQueueWaitForMessageRestricted	32	static
